Archive member included to satisfy reference by file (symbol)

/opt/devkitpro/libnds/lib/libnds9.a(console.o)
                              main.o (consoleDemoInit)
/opt/devkitpro/libnds/lib/libnds9.a(keys.o)
                              main.o (scanKeys)
/opt/devkitpro/libnds/lib/libnds9.a(default_font.bin.o)
                              /opt/devkitpro/libnds/lib/libnds9.a(console.o) (default_font_bin)
/opt/devkitpro/libnds/lib/libnds9.a(background.o)
                              /opt/devkitpro/libnds/lib/libnds9.a(console.o) (bgState)
/opt/devkitpro/libnds/lib/libnds9.a(trig.o)
                              /opt/devkitpro/libnds/lib/libnds9.a(background.o) (sinLerp)
/opt/devkitpro/calico/lib/libcalico_ds9.a(irq.o)
                              main.o (irqSet)
/opt/devkitpro/calico/lib/libcalico_ds9.a(thread_cold.o)
                              main.o (threadIrqWait)
/opt/devkitpro/calico/lib/libcalico_ds9.a(thread_hot.32.o)
                              /opt/devkitpro/calico/lib/libcalico_ds9.a(thread_cold.o) (threadSwitchTo)
/opt/devkitpro/calico/lib/libcalico_ds9.a(mutex.o)
                              /opt/devkitpro/calico/lib/libcalico_ds9.a(thread_cold.o) (threadUpdateDynamicPrio)
/opt/devkitpro/calico/lib/libcalico_ds9.a(arm-copy-fill.32.o)
                              /opt/devkitpro/calico/lib/libcalico_ds9.a(thread_cold.o) (armCopyMem32)
/opt/devkitpro/calico/lib/libcalico_ds9.a(arm-context.32.o)
                              /opt/devkitpro/calico/lib/libcalico_ds9.a(thread_hot.32.o) (armContextSave)
/opt/devkitpro/calico/lib/libcalico_ds9.a(arm-shims.32.o)
                              /opt/devkitpro/calico/lib/libcalico_ds9.a(thread_cold.o) (armWaitForIrq)
/opt/devkitpro/calico/lib/libcalico_ds9.a(keypad.o)
                              /opt/devkitpro/libnds/lib/libnds9.a(keys.o) (keypadGetState)
/opt/devkitpro/calico/lib/libcalico_ds9.a(pm.o)
                              main.o (pmMainLoop)
/opt/devkitpro/calico/lib/libcalico_ds9.a(bootstub_arm9.o)
                              (__ds9_bootstub)
/opt/devkitpro/calico/lib/libcalico_ds9.a(excpt_handler.32.o)
                              /opt/devkitpro/calico/lib/libcalico_ds9.a(bootstub_arm9.o) (__arm_excpt_rst)
/opt/devkitpro/calico/lib/libcalico_ds9.a(touch.o)
                              /opt/devkitpro/libnds/lib/libnds9.a(keys.o) (touchRead)
/opt/devkitpro/calico/lib/libcalico_ds9.a(tick.o)
                              /opt/devkitpro/calico/lib/libcalico_ds9.a(thread_cold.o) (tickTaskStart)
/opt/devkitpro/calico/lib/libcalico_ds9.a(mailbox.o)
                              /opt/devkitpro/calico/lib/libcalico_ds9.a(pm.o) (mailboxRecv)
/opt/devkitpro/calico/lib/libcalico_ds9.a(newlib_syscalls.o)
                              /opt/devkitpro/calico/lib/libcalico_ds9.a(bootstub_arm9.o) (__newlib_syscalls)
/opt/devkitpro/calico/lib/libcalico_ds9.a(arm-cache.32.o)
                              /opt/devkitpro/calico/lib/libcalico_ds9.a(pm.o) (armDCacheFlushAll)
/opt/devkitpro/calico/lib/libcalico_ds9.a(startup.crt0.o)
                              /opt/devkitpro/calico/lib/libcalico_ds9.a(bootstub_arm9.o) (crt0Startup)
/opt/devkitpro/calico/lib/libcalico_ds9.a(utils.crt0.o)
                              /opt/devkitpro/calico/lib/libcalico_ds9.a(startup.crt0.o) (crt0CopyMem32)
/opt/devkitpro/calico/lib/libcalico_ds9.a(irq_handler.32.o)
                              /opt/devkitpro/calico/lib/libcalico_ds9.a(bootstub_arm9.o) (__arm_excpt_irq)
/opt/devkitpro/calico/lib/libcalico_ds9.a(pxi.o)
                              /opt/devkitpro/calico/lib/libcalico_ds9.a(startup.crt0.o) (_pxiInit)
/opt/devkitpro/calico/lib/libcalico_ds9.a(mpu_setup.crt0.o)
                              /opt/devkitpro/calico/lib/libcalico_ds9.a(startup.crt0.o) (crt0SetupMPU)
/opt/devkitpro/calico/lib/libcalico_ds9.a(sys_startup.o)
                              /opt/devkitpro/calico/lib/libcalico_ds9.a(startup.crt0.o) (systemStartup)
/opt/devkitpro/devkitARM/lib/gcc/arm-none-eabi/16.1.0/thumb/libgcc.a(_divsi3.o)
                              /opt/devkitpro/libnds/lib/libnds9.a(console.o) (__aeabi_idivmod)
/opt/devkitpro/devkitARM/lib/gcc/arm-none-eabi/16.1.0/thumb/libgcc.a(_dvmd_tls.o)
                              /opt/devkitpro/devkitARM/lib/gcc/arm-none-eabi/16.1.0/thumb/libgcc.a(_divsi3.o) (__aeabi_idiv0)
/opt/devkitpro/devkitARM/lib/gcc/arm-none-eabi/16.1.0/thumb/libgcc.a(_aeabi_uldivmod.o)
                              /opt/devkitpro/calico/lib/libcalico_ds9.a(newlib_syscalls.o) (__aeabi_uldivmod)
/opt/devkitpro/devkitARM/lib/gcc/arm-none-eabi/16.1.0/thumb/libgcc.a(_sync_none.o)
                              (__sync_synchronize_none)
/opt/devkitpro/devkitARM/lib/gcc/arm-none-eabi/16.1.0/thumb/libgcc.a(_udivmoddi4.o)
                              /opt/devkitpro/devkitARM/lib/gcc/arm-none-eabi/16.1.0/thumb/libgcc.a(_aeabi_uldivmod.o) (__udivmoddi4)
/opt/devkitpro/devkitARM/lib/gcc/arm-none-eabi/16.1.0/thumb/libgcc.a(_clzdi2.o)
[...]
Memory Configuration

Name             Origin             Length             Attributes
lma9             0x02004000         0x0027c000
lma9i            0x02400000         0x00280000
vectors          0x00000000         0x00000020
itcm             0x01ff8020         0x00007fe0
main             0x02001000         0x00f7f000
dtcm             0x02ff0000         0x00003e80
dldi             0x0380b000         0x00004000
stub             0x0e000000         0x00004000
tls              0x00000000         0x00000400
*default*        0x00000000         0xffffffff

Linker script and memory map

                0x00000000                        __sync_synchronize = __sync_synchronize_none
LOAD /opt/devkitpro/devkitARM/lib/gcc/arm-none-eabi/16.1.0/thumb/crti.o
LOAD /opt/devkitpro/devkitARM/lib/gcc/arm-none-eabi/16.1.0/thumb/crtbegin.o
LOAD main.o
LOAD /opt/devkitpro/libnds/lib/libnds9.a
LOAD /opt/devkitpro/calico/lib/libcalico_ds9.a
LOAD /opt/devkitpro/devkitARM/lib/gcc/arm-none-eabi/16.1.0/../../../../arm-none-eabi/lib/thumb/libstdc++.a
LOAD /opt/devkitpro/devkitARM/lib/gcc/arm-none-eabi/16.1.0/../../../../arm-none-eabi/lib/thumb/libm.a
START GROUP
LOAD /opt/devkitpro/devkitARM/lib/gcc/arm-none-eabi/16.1.0/thumb/libgcc.a
LOAD /opt/devkitpro/devkitARM/lib/gcc/arm-none-eabi/16.1.0/../../../../arm-none-eabi/lib/thumb/libg.a
LOAD /opt/devkitpro/devkitARM/lib/gcc/arm-none-eabi/16.1.0/../../../../arm-none-eabi/lib/thumb/libc.a
LOAD /opt/devkitpro/devkitARM/lib/gcc/arm-none-eabi/16.1.0/../../../../arm-none-eabi/lib/thumb/libsysbase.a
END GROUP
LOAD /opt/devkitpro/devkitARM/lib/gcc/arm-none-eabi/16.1.0/thumb/crtend.o
LOAD /opt/devkitpro/devkitARM/lib/gcc/arm-none-eabi/16.1.0/thumb/crtn.o
                0x02ff3e80                        PROVIDE (__sp_usr = (ORIGIN (dtcm) + LENGTH (dtcm)))
                0x02ff3f80                        PROVIDE (__sp_irq = (__sp_usr + 0x100))
                0x02ff3fc0                        PROVIDE (__sp_svc = (__sp_irq + 0x40))
                0x02ff3ff8                        PROVIDE (__irq_flags = (__sp_svc + 0x38))
                [!provide]                        PROVIDE (__irq_vector = (__sp_svc + 0x3c))
                [!provide]                        PROVIDE (__arm_excpt_rst = 0xffff0000)
                [!provide]                        PROVIDE (__arm_excpt_und = 0xffff0004)
                0xffff0008                        PROVIDE (__arm_excpt_svc = 0xffff0008)
                [!provide]                        PROVIDE (__arm_excpt_pabt = 0xffff000c)
                [!provide]                        PROVIDE (__arm_excpt_dabt = 0xffff0010)
                [!provide]                        PROVIDE (__arm_excpt_irq = 0xffff0018)
                [!provide]                        PROVIDE (__arm_excpt_fiq = 0xffff001c)
                0x00000000                        PROVIDE (__end__ = 0x0)

.secure         0x0e000000      0x800 load address 0x02004000
                0x0e0007fc                        . = (. + 0x7fc)
 *fill*         0x0e000000      0x7fc 00000000
                0x0e0007fc        0x4 LONG 0x0

.bootstub       0x0e000800      0x198 load address 0x02004800
 *(.bootstub .bootstub.*)
 .bootstub.__ds9_bootstub
                0x0e000800      0x198 /opt/devkitpro/calico/lib/libcalico_ds9.a(bootstub_arm9.o)
                0x0e000800                __ds9_bootstub
                0x0e000998                        . = ALIGN (0x4)

.crt0           0x02001000      0x3c0 load address 0x02004998
 *(.crt0 .crt0.*)
 .crt0.__ds9_bootstub_trampoline
                0x02001000       0x60 /opt/devkitpro/calico/lib/libcalico_ds9.a(bootstub_arm9.o)
 *.crt0.*(.text .stub .text.* .gnu.linkonce.t.*)
 .text.crt0ProcessLoadList
                0x02001060       0x74 /opt/devkitpro/calico/lib/libcalico_ds9.a(startup.crt0.o)
                0x02001060                crt0ProcessLoadList
 .text.crt0Startup
                0x020010d4      0x180 /opt/devkitpro/calico/lib/libcalico_ds9.a(startup.crt0.o)
                0x020010d4                crt0Startup
 .text.crt0CopyMem32
                0x02001254       0x4c /opt/devkitpro/calico/lib/libcalico_ds9.a(utils.crt0.o)
                0x02001254                crt0CopyMem32
 .text.crt0FillMem32
                0x020012a0       0x58 /opt/devkitpro/calico/lib/libcalico_ds9.a(utils.crt0.o)
                0x020012a0                crt0FillMem32
 .text.crt0SetupMPU
                0x020012f8       0xb4 /opt/devkitpro/calico/lib/libcalico_ds9.a(mpu_setup.crt0.o)
                0x020012f8                crt0SetupMPU
 *.crt0.*(.glue_7t .glue_7 .vfp11_veneer .v4_bx)
 *.crt0.*(.rodata .rodata.* .gnu.linkonce.r.*)
 *.crt0.*(.rodata1)
                0x020013c0                        . = ALIGN (0x20)
 *fill*         0x020013ac       0x14 ff
                0x02004998                        PROVIDE (__crt0_lma = LOADADDR (.crt0))
                0x02001000                        PROVIDE (__crt0_start = ADDR (.crt0))
                0x020013c0                        PROVIDE (__crt0_end = (ADDR (.crt0) + SIZEOF (.crt0)))
                0x00000001                        ASSERT (((__crt0_end <= LOADADDR (.bootstub)) || (__crt0_start >= (LOADADDR (.bootstub) + SIZEOF (.bootstub)))), Error: crt0 section overlaps initial bootstrap)

.dldi           0x0380b000        0x0 load address 0x02004d58
 *(.dldi)
                0x00000000                        PROVIDE (__dldi_lma = SIZEOF (.dldi)?LOADADDR (.dldi):0x0)

.vectors        0x00000000       0x20 load address 0x02004d58
 *(.vectors)
 .vectors       0x00000000       0x20 /opt/devkitpro/calico/lib/libcalico_ds9.a(bootstub_arm9.o)

.itcm           0x01ff8020      0x644 load address 0x02004d78
 *(.itcm .itcm.*)
 .itcm          0x01ff8020       0x30 /opt/devkitpro/calico/lib/libcalico_ds9.a(bootstub_arm9.o)
                0x01ff8038                __excpt_vectors
 *.itcm.*(.text .stub .text.* .gnu.linkonce.t.*)
 *.32.o(.text .stub .text.* .gnu.linkonce.t.*)
 .text.threadSwitchTo
                0x01ff8050       0x7c /opt/devkitpro/calico/lib/libcalico_ds9.a(thread_hot.32.o)
                0x01ff8050                threadSwitchTo
 .text.threadBlock
                0x01ff80cc       0xd4 /opt/devkitpro/calico/lib/libcalico_ds9.a(thread_hot.32.o)
                0x01ff80cc                threadBlock
 .text.threadUnblockOneByValue
                0x01ff81a0       0xd4 /opt/devkitpro/calico/lib/libcalico_ds9.a(thread_hot.32.o)
                0x01ff81a0                threadUnblockOneByValue
 .text.threadUnblockAllByValue
                0x01ff8274      0x138 /opt/devkitpro/calico/lib/libcalico_ds9.a(thread_hot.32.o)
                0x01ff8274                threadUnblockAllByValue
 .text.threadUnblockAllByMask
                0x01ff83ac       0xf0 /opt/devkitpro/calico/lib/libcalico_ds9.a(thread_hot.32.o)
                0x01ff83ac                threadUnblockAllByMask
 .text.armContextSave
                0x01ff849c       0x2c /opt/devkitpro/calico/lib/libcalico_ds9.a(arm-context.32.o)
                0x01ff849c                armContextSave
 .text.armContextLoad
                0x01ff84c8       0x20 /opt/devkitpro/calico/lib/libcalico_ds9.a(arm-context.32.o)
                0x01ff84c8                armContextLoad
                0x01ff84cc                armContextLoadFromSvc
 .text.armWaitForIrq
                0x01ff84e8        0x8 /opt/devkitpro/calico/lib/libcalico_ds9.a(arm-shims.32.o)
                0x01ff84e8                armWaitForIrq
 .text.__excpt_entry
                0x01ff84f0       0x50 /opt/devkitpro/calico/lib/libcalico_ds9.a(excpt_handler.32.o)
                0x01ff84f0                __arm_excpt_rst
                0x01ff84f4                __arm_excpt_pabt
                0x01ff84f8                __arm_excpt_und
                0x01ff8504                __arm_excpt_dabt
 .text.armDrainWriteBuffer
                0x01ff8540        0xc /opt/devkitpro/calico/lib/libcalico_ds9.a(arm-cache.32.o)
                0x01ff8540                armDrainWriteBuffer
 .text.armDCacheFlushAll
                0x01ff854c       0x28 /opt/devkitpro/calico/lib/libcalico_ds9.a(arm-cache.32.o)
                0x01ff854c                armDCacheFlushAll
 .text.armICacheInvalidateAll
                0x01ff8574        0xc /opt/devkitpro/calico/lib/libcalico_ds9.a(arm-cache.32.o)
                0x01ff8574                armICacheInvalidateAll
 .text.__arm_excpt_irq
                0x01ff8580       0xe4 /opt/devkitpro/calico/lib/libcalico_ds9.a(irq_handler.32.o)
                0x01ff8580                __arm_excpt_irq
 *.itcm.*(.glue_7t .glue_7 .vfp11_veneer .v4_bx)
 *.32.o(.glue_7t .glue_7 .vfp11_veneer .v4_bx)
 *.itcm.*(.rodata .rodata.* .gnu.linkonce.r.*)
 *.32.o(.rodata .rodata.* .gnu.linkonce.r.*)
 *.itcm.*(.rodata1)
 *.32.o(.rodata1)
                0x01ff8664                        . = ALIGN (0x4)
                0x02004d58                        PROVIDE (__itcm_lma = LOADADDR (.vectors))
                0x01ff8000                        PROVIDE (__itcm_start = (ADDR (.itcm) - SIZEOF (.vectors)))
                0x01ff8664                        PROVIDE (__itcm_end = (ADDR (.itcm) + SIZEOF (.itcm)))
                0x00000001                        ASSERT (((__itcm_lma + SIZEOF (.vectors)) == LOADADDR (.itcm)), Error: gap between vectors and itcm)

.dtcm           0x02ff0000        0x0 load address 0x020053bc
 *(.dtcm .dtcm.*)
 *.32.o(.data .data.* .gnu.linkonce.d.*)
 *.32.o(.data1)
                0x02ff0000                        . = ALIGN (0x4)
                [!provide]                        PROVIDE (__dtcm_lma = LOADADDR (.dtcm))
                0x02ff0000                        PROVIDE (__dtcm_start = ADDR (.dtcm))
                0x02ff0000                        PROVIDE (__dtcm_end = (ADDR (.dtcm) + SIZEOF (.dtcm)))

.dtcm.bss       0x02ff0000       0x98 load address 0x020053bc
 *(.sbss .sbss.*)
 *.32.o(.dynbss)
 *.32.o(.bss .bss.* .gnu.linkonce.b.*)
 .bss.__irq_table
                0x02ff0000       0x80 /opt/devkitpro/calico/lib/libcalico_ds9.a(thread_hot.32.o)
                0x02ff0000                __irq_table
 .bss.__sched_state
                0x02ff0080       0x18 /opt/devkitpro/calico/lib/libcalico_ds9.a(thread_hot.32.o)
                0x02ff0080                __sched_state
 *.32.o(COMMON)
                0x02ff0098                        . = ALIGN (0x4)
                [!provide]                        PROVIDE (__dtcm_bss_start = ADDR (.dtcm.bss))
                0x02ff0098                        PROVIDE (__dtcm_bss_end = (ADDR (.dtcm.bss) + SIZEOF (.dtcm.bss)))

.main           0x020013c0     0xdba8 load address 0x020053bc
 *(SORT_NONE(.init))
 .init          0x020013c0        0x4 /opt/devkitpro/devkitARM/lib/gcc/arm-none-eabi/16.1.0/thumb/crti.o
                0x020013c0                _init
 .init          0x020013c4        0x8 /opt/devkitpro/devkitARM/lib/gcc/arm-none-eabi/16.1.0/thumb/crtn.o
 EXCLUDE_FILE(*.twl.*) *(.text.unlikely .text.*_unlikely .text.unlikely.*)
 EXCLUDE_FILE(*.twl.*) *(.text.exit .text.exit.*)
 .text.exit     0x020013cc       0x24 /opt/devkitpro/devkitARM/lib/gcc/arm-none-eabi/16.1.0/../../../../arm-none-eabi/lib/thumb/libg.a(libc_a-exit.o)
                0x020013cc                exit
 EXCLUDE_FILE(*.twl.*) *(.text.startup .text.startup.*)
 .text.startup.main
                0x020013f0       0x68 main.o
                0x020013f0                main
 EXCLUDE_FILE(*.twl.*) *(.text.hot .text.hot.*)
 EXCLUDE_FILE(*.twl.*) *(.text .iplt .stub .text.* .gnu.linkonce.t.*)
 .text.__do_global_dtors_aux
                0x02001458       0x2c /opt/devkitpro/devkitARM/lib/gcc/arm-none-eabi/16.1.0/thumb/crtbegin.o
 .text.frame_dummy
                0x02001484       0x24 /opt/devkitpro/devkitARM/lib/gcc/arm-none-eabi/16.1.0/thumb/crtbegin.o
 .iplt          0x020014a8        0x0 /opt/devkitpro/devkitARM/lib/gcc/arm-none-eabi/16.1.0/thumb/crtbegin.o
 .text._ZL6Vblankv
                0x020014a8       0x10 main.o
 .text.newRow   0x020014b8       0xe8 /opt/devkitpro/libnds/lib/libnds9.a(console.o)
 .text.consolePrintChar
                0x020015a0       0xe0 /opt/devkitpro/libnds/lib/libnds9.a(console.o)
                0x020015a0                consolePrintChar
 .text.con_write
                0x02001680      0x34c /opt/devkitpro/libnds/lib/libnds9.a(console.o)
                0x02001680                con_write
 .text.consoleLoadFont
                0x020019cc      0x2e4 /opt/devkitpro/libnds/lib/libnds9.a(console.o)
                0x020019cc                consoleLoadFont
 .text.consoleInit
                0x02001cb0      0x170 /opt/devkitpro/libnds/lib/libnds9.a(console.o)
                0x02001cb0                consoleInit
 .text.consoleDemoInit
                0x02001e20       0x40 /opt/devkitpro/libnds/lib/libnds9.a(console.o)
                0x02001e20                consoleDemoInit
 .text.scanKeys
                0x02001e60       0x6c /opt/devkitpro/libnds/lib/libnds9.a(keys.o)
                0x02001e60                scanKeys
 .text.keysDown
                0x02001ecc       0x10 /opt/devkitpro/libnds/lib/libnds9.a(keys.o)
                0x02001ecc                keysDown
 .text.checkIfText
                0x02001edc       0x6c /opt/devkitpro/libnds/lib/libnds9.a(background.o)
                0x02001edc                checkIfText
 .text.bgUpdate
                0x02001f48       0xe8 /opt/devkitpro/libnds/lib/libnds9.a(background.o)
                0x02001f48                bgUpdate
 .text.bgInit_call
                0x02002030       0xa8 /opt/devkitpro/libnds/lib/libnds9.a(background.o)
                0x02002030                bgInit_call
 .text.bgInitSub_call
                0x020020d8       0xb0 /opt/devkitpro/libnds/lib/libnds9.a(background.o)
                0x020020d8                bgInitSub_call
 .text.sinLutLookup
                0x02002188       0x4c /opt/devkitpro/libnds/lib/libnds9.a(trig.o)
                0x02002188                sinLutLookup
 .text.sinLerp  0x020021d4       0x38 /opt/devkitpro/libnds/lib/libnds9.a(trig.o)
                0x020021d4                sinLerp
 .text.cosLerp  0x0200220c       0x44 /opt/devkitpro/libnds/lib/libnds9.a(trig.o)
                0x0200220c                cosLerp
 .text.irqSet   0x02002250       0x64 /opt/devkitpro/calico/lib/libcalico_ds9.a(irq.o)
                0x02002250                irqSet
 .text._threadTickTask
                0x020022b4       0x10 /opt/devkitpro/calico/lib/libcalico_ds9.a(thread_cold.o)
 .text.threadExit
                0x020022c4       0xa0 /opt/devkitpro/calico/lib/libcalico_ds9.a(thread_cold.o)
                0x020022c4                threadExit
 .text._threadInit
                0x02002364       0x98 /opt/devkitpro/calico/lib/libcalico_ds9.a(thread_cold.o)
                0x02002364                _threadInit
 .text.threadPrepare
                0x020023fc      0x134 /opt/devkitpro/calico/lib/libcalico_ds9.a(thread_cold.o)
                0x020023fc                threadPrepare
 .text.threadStart
                0x02002530       0x94 /opt/devkitpro/calico/lib/libcalico_ds9.a(thread_cold.o)
                0x02002530                threadStart
 .text.threadIrqWait
                0x020025c4       0xa4 /opt/devkitpro/calico/lib/libcalico_ds9.a(thread_cold.o)
                0x020025c4                threadIrqWait
 .text.threadSleepTicks
                0x02002668       0x58 /opt/devkitpro/calico/lib/libcalico_ds9.a(thread_cold.o)
                0x02002668                threadSleepTicks
 .text.threadUpdateDynamicPrio
                0x020026c0      0x1d4 /opt/devkitpro/calico/lib/libcalico_ds9.a(mutex.o)
                0x020026c0                threadUpdateDynamicPrio
 .text.threadRemoveWaiter
                0x02002894      0x148 /opt/devkitpro/calico/lib/libcalico_ds9.a(mutex.o)
 .text.mutexLock
                0x020029dc      0x138 /opt/devkitpro/calico/lib/libcalico_ds9.a(mutex.o)
                0x020029dc                mutexLock
 .text.mutexUnlock
                0x02002b14       0xbc /opt/devkitpro/calico/lib/libcalico_ds9.a(mutex.o)
                0x02002b14                mutexUnlock
 .text.keypadGetState
                0x02002bd0       0x28 /opt/devkitpro/calico/lib/libcalico_ds9.a(keypad.o)
                0x02002bd0                keypadGetState
 .text._pmCallEventHandlers
                0x02002bf8       0x40 /opt/devkitpro/calico/lib/libcalico_ds9.a(pm.o)
 .text._pmPxiThreadMain
                0x02002c38       0x9c /opt/devkitpro/calico/lib/libcalico_ds9.a(pm.o)
 .text._pmResetPxiHandler
                0x02002cd4       0x28 /opt/devkitpro/calico/lib/libcalico_ds9.a(pm.o)
 .text.systemUserExit
                0x02002cfc        0x4 /opt/devkitpro/calico/lib/libcalico_ds9.a(pm.o)
                0x02002cfc                systemUserExit
 .text.systemErrorExit
                0x02002d00        0x4 /opt/devkitpro/calico/lib/libcalico_ds9.a(pm.o)
                0x02002d00                systemErrorExit
 .text.__syscall_exit
                0x02002d04      0x138 /opt/devkitpro/calico/lib/libcalico_ds9.a(pm.o)
                0x02002d04                __syscall_exit
 .text.pmInit   0x02002e3c       0x58 /opt/devkitpro/calico/lib/libcalico_ds9.a(pm.o)
                0x02002e3c                pmInit
 .text.pmEnterSleep
                0x02002e94       0xcc /opt/devkitpro/calico/lib/libcalico_ds9.a(pm.o)
                0x02002e94                pmEnterSleep
 .text.pmMainLoop
                0x02002f60       0x74 /opt/devkitpro/calico/lib/libcalico_ds9.a(pm.o)
                0x02002f60                pmMainLoop
 .text.touchRead
                0x02002fd4       0x58 /opt/devkitpro/calico/lib/libcalico_ds9.a(touch.o)
                0x02002fd4                touchRead
 .text._tickCountIsr
                0x0200302c       0x1c /opt/devkitpro/calico/lib/libcalico_ds9.a(tick.o)
 .text._tickTaskSchedule.part.0.isra.0
                0x02003048       0x84 /opt/devkitpro/calico/lib/libcalico_ds9.a(tick.o)
 .text.tickInit
                0x020030cc       0xa0 /opt/devkitpro/calico/lib/libcalico_ds9.a(tick.o)
                0x020030cc                tickInit
 .text.tickGetCount
                0x0200316c       0x5c /opt/devkitpro/calico/lib/libcalico_ds9.a(tick.o)
                0x0200316c                tickGetCount
 .text._tickTaskIsr
                0x020031c8      0x110 /opt/devkitpro/calico/lib/libcalico_ds9.a(tick.o)
 .text.tickTaskStart
                0x020032d8      0x144 /opt/devkitpro/calico/lib/libcalico_ds9.a(tick.o)
                0x020032d8                tickTaskStart
 .text.mailboxTrySend
                0x0200341c       0x98 /opt/devkitpro/calico/lib/libcalico_ds9.a(mailbox.o)
                0x0200341c                mailboxTrySend
 .text.mailboxRecv
                0x020034b4       0x98 /opt/devkitpro/calico/lib/libcalico_ds9.a(mailbox.o)
                0x020034b4                mailboxRecv
 .text.__syscall_getreent
                0x0200354c       0x14 /opt/devkitpro/calico/lib/libcalico_ds9.a(newlib_syscalls.o)
                0x0200354c                __syscall_getreent
 .text.__errno  0x02003560       0x24 /opt/devkitpro/calico/lib/libcalico_ds9.a(newlib_syscalls.o)
                0x02003560                __errno
 .text.__syscall_lock_acquire
                0x02003584        0x4 /opt/devkitpro/calico/lib/libcalico_ds9.a(newlib_syscalls.o)
                0x02003584                __syscall_lock_acquire
 .text.__syscall_lock_release
                0x02003588        0x4 /opt/devkitpro/calico/lib/libcalico_ds9.a(newlib_syscalls.o)
                0x02003588                __syscall_lock_release
 .text.__syscall_lock_acquire_recursive
                0x0200358c       0x4c /opt/devkitpro/calico/lib/libcalico_ds9.a(newlib_syscalls.o)
                0x0200358c                __syscall_lock_acquire_recursive
 .text.__syscall_lock_release_recursive
                0x020035d8       0x18 /opt/devkitpro/calico/lib/libcalico_ds9.a(newlib_syscalls.o)
                0x020035d8                __syscall_lock_release_recursive
 .text._pxiMailboxHandler
                0x020035f0        0x4 /opt/devkitpro/calico/lib/libcalico_ds9.a(pxi.o)
 .text._pxiRecvUnhandled
                0x020035f4        0x4 /opt/devkitpro/calico/lib/libcalico_ds9.a(pxi.o)
                0x020035f4                _pxiRecvUnhandled
 .text._pxiRecvIrqHandler
                0x020035f8      0x154 /opt/devkitpro/calico/lib/libcalico_ds9.a(pxi.o)
 .text._pxiInit
                0x0200374c       0x58 /opt/devkitpro/calico/lib/libcalico_ds9.a(pxi.o)
                0x0200374c                _pxiInit
 .text.pxiSetHandler
                0x020037a4       0x74 /opt/devkitpro/calico/lib/libcalico_ds9.a(pxi.o)
                0x020037a4                pxiSetHandler
 .text.pxiSetMailbox
                0x02003818       0x68 /opt/devkitpro/calico/lib/libcalico_ds9.a(pxi.o)
                0x02003818                pxiSetMailbox
 .text.pxiWaitRemote
                0x02003880       0x38 /opt/devkitpro/calico/lib/libcalico_ds9.a(pxi.o)
                0x02003880                pxiWaitRemote
 .text.pxiSendPacket
                0x020038b8       0x50 /opt/devkitpro/calico/lib/libcalico_ds9.a(pxi.o)
                0x020038b8                pxiSendPacket
 .text.systemUserStartup
                0x02003908        0x4 /opt/devkitpro/calico/lib/libcalico_ds9.a(sys_startup.o)
                0x02003908                systemUserStartup
 .text.systemStartup
                0x0200390c      0x110 /opt/devkitpro/calico/lib/libcalico_ds9.a(sys_startup.o)
                0x0200390c                systemStartup
 .text          0x02003a1c      0x150 /opt/devkitpro/devkitARM/lib/gcc/arm-none-eabi/16.1.0/thumb/libgcc.a(_divsi3.o)
                0x02003a1c                __aeabi_idiv
                0x02003a1c                __divsi3
                0x02003b4c                __aeabi_idivmod
 .text          0x02003b6c        0x4 /opt/devkitpro/devkitARM/lib/gcc/arm-none-eabi/16.1.0/thumb/libgcc.a(_dvmd_tls.o)
                0x02003b6c                __aeabi_ldiv0
                0x02003b6c                __aeabi_idiv0
 .text          0x02003b70       0x3c /opt/devkitpro/devkitARM/lib/gcc/arm-none-eabi/16.1.0/thumb/libgcc.a(_aeabi_uldivmod.o)
                0x02003b70                __aeabi_uldivmod
 .text.__udivmoddi4
                0x02003bac      0x194 /opt/devkitpro/devkitARM/lib/gcc/arm-none-eabi/16.1.0/thumb/libgcc.a(_udivmoddi4.o)
                0x02003bac                __udivmoddi4
 .text          0x02003d40       0x28 /opt/devkitpro/devkitARM/lib/gcc/arm-none-eabi/16.1.0/thumb/libgcc.a(_clzdi2.o)
                0x02003d40                __clzdi2
 .text          0x02003d68       0x48 /opt/devkitpro/devkitARM/lib/gcc/arm-none-eabi/16.1.0/thumb/libgcc.a(_clzsi2.o)
                0x02003d68                __clzsi2
 .text.memcpy   0x02003db0       0xac /opt/devkitpro/devkitARM/lib/gcc/arm-none-eabi/16.1.0/../../../../arm-none-eabi/lib/thumb/libg.a(libc_a-memcpy-stub.o)
                0x02003db0                memcpy
 .text.memset   0x02003e5c       0x8c /opt/devkitpro/devkitARM/lib/gcc/arm-none-eabi/16.1.0/../../../../arm-none-eabi/lib/thumb/libg.a(libc_a-memset.o)
                0x02003e5c                memset
 .text._malloc_r
                0x02003ee8      0x550 /opt/devkitpro/devkitARM/lib/gcc/arm-none-eabi/16.1.0/../../../../arm-none-eabi/lib/thumb/libg.a(libc_a-mallocr.o)
                0x02003ee8                _malloc_r
 .text._malloc_trim_r
                0x02004438       0xac /opt/devkitpro/devkitARM/lib/gcc/arm-none-eabi/16.1.0/../../../../arm-none-eabi/lib/thumb/libg.a(libc_a-freer.o)
                0x02004438                _malloc_trim_r
 .text._free_r  0x020044e4      0x1d8 /opt/devkitpro/devkitARM/lib/gcc/arm-none-eabi/16.1.0/../../../../arm-none-eabi/lib/thumb/libg.a(libc_a-freer.o)
                0x020044e4                _free_r
 .text.setvbuf  0x020046bc      0x1ac /opt/devkitpro/devkitARM/lib/gcc/arm-none-eabi/16.1.0/../../../../arm-none-eabi/lib/thumb/libg.a(libc_a-setvbuf.o)
                0x020046bc                setvbuf
 .text.stdio_exit_handler
                0x02004868       0x20 /opt/devkitpro/devkitARM/lib/gcc/arm-none-eabi/16.1.0/../../../../arm-none-eabi/lib/thumb/libg.a(libc_a-findfp.o)
 .text.cleanup_stdio
                0x02004888       0x40 /opt/devkitpro/devkitARM/lib/gcc/arm-none-eabi/16.1.0/../../../../arm-none-eabi/lib/thumb/libg.a(libc_a-findfp.o)
 .text.global_stdio_init.part.0
                0x020048c8      0x120 /opt/devkitpro/devkitARM/lib/gcc/arm-none-eabi/16.1.0/../../../../arm-none-eabi/lib/thumb/libg.a(libc_a-findfp.o)
 .text.__sinit  0x020049e8       0x3c /opt/devkitpro/devkitARM/lib/gcc/arm-none-eabi/16.1.0/../../../../arm-none-eabi/lib/thumb/libg.a(libc_a-findfp.o)
                0x020049e8                __sinit
 .text.__sfp_lock_acquire
                0x02004a24       0x14 /opt/devkitpro/devkitARM/lib/gcc/arm-none-eabi/16.1.0/../../../../arm-none-eabi/lib/thumb/libg.a(libc_a-findfp.o)
                0x02004a24                __sfp_lock_acquire
 .text.__sfp_lock_release
                0x02004a38       0x14 /opt/devkitpro/devkitARM/lib/gcc/arm-none-eabi/16.1.0/../../../../arm-none-eabi/lib/thumb/libg.a(libc_a-findfp.o)
                0x02004a38                __sfp_lock_release
 .text.__libc_init_array
                0x02004a4c       0x54 /opt/devkitpro/devkitARM/lib/gcc/arm-none-eabi/16.1.0/../../../../arm-none-eabi/lib/thumb/libg.a(libc_a-init.o)
                0x02004a4c                __libc_init_array
 .text.malloc   0x02004aa0       0x28 /opt/devkitpro/devkitARM/lib/gcc/arm-none-eabi/16.1.0/../../../../arm-none-eabi/lib/thumb/libg.a(libc_a-malloc.o)
                0x02004aa0                malloc
 .text.free     0x02004ac8       0x14 /opt/devkitpro/devkitARM/lib/gcc/arm-none-eabi/16.1.0/../../../../arm-none-eabi/lib/thumb/libg.a(libc_a-malloc.o)
                0x02004ac8                free
 .text.siscanf  0x02004adc       0x50 /opt/devkitpro/devkitARM/lib/gcc/arm-none-eabi/16.1.0/../../../../arm-none-eabi/lib/thumb/libg.a(libc_a-siscanf.o)
                0x02004adc                siscanf
 .text.__sread  0x02004b2c       0x34 /opt/devkitpro/devkitARM/lib/gcc/arm-none-eabi/16.1.0/../../../../arm-none-eabi/lib/thumb/libg.a(libc_a-stdio.o)
                0x02004b2c                __sread
 .text.__seofread
                0x02004b60        0x4 /opt/devkitpro/devkitARM/lib/gcc/arm-none-eabi/16.1.0/../../../../arm-none-eabi/lib/thumb/libg.a(libc_a-stdio.o)
                0x02004b60                __seofread
 .text.__swrite
                0x02004b64       0x4c /opt/devkitpro/devkitARM/lib/gcc/arm-none-eabi/16.1.0/../../../../arm-none-eabi/lib/thumb/libg.a(libc_a-stdio.o)
                0x02004b64                __swrite
 .text.__sseek  0x02004bb0       0x3c /opt/devkitpro/devkitARM/lib/gcc/arm-none-eabi/16.1.0/../../../../arm-none-eabi/lib/thumb/libg.a(libc_a-stdio.o)
                0x02004bb0                __sseek
 .text.__sclose
                0x02004bec       0x10 /opt/devkitpro/devkitARM/lib/gcc/arm-none-eabi/16.1.0/../../../../arm-none-eabi/lib/thumb/libg.a(libc_a-stdio.o)
                0x02004bec                __sclose
 .text.iprintf  0x02004bfc       0x28 /opt/devkitpro/devkitARM/lib/gcc/arm-none-eabi/16.1.0/../../../../arm-none-eabi/lib/thumb/libg.a(libc_a-iprintf.o)
                0x02004bfc                iprintf
 .text.__malloc_lock
                0x02004c24       0x14 /opt/devkitpro/devkitARM/lib/gcc/arm-none-eabi/16.1.0/../../../../arm-none-eabi/lib/thumb/libg.a(libc_a-mlock.o)
                0x02004c24                __malloc_lock
 .text.__malloc_unlock
                0x02004c38       0x14 /opt/devkitpro/devkitARM/lib/gcc/arm-none-eabi/16.1.0/../../../../arm-none-eabi/lib/thumb/libg.a(libc_a-mlock.o)
                0x02004c38                __malloc_unlock
 .text._fclose_r
                0x02004c4c       0xe0 /opt/devkitpro/devkitARM/lib/gcc/arm-none-eabi/16.1.0/../../../../arm-none-eabi/lib/thumb/libg.a(libc_a-fclose.o)
                0x02004c4c                _fclose_r
 .text.__call_exitprocs
                0x02004d2c        0xc /opt/devkitpro/devkitARM/lib/gcc/arm-none-eabi/16.1.0/../../../../arm-none-eabi/lib/thumb/libg.a(libc_a-exit.o)
                0x02004d2c                __call_exitprocs
 .text.__libc_fini_array
                0x02004d38       0x30 /opt/devkitpro/devkitARM/lib/gcc/arm-none-eabi/16.1.0/../../../../arm-none-eabi/lib/thumb/libg.a(libc_a-fini.o)
                0x02004d38                __libc_fini_array
 .text.get_arg  0x02004d68      0x404 /opt/devkitpro/devkitARM/lib/gcc/arm-none-eabi/16.1.0/../../../../arm-none-eabi/lib/thumb/libg.a(libc_a-vfiprintf.o)
 .text._vfiprintf_r
                0x0200516c     0x16d8 /opt/devkitpro/devkitARM/lib/gcc/arm-none-eabi/16.1.0/../../../../arm-none-eabi/lib/thumb/libg.a(libc_a-vfiprintf.o)
                0x0200516c                _vfiprintf_r
 .text.__sbprintf
                0x02006844       0x7c /opt/devkitpro/devkitARM/lib/gcc/arm-none-eabi/16.1.0/../../../../arm-none-eabi/lib/thumb/libg.a(libc_a-vfiprintf.o)
 .text.strlen   0x020068c0       0x60 /opt/devkitpro/devkitARM/lib/gcc/arm-none-eabi/16.1.0/../../../../arm-none-eabi/lib/thumb/libg.a(libc_a-strlen.o)
                0x020068c0                strlen
 .text._fwalk_sglue
                0x02006920       0x4c /opt/devkitpro/devkitARM/lib/gcc/arm-none-eabi/16.1.0/../../../../arm-none-eabi/lib/thumb/libg.a(libc_a-fwalk.o)
                0x02006920                _fwalk_sglue
 .text._wcrtomb_r
                0x0200696c       0x88 /opt/devkitpro/devkitARM/lib/gcc/arm-none-eabi/16.1.0/../../../../arm-none-eabi/lib/thumb/libg.a(libc_a-wcrtomb.o)
                0x0200696c                _wcrtomb_r
 .text._memalign_r
                0x020069f4      0x118 /opt/devkitpro/devkitARM/lib/gcc/arm-none-eabi/16.1.0/../../../../arm-none-eabi/lib/thumb/libg.a(libc_a-malignr.o)
                0x020069f4                _memalign_r
 .text.__smakebuf_r
                0x02006b0c       0xe0 /opt/devkitpro/devkitARM/lib/gcc/arm-none-eabi/16.1.0/../../../../arm-none-eabi/lib/thumb/libg.a(libc_a-makebuf.o)
                0x02006b0c                __smakebuf_r
 .text.__swhatbuf_r
                0x02006bec       0x5c /opt/devkitpro/devkitARM/lib/gcc/arm-none-eabi/16.1.0/../../../../arm-none-eabi/lib/thumb/libg.a(libc_a-makebuf.o)
                0x02006bec                __swhatbuf_r
 .text.__locale_mb_cur_max
                0x02006c48       0x20 /opt/devkitpro/devkitARM/lib/gcc/arm-none-eabi/16.1.0/../../../../arm-none-eabi/lib/thumb/libg.a(libc_a-locale.o)
                0x02006c48                __locale_mb_cur_max
 .text.__sflush_r
                0x02006c68      0x180 /opt/devkitpro/devkitARM/lib/gcc/arm-none-eabi/16.1.0/../../../../arm-none-eabi/lib/thumb/libg.a(libc_a-fflush.o)
                0x02006c68                __sflush_r
 .text._fflush_r
                0x02006de8       0x70 /opt/devkitpro/devkitARM/lib/gcc/arm-none-eabi/16.1.0/../../../../arm-none-eabi/lib/thumb/libg.a(libc_a-fflush.o)
                0x02006de8                _fflush_r
 .text.__sprint_r
                0x02006e58       0x24 /opt/devkitpro/devkitARM/lib/gcc/arm-none-eabi/16.1.0/../../../../arm-none-eabi/lib/thumb/libg.a(libc_a-sprint_r.o)
                0x02006e58                __sprint_r
 .text.get_arg  0x02006e7c       0x3e /opt/devkitpro/devkitARM/lib/gcc/arm-none-eabi/16.1.0/../../../../arm-none-eabi/lib/thumb/libg.a(libc_a-svfiscanf.o)
 .text._sungetc_r
                0x02006eba       0x7e /opt/devkitpro/devkitARM/lib/gcc/arm-none-eabi/16.1.0/../../../../arm-none-eabi/lib/thumb/libg.a(libc_a-svfiscanf.o)
                0x02006eba                _sungetc_r
 .text.__ssrefill_r
                0x02006f38       0x42 /opt/devkitpro/devkitARM/lib/gcc/arm-none-eabi/16.1.0/../../../../arm-none-eabi/lib/thumb/libg.a(libc_a-svfiscanf.o)
                0x02006f38                __ssrefill_r
 .text._sfread_r
                0x02006f7a       0x88 /opt/devkitpro/devkitARM/lib/gcc/arm-none-eabi/16.1.0/../../../../arm-none-eabi/lib/thumb/libg.a(libc_a-svfiscanf.o)
                0x02006f7a                _sfread_r
 *fill*         0x02007002        0x2 ff
 .text.__ssvfiscanf_r
                0x02007004     0x19d8 /opt/devkitpro/devkitARM/lib/gcc/arm-none-eabi/16.1.0/../../../../arm-none-eabi/lib/thumb/libg.a(libc_a-svfiscanf.o)
                0x02007004                __ssvfiscanf_r
 .text._strtol_l.part.0
                0x020089dc      0x25c /opt/devkitpro/devkitARM/lib/gcc/arm-none-eabi/16.1.0/../../../../arm-none-eabi/lib/thumb/libg.a(libc_a-strtol.o)
 .text._strtol_r
                0x02008c38       0x34 /opt/devkitpro/devkitARM/lib/gcc/arm-none-eabi/16.1.0/../../../../arm-none-eabi/lib/thumb/libg.a(libc_a-strtol.o)
                0x02008c38                _strtol_r
 .text.strncpy  0x02008c6c       0x68 /opt/devkitpro/devkitARM/lib/gcc/arm-none-eabi/16.1.0/../../../../arm-none-eabi/lib/thumb/libg.a(libc_a-strncpy.o)
                0x02008c6c                strncpy
 .text.memchr   0x02008cd4       0x74 /opt/devkitpro/devkitARM/lib/gcc/arm-none-eabi/16.1.0/../../../../arm-none-eabi/lib/thumb/libg.a(libc_a-memchr-stub.o)
                0x02008cd4                memchr
 .text._wcsrtombs_r
                0x02008d48       0x20 /opt/devkitpro/devkitARM/lib/gcc/arm-none-eabi/16.1.0/../../../../arm-none-eabi/lib/thumb/libg.a(libc_a-wcsrtombs.o)
                0x02008d48                _wcsrtombs_r
 .text.__swsetup_r
                0x02008d68       0xd4 /opt/devkitpro/devkitARM/lib/gcc/arm-none-eabi/16.1.0/../../../../arm-none-eabi/lib/thumb/libg.a(libc_a-wsetup.o)
                0x02008d68                __swsetup_r
 .text._localeconv_r
                0x02008e3c       0x20 /opt/devkitpro/devkitARM/lib/gcc/arm-none-eabi/16.1.0/../../../../arm-none-eabi/lib/thumb/libg.a(libc_a-localeconv.o)
                0x02008e3c                _localeconv_r
 .text.__utf8_wctomb
                0x02008e5c       0xbc /opt/devkitpro/devkitARM/lib/gcc/arm-none-eabi/16.1.0/../../../../arm-none-eabi/lib/thumb/libg.a(libc_a-wctomb_r.o)
                0x02008e5c                __utf8_wctomb
 .text._wcsnrtombs_l
                0x02008f18      0x120 /opt/devkitpro/devkitARM/lib/gcc/arm-none-eabi/16.1.0/../../../../arm-none-eabi/lib/thumb/libg.a(libc_a-wcsnrtombs.o)
                0x02008f18                _wcsnrtombs_l
 .text._wcsnrtombs_r
                0x02009038       0x40 /opt/devkitpro/devkitARM/lib/gcc/arm-none-eabi/16.1.0/../../../../arm-none-eabi/lib/thumb/libg.a(libc_a-wcsnrtombs.o)
                0x02009038                _wcsnrtombs_r
 .text.iswspace
                0x02009078       0x10 /opt/devkitpro/devkitARM/lib/gcc/arm-none-eabi/16.1.0/../../../../arm-none-eabi/lib/thumb/libg.a(libc_a-iswspace.o)
                0x02009078                iswspace
 .text._strtoull_l.isra.0
                0x02009088      0x1c0 /opt/devkitpro/devkitARM/lib/gcc/arm-none-eabi/16.1.0/../../../../arm-none-eabi/lib/thumb/libg.a(libc_a-strtoull.o)
 .text._strtoull_r
                0x02009248       0x20 /opt/devkitpro/devkitARM/lib/gcc/arm-none-eabi/16.1.0/../../../../arm-none-eabi/lib/thumb/libg.a(libc_a-strtoull.o)
                0x02009248                _strtoull_r
 .text._strtoul_l.isra.0
                0x02009268      0x150 /opt/devkitpro/devkitARM/lib/gcc/arm-none-eabi/16.1.0/../../../../arm-none-eabi/lib/thumb/libg.a(libc_a-strtoul.o)
 .text._strtoul_r
                0x020093b8       0x20 /opt/devkitpro/devkitARM/lib/gcc/arm-none-eabi/16.1.0/../../../../arm-none-eabi/lib/thumb/libg.a(libc_a-strtoul.o)
                0x020093b8                _strtoul_r
 .text.__submore
                0x020093d8       0x7c /opt/devkitpro/devkitARM/lib/gcc/arm-none-eabi/16.1.0/../../../../arm-none-eabi/lib/thumb/libg.a(libc_a-ungetc.o)
                0x020093d8                __submore
 .text.__utf8_mbtowc
                0x02009454      0x24c /opt/devkitpro/devkitARM/lib/gcc/arm-none-eabi/16.1.0/../../../../arm-none-eabi/lib/thumb/libg.a(libc_a-mbtowc_r.o)
                0x02009454                __utf8_mbtowc
 .text._mbrtowc_r
                0x020096a0       0x9c /opt/devkitpro/devkitARM/lib/gcc/arm-none-eabi/16.1.0/../../../../arm-none-eabi/lib/thumb/libg.a(libc_a-mbrtowc.o)
                0x020096a0                _mbrtowc_r
 .text.__sfvwrite_r
                0x0200973c      0x31c /opt/devkitpro/devkitARM/lib/gcc/arm-none-eabi/16.1.0/../../../../arm-none-eabi/lib/thumb/libg.a(libc_a-fvwrite.o)
                0x0200973c                __sfvwrite_r
 .text.__sccl   0x02009a58       0xb0 /opt/devkitpro/devkitARM/lib/gcc/arm-none-eabi/16.1.0/../../../../arm-none-eabi/lib/thumb/libg.a(libc_a-sccl.o)
                0x02009a58                __sccl
 .text._strtoll_l.isra.0
                0x02009b08      0x300 /opt/devkitpro/devkitARM/lib/gcc/arm-none-eabi/16.1.0/../../../../arm-none-eabi/lib/thumb/libg.a(libc_a-strtoll.o)
 .text._strtoll_r
                0x02009e08       0x20 /opt/devkitpro/devkitARM/lib/gcc/arm-none-eabi/16.1.0/../../../../arm-none-eabi/lib/thumb/libg.a(libc_a-strtoll.o)
                0x02009e08                _strtoll_r
 .text.realloc  0x02009e28       0x18 /opt/devkitpro/devkitARM/lib/gcc/arm-none-eabi/16.1.0/../../../../arm-none-eabi/lib/thumb/libg.a(libc_a-realloc.o)
                0x02009e28                realloc
 .text.memmove  0x02009e40      0x108 /opt/devkitpro/devkitARM/lib/gcc/arm-none-eabi/16.1.0/../../../../arm-none-eabi/lib/thumb/libg.a(libc_a-memmove.o)
                0x02009e40                memmove
 .text._realloc_r
                0x02009f48      0x344 /opt/devkitpro/devkitARM/lib/gcc/arm-none-eabi/16.1.0/../../../../arm-none-eabi/lib/thumb/libg.a(libc_a-reallocr.o)
                0x02009f48                _realloc_r
 .text.iswspace_l
                0x0200a28c       0x28 /opt/devkitpro/devkitARM/lib/gcc/arm-none-eabi/16.1.0/../../../../arm-none-eabi/lib/thumb/libg.a(libc_a-iswspace_l.o)
                0x0200a28c                iswspace_l
 .text.category
                0x0200a2b4       0x5c /opt/devkitpro/devkitARM/lib/gcc/arm-none-eabi/16.1.0/../../../../arm-none-eabi/lib/thumb/libg.a(libc_a-categories.o)
                0x0200a2b4                category
 .text._exit    0x0200a310       0x14 /opt/devkitpro/devkitARM/lib/gcc/arm-none-eabi/16.1.0/../../../../arm-none-eabi/lib/thumb/libsysbase.a(libsysbase_libsysbase_a-_exit.o)
                0x0200a310                _exit
 .text._fstat_r
                0x0200a324       0x5c /opt/devkitpro/devkitARM/lib/gcc/arm-none-eabi/16.1.0/../../../../arm-none-eabi/lib/thumb/libsysbase.a(libsysbase_libsysbase_a-fstat.o)
                0x0200a324                _fstat_r
 .text.__getreent
                0x0200a380       0x20 /opt/devkitpro/devkitARM/lib/gcc/arm-none-eabi/16.1.0/../../../../arm-none-eabi/lib/thumb/libsysbase.a(libsysbase_libsysbase_a-getreent.o)
                0x0200a380                __getreent
 .text.__get_handle
                0x0200a3a0       0x34 /opt/devkitpro/devkitARM/lib/gcc/arm-none-eabi/16.1.0/../../../../arm-none-eabi/lib/thumb/libsysbase.a(libsysbase_libsysbase_a-handle_manager.o)
                0x0200a3a0                __get_handle
 .text._close_r
                0x0200a3d4       0xb0 /opt/devkitpro/devkitARM/lib/gcc/arm-none-eabi/16.1.0/../../../../arm-none-eabi/lib/thumb/libsysbase.a(libsysbase_libsysbase_a-handle_manager.o)
                0x0200a3d4                _close_r
 .text.null_write
                0x0200a484        0x4 /opt/devkitpro/devkitARM/lib/gcc/arm-none-eabi/16.1.0/../../../../arm-none-eabi/lib/thumb/libsysbase.a(libsysbase_libsysbase_a-iosupport.o)
 .text._isatty_r
                0x0200a488        0x4 /opt/devkitpro/devkitARM/lib/gcc/arm-none-eabi/16.1.0/../../../../arm-none-eabi/lib/thumb/libsysbase.a(libsysbase_libsysbase_a-isatty.o)
                0x0200a488                _isatty_r
 .text._lseek_r
                0x0200a48c       0x64 /opt/devkitpro/devkitARM/lib/gcc/arm-none-eabi/16.1.0/../../../../arm-none-eabi/lib/thumb/libsysbase.a(libsysbase_libsysbase_a-lseek.o)
                0x0200a48c                _lseek_r
 .text._read_r  0x0200a4f0       0x5c /opt/devkitpro/devkitARM/lib/gcc/arm-none-eabi/16.1.0/../../../../arm-none-eabi/lib/thumb/libsysbase.a(libsysbase_libsysbase_a-read.o)
                0x0200a4f0                _read_r
 .text._sbrk_r  0x0200a54c       0x50 /opt/devkitpro/devkitARM/lib/gcc/arm-none-eabi/16.1.0/../../../../arm-none-eabi/lib/thumb/libsysbase.a(libsysbase_libsysbase_a-sbrk.o)
                0x0200a54c                _sbrk_r
 .text.__libc_lock_acquire
                0x0200a59c       0x18 /opt/devkitpro/devkitARM/lib/gcc/arm-none-eabi/16.1.0/../../../../arm-none-eabi/lib/thumb/libsysbase.a(libsysbase_libsysbase_a-syscall_support.o)
                0x0200a59c                __libc_lock_acquire
 .text.__libc_lock_release
                0x0200a5b4       0x18 /opt/devkitpro/devkitARM/lib/gcc/arm-none-eabi/16.1.0/../../../../arm-none-eabi/lib/thumb/libsysbase.a(libsysbase_libsysbase_a-syscall_support.o)
                0x0200a5b4                __libc_lock_release
 .text.__libc_lock_acquire_recursive
                0x0200a5cc       0x18 /opt/devkitpro/devkitARM/lib/gcc/arm-none-eabi/16.1.0/../../../../arm-none-eabi/lib/thumb/libsysbase.a(libsysbase_libsysbase_a-syscall_support.o)
                0x0200a5cc                __libc_lock_acquire_recursive
 .text.__libc_lock_release_recursive
                0x0200a5e4       0x18 /opt/devkitpro/devkitARM/lib/gcc/arm-none-eabi/16.1.0/../../../../arm-none-eabi/lib/thumb/libsysbase.a(libsysbase_libsysbase_a-syscall_support.o)
                0x0200a5e4                __libc_lock_release_recursive
 .text._write_r
                0x0200a5fc       0x5c /opt/devkitpro/devkitARM/lib/gcc/arm-none-eabi/16.1.0/../../../../arm-none-eabi/lib/thumb/libsysbase.a(libsysbase_libsysbase_a-write.o)
                0x0200a5fc                _write_r
 .text          0x0200a658       0x14 /opt/devkitpro/devkitARM/lib/gcc/arm-none-eabi/16.1.0/thumb/libgcc.a(_thumb1_case_uqi.o)
                0x0200a658                __gnu_thumb1_case_uqi
 .text          0x0200a66c       0x14 /opt/devkitpro/devkitARM/lib/gcc/arm-none-eabi/16.1.0/thumb/libgcc.a(_thumb1_case_uhi.o)
                0x0200a66c                __gnu_thumb1_case_uhi
 .text          0x0200a680      0x11c /opt/devkitpro/devkitARM/lib/gcc/arm-none-eabi/16.1.0/thumb/libgcc.a(_udivsi3.o)
                0x0200a680                __udivsi3
                0x0200a680                __aeabi_uidiv
                0x0200a77c                __aeabi_uidivmod
 .text.__muldi3
                0x0200a79c       0x58 /opt/devkitpro/devkitARM/lib/gcc/arm-none-eabi/16.1.0/thumb/libgcc.a(_muldi3.o)
                0x0200a79c                __aeabi_lmul
                0x0200a79c                __muldi3
 EXCLUDE_FILE(*.twl.*) *(.glue_7t .glue_7 .vfp11_veneer .v4_bx)
 .glue_7        0x0200a7f4        0x0 linker stubs
 .glue_7t       0x0200a7f4        0x0 linker stubs
 .vfp11_veneer  0x0200a7f4        0x0 linker stubs
 .v4_bx         0x0200a7f4        0x0 linker stubs
 *(SORT_NONE(.fini))
 .fini          0x0200a7f4        0x4 /opt/devkitpro/devkitARM/lib/gcc/arm-none-eabi/16.1.0/thumb/crti.o
                0x0200a7f4                _fini
 .fini          0x0200a7f8        0x8 /opt/devkitpro/devkitARM/lib/gcc/arm-none-eabi/16.1.0/thumb/crtn.o
 .fini.__stub   0x0200a800       0x10 linker stubs
 EXCLUDE_FILE(*.twl.*) *(.rodata .rodata.* .gnu.linkonce.r.*)
 .rodata.main.str1.4
                0x0200a810      0x140 main.o
                                 0xac (size before relaxing)
 .rodata.con_write.str1.4
                0x0200a950        0x0 /opt/devkitpro/libnds/lib/libnds9.a(console.o)
                                 0x30 (size before relaxing)
 .rodata.con_write
                0x0200a950       0xd4 /opt/devkitpro/libnds/lib/libnds9.a(console.o)
 .rodata.str1.4
                0x0200aa24        0x0 /opt/devkitpro/libnds/lib/libnds9.a(console.o)
                                 0x14 (size before relaxing)
 .rodata.dotab_stdout
                0x0200aa24       0x80 /opt/devkitpro/libnds/lib/libnds9.a(console.o)
 .rodata.default_font_bin
                0x0200aaa4      0x800 /opt/devkitpro/libnds/lib/libnds9.a(default_font.bin.o)
                0x0200aaa4                default_font_bin
                0x0200b2a4                default_font_bin_end
 .rodata.SIN_LUT
                0x0200b2a4      0x102 /opt/devkitpro/libnds/lib/libnds9.a(trig.o)
                0x0200b2a4                SIN_LUT
 .rodata._vfiprintf_r.str1.1
                0x0200b3a6       0x29 /opt/devkitpro/devkitARM/lib/gcc/arm-none-eabi/16.1.0/../../../../arm-none-eabi/lib/thumb/libg.a(libc_a-vfiprintf.o)
 *fill*         0x0200b3cf        0x1 ff
 .rodata.zeroes.0
                0x0200b3d0       0x10 /opt/devkitpro/devkitARM/lib/gcc/arm-none-eabi/16.1.0/../../../../arm-none-eabi/lib/thumb/libg.a(libc_a-vfiprintf.o)
 .rodata.blanks.1
                0x0200b3e0       0x10 /opt/devkitpro/devkitARM/lib/gcc/arm-none-eabi/16.1.0/../../../../arm-none-eabi/lib/thumb/libg.a(libc_a-vfiprintf.o)
 .rodata.__action_table
                0x0200b3f0       0x6c /opt/devkitpro/devkitARM/lib/gcc/arm-none-eabi/16.1.0/../../../../arm-none-eabi/lib/thumb/libg.a(libc_a-svfiprintf.o)
                0x0200b3f0                __action_table
 .rodata.__state_table
                0x0200b45c       0x6c /opt/devkitpro/devkitARM/lib/gcc/arm-none-eabi/16.1.0/../../../../arm-none-eabi/lib/thumb/libg.a(libc_a-svfiprintf.o)
                0x0200b45c                __state_table
 .rodata.__chclass
                0x0200b4c8      0x100 /opt/devkitpro/devkitARM/lib/gcc/arm-none-eabi/16.1.0/../../../../arm-none-eabi/lib/thumb/libg.a(libc_a-svfiprintf.o)
                0x0200b4c8                __chclass
 .rodata.str1.4
                0x0200b5c8        0x0 /opt/devkitpro/devkitARM/lib/gcc/arm-none-eabi/16.1.0/../../../../arm-none-eabi/lib/thumb/libg.a(libc_a-locale.o)
                                 0x4c (size before relaxing)
 .rodata.basefix.0
                0x0200b5c8       0x22 /opt/devkitpro/devkitARM/lib/gcc/arm-none-eabi/16.1.0/../../../../arm-none-eabi/lib/thumb/libg.a(libc_a-svfiscanf.o)
 *fill*         0x0200b5ea        0x2 ff
 .rodata._ctype_
                0x0200b5ec      0x101 /opt/devkitpro/devkitARM/lib/gcc/arm-none-eabi/16.1.0/../../../../arm-none-eabi/lib/thumb/libg.a(libc_a-ctype_.o)
                0x0200b5ec                _ctype_
 .rodata._mbrtowc_r.str1.4
                0x0200b6ed        0x0 /opt/devkitpro/devkitARM/lib/gcc/arm-none-eabi/16.1.0/../../../../arm-none-eabi/lib/thumb/libg.a(libc_a-mbrtowc.o)
                                  0x1 (size before relaxing)
 *fill*         0x0200b6ed        0x3 ff
 .rodata.categories
                0x0200b6f0     0x37f8 /opt/devkitpro/devkitARM/lib/gcc/arm-none-eabi/16.1.0/../../../../arm-none-eabi/lib/thumb/libg.a(libc_a-categories.o)
 .rodata.str1.4
                0x0200eee8        0x0 /opt/devkitpro/devkitARM/lib/gcc/arm-none-eabi/16.1.0/../../../../arm-none-eabi/lib/thumb/libsysbase.a(libsysbase_libsysbase_a-iosupport.o)
                                  0x8 (size before relaxing)
 .rodata.dotab_stdnull
                0x0200eee8       0x80 /opt/devkitpro/devkitARM/lib/gcc/arm-none-eabi/16.1.0/../../../../arm-none-eabi/lib/thumb/libsysbase.a(libsysbase_libsysbase_a-iosupport.o)
                0x0200eee8                dotab_stdnull
 EXCLUDE_FILE(*.twl.*) *(.rodata1)
                0x0200ef68                        . = ALIGN (0x4)

.main.rw        0x0200ef68     0x19f0 load address 0x02012f64
 EXCLUDE_FILE(*.twl.*) *(.data .data.* .gnu.linkonce.d.*)
 .data.firstConsoleInit.0
                0x0200ef68        0x1 /opt/devkitpro/libnds/lib/libnds9.a(console.o)
 *fill*         0x0200ef69        0x3 ff
 .data.currentConsole
                0x0200ef6c        0x4 /opt/devkitpro/libnds/lib/libnds9.a(console.o)
                0x0200ef6c                currentConsole
 .data.defaultConsole
                0x0200ef70       0x5c /opt/devkitpro/libnds/lib/libnds9.a(console.o)
                0x0200ef70                defaultConsole
 .data.count    0x0200efcc        0x1 /opt/devkitpro/libnds/lib/libnds9.a(keys.o)
 .data.repeat   0x0200efcd        0x1 /opt/devkitpro/libnds/lib/libnds9.a(keys.o)
 .data.delay    0x0200efce        0x1 /opt/devkitpro/libnds/lib/libnds9.a(keys.o)
 *fill*         0x0200efcf        0x1 ff
 .data.bgTransform
                0x0200efd0       0x20 /opt/devkitpro/libnds/lib/libnds9.a(background.o)
                0x0200efd0                bgTransform
 .data.bgScrollTable
                0x0200eff0       0x20 /opt/devkitpro/libnds/lib/libnds9.a(background.o)
                0x0200eff0                bgScrollTable
 .data.bgControl
                0x0200f010       0x20 /opt/devkitpro/libnds/lib/libnds9.a(background.o)
                0x0200f010                bgControl
 .data.__malloc_sbrk_base
                0x0200f030        0x4 /opt/devkitpro/devkitARM/lib/gcc/arm-none-eabi/16.1.0/../../../../arm-none-eabi/lib/thumb/libg.a(libc_a-mallocr.o)
                0x0200f030                __malloc_sbrk_base
 .data.__malloc_trim_threshold
                0x0200f034        0x4 /opt/devkitpro/devkitARM/lib/gcc/arm-none-eabi/16.1.0/../../../../arm-none-eabi/lib/thumb/libg.a(libc_a-mallocr.o)
                0x0200f034                __malloc_trim_threshold
 .data.__malloc_av_
                0x0200f038      0x408 /opt/devkitpro/devkitARM/lib/gcc/arm-none-eabi/16.1.0/../../../../arm-none-eabi/lib/thumb/libg.a(libc_a-mallocr.o)
                0x0200f038                __malloc_av_
 .data.__sglue  0x0200f440        0xc /opt/devkitpro/devkitARM/lib/gcc/arm-none-eabi/16.1.0/../../../../arm-none-eabi/lib/thumb/libg.a(libc_a-findfp.o)
                0x0200f440                __sglue
 .data._impure_ptr
                0x0200f44c        0x4 /opt/devkitpro/devkitARM/lib/gcc/arm-none-eabi/16.1.0/../../../../arm-none-eabi/lib/thumb/libg.a(libc_a-impure.o)
                0x0200f44c                _impure_ptr
 .data._impure_data
                0x0200f450      0x200 /opt/devkitpro/devkitARM/lib/gcc/arm-none-eabi/16.1.0/../../../../arm-none-eabi/lib/thumb/libg.a(libc_a-impure.o)
                0x0200f450                _impure_data
 .data.__global_locale
                0x0200f650      0x254 /opt/devkitpro/devkitARM/lib/gcc/arm-none-eabi/16.1.0/../../../../arm-none-eabi/lib/thumb/libg.a(libc_a-locale.o)
                0x0200f650                __global_locale
 *fill*         0x0200f8a4        0x4 ff
 .data.handles  0x0200f8a8     0x1000 /opt/devkitpro/devkitARM/lib/gcc/arm-none-eabi/16.1.0/../../../../arm-none-eabi/lib/thumb/libsysbase.a(libsysbase_libsysbase_a-handle_manager.o)
 .data.__stderr_handle
                0x020108a8        0xc /opt/devkitpro/devkitARM/lib/gcc/arm-none-eabi/16.1.0/../../../../arm-none-eabi/lib/thumb/libsysbase.a(libsysbase_libsysbase_a-handle_manager.o)
 .data.__stdout_handle
                0x020108b4        0xc /opt/devkitpro/devkitARM/lib/gcc/arm-none-eabi/16.1.0/../../../../arm-none-eabi/lib/thumb/libsysbase.a(libsysbase_libsysbase_a-handle_manager.o)
 .data.__stdin_handle
                0x020108c0        0xc /opt/devkitpro/devkitARM/lib/gcc/arm-none-eabi/16.1.0/../../../../arm-none-eabi/lib/thumb/libsysbase.a(libsysbase_libsysbase_a-handle_manager.o)
 .data.devoptab_list
                0x020108cc       0x8c /opt/devkitpro/devkitARM/lib/gcc/arm-none-eabi/16.1.0/../../../../arm-none-eabi/lib/thumb/libsysbase.a(libsysbase_libsysbase_a-iosupport.o)
                0x020108cc                devoptab_list
 EXCLUDE_FILE(*.twl.*) *(.data1)
 EXCLUDE_FILE(*.twl.*) *(.igot.plt)
 .igot.plt      0x02010958        0x0 /opt/devkitpro/devkitARM/lib/gcc/arm-none-eabi/16.1.0/thumb/crtbegin.o
                0x02010958                        . = ALIGN (0x4)

.ARM.extab
 *(.ARM.extab* .gnu.linkonce.armextab.*)

.ARM.exidx      0x02010958        0x0 load address 0x02014954
 *(.ARM.exidx* .gnu.linkonce.armexidx.*)
                [!provide]                        PROVIDE (__exidx_start = ADDR (.ARM.exidx))
                [!provide]                        PROVIDE (__exidx_end = (ADDR (.ARM.exidx) + SIZEOF (.ARM.exidx)))

.eh_frame_hdr
 *(.eh_frame_hdr)
 *(.eh_frame_entry .eh_frame_entry.*)

.eh_frame       0x02010958        0x4 load address 0x02014954
 *(.eh_frame)
 .eh_frame      0x02010958        0x0 /opt/devkitpro/devkitARM/lib/gcc/arm-none-eabi/16.1.0/thumb/crtbegin.o
 .eh_frame      0x02010958        0x4 /opt/devkitpro/devkitARM/lib/gcc/arm-none-eabi/16.1.0/thumb/crtend.o
 *(.eh_frame.*)

.gcc_except_table
 *(.gcc_except_table .gcc_except_table.*)

.gnu_extab
 *(.gnu_extab*)

.tinfo          0x0201095c        0xc load address 0x02014958
                0x0201095c        0x4 LONG 0x2010970 __tls_start
                0x02010960        0x4 LONG 0x0 SIZEOF (.main.tls)
                0x02010964        0x4 LONG 0x0 SIZEOF (.tdata)
                0x0201095c                        PROVIDE (__tls_info = ADDR (.tinfo))

.preinit_array  0x02010968        0x0 load address 0x02014964
                0x02010968                        PROVIDE (__preinit_array_start = .)
 *(.preinit_array)
                0x02010968                        PROVIDE (__preinit_array_end = .)

.init_array     0x02010968        0x4 load address 0x02014964
                0x02010968                        PROVIDE (__init_array_start = .)
 *(SORT_BY_INIT_PRIORITY(.init_array.*) SORT_BY_INIT_PRIORITY(.ctors.*))
 *(.init_array .ctors)
 .init_array    0x02010968        0x4 /opt/devkitpro/devkitARM/lib/gcc/arm-none-eabi/16.1.0/thumb/crtbegin.o
                0x0201096c                        PROVIDE (__init_array_end = .)

.fini_array     0x0201096c        0x4 load address 0x02014968
                0x0201096c                        PROVIDE (__fini_array_start = .)
 *(SORT_BY_INIT_PRIORITY(.fini_array.*) SORT_BY_INIT_PRIORITY(.dtors.*))
 *(.fini_array .dtors)
 .fini_array    0x0201096c        0x4 /opt/devkitpro/devkitARM/lib/gcc/arm-none-eabi/16.1.0/thumb/crtbegin.o
                0x02010970                        PROVIDE (__fini_array_end = .)
                [!provide]                        PROVIDE (__main_lma = LOADADDR (.main))
                0x020013c0                        PROVIDE (__main_start = ADDR (.main))
                0x02010970                        PROVIDE (__main_end = (ADDR (.fini_array) + SIZEOF (.fini_array)))

.tdata          0x00000000        0x0 load address 0x0201496c
 *(.tdata .tdata.* .gnu.linkonce.td.*)
                0x00000000                        . = ALIGN (0x4)

.tbss           0x00000000        0x0 load address 0x0201496c
 *(.tbss .tbss.* .gnu.linkonce.tb.*)
 *(.tcommon)
                0x00000000                        . = ALIGN (0x4)
                0x00000001                        ASSERT (((ALIGNOF (.tdata) <= 0x8) || (ALIGNOF (.tbss) <= 0x8)), Error: TLS is overaligned (up to 8-byte alignment is supported))
                0x00000001                        ASSERT (((ADDR (.tbss) + SIZEOF (.tbss)) <= (ORIGIN (tls) + LENGTH (tls))), Error: TLS section too large)

.main.tls       0x02010970        0x0
                0x02010970                        . = (. + ((ADDR (.tbss) + SIZEOF (.tbss)) - ADDR (.tdata)))
                [!provide]                        PROVIDE (__tls_lma = LOADADDR (.tdata))
                0x02010970                        PROVIDE (__tls_start = ADDR (.main.tls))
                0x02010970                        PROVIDE (__tls_end = (ADDR (.main.tls) + SIZEOF (.tdata)))

.main.bss       0x02010970      0x928
 EXCLUDE_FILE(*.twl.*) *(.dynbss)
 EXCLUDE_FILE(*.twl.*) *(.bss .bss.* .gnu.linkonce.b.*)
 .bss.completed.1
                0x02010970        0x1 /opt/devkitpro/devkitARM/lib/gcc/arm-none-eabi/16.1.0/thumb/crtbegin.o
 *fill*         0x02010971        0x3 
 .bss.object.0  0x02010974       0x18 /opt/devkitpro/devkitARM/lib/gcc/arm-none-eabi/16.1.0/thumb/crtbegin.o
 .bss._ZL5frame
                0x0201098c        0x4 main.o
 .bss.currentCopy
                0x02010990       0x5c /opt/devkitpro/libnds/lib/libnds9.a(console.o)
                0x02010990                currentCopy
 .bss.keysrepeat
                0x020109ec        0x2 /opt/devkitpro/libnds/lib/libnds9.a(keys.o)
 *fill*         0x020109ee        0x2 
 .bss.s_keypad  0x020109f0        0x4 /opt/devkitpro/libnds/lib/libnds9.a(keys.o)
 .bss.bgIsTextLut
                0x020109f4        0x8 /opt/devkitpro/libnds/lib/libnds9.a(background.o)
                0x020109f4                bgIsTextLut
 .bss.bgState   0x020109fc      0x140 /opt/devkitpro/libnds/lib/libnds9.a(background.o)
                0x020109fc                bgState
 .bss.s_sleepThreads
                0x02010b3c        0x8 /opt/devkitpro/calico/lib/libcalico_ds9.a(thread_cold.o)
 .bss.s_joinThreads
                0x02010b44        0x8 /opt/devkitpro/calico/lib/libcalico_ds9.a(thread_cold.o)
 .bss.s_idleThread
                0x02010b4c       0x70 /opt/devkitpro/calico/lib/libcalico_ds9.a(thread_cold.o)
 .bss.s_mainThread
                0x02010bbc       0x70 /opt/devkitpro/calico/lib/libcalico_ds9.a(thread_cold.o)
 *fill*         0x02010c2c        0x4 
 .bss.s_pmPxiThreadStack
                0x02010c30      0x200 /opt/devkitpro/calico/lib/libcalico_ds9.a(pm.o)
 .bss.s_pmPxiThread
                0x02010e30       0x70 /opt/devkitpro/calico/lib/libcalico_ds9.a(pm.o)
 .bss.s_pmState
                0x02010ea0        0x8 /opt/devkitpro/calico/lib/libcalico_ds9.a(pm.o)
 .bss.s_firstTask
                0x02010ea8        0x4 /opt/devkitpro/calico/lib/libcalico_ds9.a(tick.o)
 *fill*         0x02010eac        0x4 
 .bss.s_highTickCount
                0x02010eb0        0x8 /opt/devkitpro/calico/lib/libcalico_ds9.a(tick.o)
 .bss.s_tickInit
                0x02010eb8        0x1 /opt/devkitpro/calico/lib/libcalico_ds9.a(tick.o)
 *fill*         0x02010eb9        0x3 
 .bss.s_mailboxRecvQueue
                0x02010ebc        0x8 /opt/devkitpro/calico/lib/libcalico_ds9.a(mailbox.o)
 .bss.s_defaultErrno.0
                0x02010ec4        0x4 /opt/devkitpro/calico/lib/libcalico_ds9.a(newlib_syscalls.o)
 .bss.__stacksize__
                0x02010ec8        0x4 /opt/devkitpro/calico/lib/libcalico_ds9.a(startup.crt0.o)
                0x02010ec8                __stacksize__
 .bss.g_isTwlMode
                0x02010ecc        0x1 /opt/devkitpro/calico/lib/libcalico_ds9.a(startup.crt0.o)
                0x02010ecc                g_isTwlMode
 *fill*         0x02010ecd        0x3 
 .bss.s_pxiChannels
                0x02010ed0      0x1f0 /opt/devkitpro/calico/lib/libcalico_ds9.a(pxi.o)
 .bss.s_pxiRecvState
                0x020110c0        0x4 /opt/devkitpro/calico/lib/libcalico_ds9.a(pxi.o)
 .bss.s_pxiRecvQueue
                0x020110c4        0x8 /opt/devkitpro/calico/lib/libcalico_ds9.a(pxi.o)
 .bss.s_pxiSendMutex
                0x020110cc        0x4 /opt/devkitpro/calico/lib/libcalico_ds9.a(pxi.o)
 .bss.__malloc_current_mallinfo
                0x020110d0       0x28 /opt/devkitpro/devkitARM/lib/gcc/arm-none-eabi/16.1.0/../../../../arm-none-eabi/lib/thumb/libg.a(libc_a-mallocr.o)
                0x020110d0                __malloc_current_mallinfo
 .bss.__malloc_max_total_mem
                0x020110f8        0x4 /opt/devkitpro/devkitARM/lib/gcc/arm-none-eabi/16.1.0/../../../../arm-none-eabi/lib/thumb/libg.a(libc_a-mallocr.o)
                0x020110f8                __malloc_max_total_mem
 .bss.__malloc_max_sbrked_mem
                0x020110fc        0x4 /opt/devkitpro/devkitARM/lib/gcc/arm-none-eabi/16.1.0/../../../../arm-none-eabi/lib/thumb/libg.a(libc_a-mallocr.o)
                0x020110fc                __malloc_max_sbrked_mem
 .bss.__malloc_top_pad
                0x02011100        0x4 /opt/devkitpro/devkitARM/lib/gcc/arm-none-eabi/16.1.0/../../../../arm-none-eabi/lib/thumb/libg.a(libc_a-mallocr.o)
                0x02011100                __malloc_top_pad
 .bss.__sfp_recursive_mutex
                0x02011104        0xc /opt/devkitpro/devkitARM/lib/gcc/arm-none-eabi/16.1.0/../../../../arm-none-eabi/lib/thumb/libg.a(libc_a-findfp.o)
 .bss.__sf      0x02011110      0x168 /opt/devkitpro/devkitARM/lib/gcc/arm-none-eabi/16.1.0/../../../../arm-none-eabi/lib/thumb/libg.a(libc_a-findfp.o)
                0x02011110                __sf
 .bss.__stdio_exit_handler
                0x02011278        0x4 /opt/devkitpro/devkitARM/lib/gcc/arm-none-eabi/16.1.0/../../../../arm-none-eabi/lib/thumb/libg.a(libc_a-findfp.o)
                0x02011278                __stdio_exit_handler
 .bss.__malloc_recursive_mutex
                0x0201127c        0xc /opt/devkitpro/devkitARM/lib/gcc/arm-none-eabi/16.1.0/../../../../arm-none-eabi/lib/thumb/libg.a(libc_a-mlock.o)
 .bss.__hndl_lock
                0x02011288        0x4 /opt/devkitpro/devkitARM/lib/gcc/arm-none-eabi/16.1.0/../../../../arm-none-eabi/lib/thumb/libsysbase.a(libsysbase_libsysbase_a-handle_manager.o)
 .bss.fake_heap_start
                0x0201128c        0x4 /opt/devkitpro/devkitARM/lib/gcc/arm-none-eabi/16.1.0/../../../../arm-none-eabi/lib/thumb/libsysbase.a(libsysbase_libsysbase_a-malloc_vars.o)
                0x0201128c                fake_heap_start
 .bss.fake_heap_end
                0x02011290        0x4 /opt/devkitpro/devkitARM/lib/gcc/arm-none-eabi/16.1.0/../../../../arm-none-eabi/lib/thumb/libsysbase.a(libsysbase_libsysbase_a-malloc_vars.o)
                0x02011290                fake_heap_end
 .bss.heap_start.0
                0x02011294        0x4 /opt/devkitpro/devkitARM/lib/gcc/arm-none-eabi/16.1.0/../../../../arm-none-eabi/lib/thumb/libsysbase.a(libsysbase_libsysbase_a-sbrk.o)
 EXCLUDE_FILE(*.twl.*) *(COMMON)
                0x02011298                        . = ALIGN (0x4)
                [!provide]                        PROVIDE (__main_bss_start = ADDR (.main.bss))
                0x02011298                        PROVIDE (__main_bss_end = (ADDR (.main.bss) + SIZEOF (.main.bss)))
                0x02011298                        . = .
                0x02011298                        PROVIDE (__heap_start_ntr = .)
                0x00000001                        ASSERT ((. <= 0x2380000), Error: DS-mode sections overflow DS ARM9 memory size (3.5 MB))

.twl            0x020112a0        0x0 load address 0x02400000
 *(.twl .twl.*)
 *.twl.*(.text .stub .text.* .gnu.linkonce.t.*)
 *.twl.*(.glue_7t .glue_7 .vfp11_veneer .v4_bx)
 *.twl.*(.rodata .rodata.* .gnu.linkonce.r.*)
 *.twl.*(.rodata1)
                0x020112a0                        . = ALIGN (0x4)

.twl.rw         0x020112a0        0x0 load address 0x02400000
 *.twl.*(.data .data.* .gnu.linkonce.d.*)
 *.twl.*(.data1)
                0x020112a0                        . = ALIGN (0x4)
                0x02400000                        PROVIDE (__twl_lma = LOADADDR (.twl))
                0x020112a0                        PROVIDE (__twl_start = ADDR (.twl))
                0x020112a0                        PROVIDE (__twl_end = (ADDR (.twl.rw) + SIZEOF (.twl.rw)))

.twl.bss        0x020112a0        0x0 load address 0x02400000
 *(.twl_bss .twl_bss.*)
 *.twl.*(.dynbss)
 *.twl.*(.bss .bss.* .gnu.linkonce.b.*)
 *.twl.*(COMMON)
                0x020112a0                        . = ALIGN (0x4)
                [!provide]                        PROVIDE (__twl_bss_start = ADDR (.twl.bss))
                0x020112a0                        PROVIDE (__twl_bss_end = (ADDR (.twl.bss) + SIZEOF (.twl.bss)))
                0x020112a0                        . = .
                0x020112a0                        PROVIDE (__heap_start_twl = .)

.loadlist       0x0e000998       0x30 load address 0x0201496c
                0x0e000998        0x4 LONG 0x1ff8000 __itcm_start
                0x0e00099c        0x4 LONG 0x1ff8664 __itcm_end
                0x0e0009a0        0x4 LONG 0x1ff8664 __itcm_end
                0x0e0009a4        0x4 LONG 0x2ff0000 __dtcm_start
                0x0e0009a8        0x4 LONG 0x2ff0000 __dtcm_end
                0x0e0009ac        0x4 LONG 0x2ff0098 __dtcm_bss_end
                0x0e0009b0        0x4 LONG 0x20013c0 __main_start
                0x0e0009b4        0x4 LONG 0x2010970 __main_end
                0x0e0009b8        0x4 LONG 0x2010970 __main_end
                0x0e0009bc        0x4 LONG 0x2010970 __tls_start
                0x0e0009c0        0x4 LONG 0x2010970 __tls_end
                0x0e0009c4        0x4 LONG 0x2011298 __main_bss_end
                0x02004d58                        PROVIDE (__loadlist_lma = __itcm_lma)
                0x0201496c                        PROVIDE (__loadlist_start = LOADADDR (.loadlist))
                0x0201499c                        PROVIDE (__loadlist_end = (LOADADDR (.loadlist) + SIZEOF (.loadlist)))

.twl.loadlist   0x0e0009c8        0xc load address 0x02400000
                0x0e0009c8        0x4 LONG 0x20112a0 __twl_start
                0x0e0009cc        0x4 LONG 0x20112a0 __twl_end
                0x0e0009d0        0x4 LONG 0x20112a0 __twl_bss_end
                0x02400000                        PROVIDE (__twl_loadlist_lma = __twl_lma)
                0x02400000                        PROVIDE (__twl_loadlist_start = LOADADDR (.twl.loadlist))
                0x0240000c                        PROVIDE (__twl_loadlist_end = (LOADADDR (.twl.loadlist) + SIZEOF (.twl.loadlist)))

.rel.dyn        0x0e0009d4        0x0 load address 0x0240000c
 .rel.iplt      0x0e0009d4        0x0 /opt/devkitpro/devkitARM/lib/gcc/arm-none-eabi/16.1.0/thumb/crtbegin.o

.stab
 *(.stab)

.stabstr
 *(.stabstr)

.stab.excl
 *(.stab.excl)

.stab.exclstr
 *(.stab.exclstr)

.stab.index
 *(.stab.index)

.stab.indexstr
 *(.stab.indexstr)

.comment        0x00000000       0x30
 *(.comment)
 .comment       0x00000000       0x30 /opt/devkitpro/devkitARM/lib/gcc/arm-none-eabi/16.1.0/thumb/crtbegin.o
                                 0x19 (size before relaxing)
 .comment       0x00000030        0x0 main.o
                                 0x19 (size before relaxing)
 .comment       0x00000030        0x0 /opt/devkitpro/libnds/lib/libnds9.a(console.o)
                                 0x19 (size before relaxing)
 .comment       0x00000030        0x0 /opt/devkitpro/libnds/lib/libnds9.a(keys.o)
                                 0x19 (size before relaxing)
 .comment       0x00000030        0x0 /opt/devkitpro/libnds/lib/libnds9.a(background.o)
                                 0x19 (size before relaxing)
 .comment       0x00000030        0x0 /opt/devkitpro/libnds/lib/libnds9.a(trig.o)
                                 0x19 (size before relaxing)
 .comment       0x00000030        0x0 /opt/devkitpro/calico/lib/libcalico_ds9.a(irq.o)
                                 0x19 (size before relaxing)
 .comment       0x00000030        0x0 /opt/devkitpro/calico/lib/libcalico_ds9.a(thread_cold.o)
                                 0x19 (size before relaxing)
 .comment       0x00000030        0x0 /opt/devkitpro/calico/lib/libcalico_ds9.a(thread_hot.32.o)
                                 0x19 (size before relaxing)
 .comment       0x00000030        0x0 /opt/devkitpro/calico/lib/libcalico_ds9.a(mutex.o)
                                 0x19 (size before relaxing)
 .comment       0x00000030        0x0 /opt/devkitpro/calico/lib/libcalico_ds9.a(arm-shims.32.o)
                                 0x19 (size before relaxing)
 .comment       0x00000030        0x0 /opt/devkitpro/calico/lib/libcalico_ds9.a(keypad.o)
                                 0x19 (size before relaxing)
 .comment       0x00000030        0x0 /opt/devkitpro/calico/lib/libcalico_ds9.a(pm.o)
                                 0x19 (size before relaxing)
 .comment       0x00000030        0x0 /opt/devkitpro/calico/lib/libcalico_ds9.a(touch.o)
                                 0x19 (size before relaxing)
 .comment       0x00000030        0x0 /opt/devkitpro/calico/lib/libcalico_ds9.a(tick.o)
                                 0x19 (size before relaxing)
 .comment       0x00000030        0x0 /opt/devkitpro/calico/lib/libcalico_ds9.a(mailbox.o)
                                 0x19 (size before relaxing)
 .comment       0x00000030        0x0 /opt/devkitpro/calico/lib/libcalico_ds9.a(newlib_syscalls.o)
                                 0x19 (size before relaxing)
 .comment       0x00000030        0x0 /opt/devkitpro/calico/lib/libcalico_ds9.a(startup.crt0.o)
                                 0x19 (size before relaxing)
 .comment       0x00000030        0x0 /opt/devkitpro/calico/lib/libcalico_ds9.a(pxi.o)
                                 0x19 (size before relaxing)
 .comment       0x00000030        0x0 /opt/devkitpro/calico/lib/libcalico_ds9.a(sys_startup.o)
                                 0x19 (size before relaxing)
 .comment       0x00000030        0x0 /opt/devkitpro/devkitARM/lib/gcc/arm-none-eabi/16.1.0/thumb/libgcc.a(_udivmoddi4.o)
                                 0x19 (size before relaxing)
 .comment       0x00000030        0x0 /opt/devkitpro/devkitARM/lib/gcc/arm-none-eabi/16.1.0/thumb/libgcc.a(_muldi3.o)
                                 0x19 (size before relaxing)
 .comment       0x00000030        0x0 /opt/devkitpro/devkitARM/lib/gcc/arm-none-eabi/16.1.0/thumb/crtend.o
                                 0x19 (size before relaxing)

.gnu.build.attributes
 *(.gnu.build.attributes .gnu.build.attributes.*)

.debug
 *(.debug)

.line
 *(.line)

.debug_srcinfo
 *(.debug_srcinfo)

.debug_sfnames
 *(.debug_sfnames)

.debug_aranges  0x00000000      0x8b0
 *(.debug_aranges)
 .debug_aranges
                0x00000000       0x28 main.o
 .debug_aranges
                0x00000028       0x80 /opt/devkitpro/libnds/lib/libnds9.a(console.o)
 .debug_aranges
                0x000000a8       0x50 /opt/devkitpro/libnds/lib/libnds9.a(keys.o)
 .debug_aranges
                0x000000f8       0x40 /opt/devkitpro/libnds/lib/libnds9.a(background.o)
 .debug_aranges
                0x00000138       0x60 /opt/devkitpro/libnds/lib/libnds9.a(trig.o)
 .debug_aranges
                0x00000198       0x20 /opt/devkitpro/calico/lib/libcalico_ds9.a(irq.o)
 .debug_aranges
                0x000001b8       0x90 /opt/devkitpro/calico/lib/libcalico_ds9.a(thread_cold.o)
 .debug_aranges
                0x00000248       0x50 /opt/devkitpro/calico/lib/libcalico_ds9.a(thread_hot.32.o)
 .debug_aranges
                0x00000298       0x58 /opt/devkitpro/calico/lib/libcalico_ds9.a(mutex.o)
 .debug_aranges
                0x000002f0       0x28 /opt/devkitpro/calico/lib/libcalico_ds9.a(arm-context.32.o)
 .debug_aranges
                0x00000318       0x70 /opt/devkitpro/calico/lib/libcalico_ds9.a(arm-shims.32.o)
 .debug_aranges
                0x00000388       0x20 /opt/devkitpro/calico/lib/libcalico_ds9.a(keypad.o)
 .debug_aranges
                0x000003a8       0xa0 /opt/devkitpro/calico/lib/libcalico_ds9.a(pm.o)
 .debug_aranges
                0x00000448       0x38 /opt/devkitpro/calico/lib/libcalico_ds9.a(bootstub_arm9.o)
 .debug_aranges
                0x00000480       0x20 /opt/devkitpro/calico/lib/libcalico_ds9.a(excpt_handler.32.o)
 .debug_aranges
                0x000004a0       0x20 /opt/devkitpro/calico/lib/libcalico_ds9.a(touch.o)
 .debug_aranges
                0x000004c0       0x50 /opt/devkitpro/calico/lib/libcalico_ds9.a(tick.o)
 .debug_aranges
                0x00000510       0x30 /opt/devkitpro/calico/lib/libcalico_ds9.a(mailbox.o)
 .debug_aranges
                0x00000540       0xb8 /opt/devkitpro/calico/lib/libcalico_ds9.a(newlib_syscalls.o)
 .debug_aranges
                0x000005f8       0x48 /opt/devkitpro/calico/lib/libcalico_ds9.a(arm-cache.32.o)
 .debug_aranges
                0x00000640       0x28 /opt/devkitpro/calico/lib/libcalico_ds9.a(startup.crt0.o)
 .debug_aranges
                0x00000668       0x28 /opt/devkitpro/calico/lib/libcalico_ds9.a(utils.crt0.o)
 .debug_aranges
                0x00000690       0x20 /opt/devkitpro/calico/lib/libcalico_ds9.a(irq_handler.32.o)
 .debug_aranges
                0x000006b0       0x78 /opt/devkitpro/calico/lib/libcalico_ds9.a(pxi.o)
 .debug_aranges
                0x00000728       0x20 /opt/devkitpro/calico/lib/libcalico_ds9.a(mpu_setup.crt0.o)
 .debug_aranges
                0x00000748       0x28 /opt/devkitpro/calico/lib/libcalico_ds9.a(sys_startup.o)
 .debug_aranges
                0x00000770       0x20 /opt/devkitpro/devkitARM/lib/gcc/arm-none-eabi/16.1.0/thumb/libgcc.a(_divsi3.o)
 .debug_aranges
                0x00000790       0x20 /opt/devkitpro/devkitARM/lib/gcc/arm-none-eabi/16.1.0/thumb/libgcc.a(_dvmd_tls.o)
 .debug_aranges
                0x000007b0       0x20 /opt/devkitpro/devkitARM/lib/gcc/arm-none-eabi/16.1.0/thumb/libgcc.a(_aeabi_uldivmod.o)
 .debug_aranges
                0x000007d0       0x20 /opt/devkitpro/devkitARM/lib/gcc/arm-none-eabi/16.1.0/thumb/libgcc.a(_udivmoddi4.o)
 .debug_aranges
                0x000007f0       0x20 /opt/devkitpro/devkitARM/lib/gcc/arm-none-eabi/16.1.0/thumb/libgcc.a(_clzdi2.o)
 .debug_aranges
                0x00000810       0x20 /opt/devkitpro/devkitARM/lib/gcc/arm-none-eabi/16.1.0/thumb/libgcc.a(_clzsi2.o)
 .debug_aranges
                0x00000830       0x20 /opt/devkitpro/devkitARM/lib/gcc/arm-none-eabi/16.1.0/thumb/libgcc.a(_thumb1_case_uqi.o)
 .debug_aranges
                0x00000850       0x20 /opt/devkitpro/devkitARM/lib/gcc/arm-none-eabi/16.1.0/thumb/libgcc.a(_thumb1_case_uhi.o)
 .debug_aranges
                0x00000870       0x20 /opt/devkitpro/devkitARM/lib/gcc/arm-none-eabi/16.1.0/thumb/libgcc.a(_udivsi3.o)
 .debug_aranges
                0x00000890       0x20 /opt/devkitpro/devkitARM/lib/gcc/arm-none-eabi/16.1.0/thumb/libgcc.a(_muldi3.o)

.debug_pubnames
 *(.debug_pubnames)

.debug_info     0x00000000    0x10ecd
 *(.debug_info .gnu.linkonce.wi.*)
 .debug_info    0x00000000      0xe62 main.o
 .debug_info    0x00000e62     0x2bfc /opt/devkitpro/libnds/lib/libnds9.a(console.o)
 .debug_info    0x00003a5e      0x48d /opt/devkitpro/libnds/lib/libnds9.a(keys.o)
 .debug_info    0x00003eeb      0xa36 /opt/devkitpro/libnds/lib/libnds9.a(background.o)
 .debug_info    0x00004921      0x77c /opt/devkitpro/libnds/lib/libnds9.a(trig.o)
 .debug_info    0x0000509d      0x28e /opt/devkitpro/calico/lib/libcalico_ds9.a(irq.o)
 .debug_info    0x0000532b     0x2067 /opt/devkitpro/calico/lib/libcalico_ds9.a(thread_cold.o)
 .debug_info    0x00007392     0x12a7 /opt/devkitpro/calico/lib/libcalico_ds9.a(thread_hot.32.o)
 .debug_info    0x00008639      0xfec /opt/devkitpro/calico/lib/libcalico_ds9.a(mutex.o)
 .debug_info    0x00009625       0x3b /opt/devkitpro/calico/lib/libcalico_ds9.a(arm-context.32.o)
 .debug_info    0x00009660      0x385 /opt/devkitpro/calico/lib/libcalico_ds9.a(arm-shims.32.o)
 .debug_info    0x000099e5      0x1c6 /opt/devkitpro/calico/lib/libcalico_ds9.a(keypad.o)
 .debug_info    0x00009bab     0x1b2d /opt/devkitpro/calico/lib/libcalico_ds9.a(pm.o)
 .debug_info    0x0000b6d8       0x3e /opt/devkitpro/calico/lib/libcalico_ds9.a(bootstub_arm9.o)
 .debug_info    0x0000b716       0x5d /opt/devkitpro/calico/lib/libcalico_ds9.a(excpt_handler.32.o)
 .debug_info    0x0000b773      0x26f /opt/devkitpro/calico/lib/libcalico_ds9.a(touch.o)
 .debug_info    0x0000b9e2      0xc64 /opt/devkitpro/calico/lib/libcalico_ds9.a(tick.o)
 .debug_info    0x0000c646      0x822 /opt/devkitpro/calico/lib/libcalico_ds9.a(mailbox.o)
 .debug_info    0x0000ce68     0x1754 /opt/devkitpro/calico/lib/libcalico_ds9.a(newlib_syscalls.o)
 .debug_info    0x0000e5bc       0x67 /opt/devkitpro/calico/lib/libcalico_ds9.a(arm-cache.32.o)
 .debug_info    0x0000e623      0x4e1 /opt/devkitpro/calico/lib/libcalico_ds9.a(startup.crt0.o)
 .debug_info    0x0000eb04       0x3b /opt/devkitpro/calico/lib/libcalico_ds9.a(utils.crt0.o)
 .debug_info    0x0000eb3f       0x33 /opt/devkitpro/calico/lib/libcalico_ds9.a(irq_handler.32.o)
 .debug_info    0x0000eb72     0x13e2 /opt/devkitpro/calico/lib/libcalico_ds9.a(pxi.o)
 .debug_info    0x0000ff54       0x33 /opt/devkitpro/calico/lib/libcalico_ds9.a(mpu_setup.crt0.o)
 .debug_info    0x0000ff87      0x5d5 /opt/devkitpro/calico/lib/libcalico_ds9.a(sys_startup.o)
 .debug_info    0x0001055c       0x3e /opt/devkitpro/devkitARM/lib/gcc/arm-none-eabi/16.1.0/thumb/libgcc.a(_divsi3.o)
 .debug_info    0x0001059a       0x3c /opt/devkitpro/devkitARM/lib/gcc/arm-none-eabi/16.1.0/thumb/libgcc.a(_dvmd_tls.o)
 .debug_info    0x000105d6       0x24 /opt/devkitpro/devkitARM/lib/gcc/arm-none-eabi/16.1.0/thumb/libgcc.a(_aeabi_uldivmod.o)
 .debug_info    0x000105fa      0x3aa /opt/devkitpro/devkitARM/lib/gcc/arm-none-eabi/16.1.0/thumb/libgcc.a(_udivmoddi4.o)
 .debug_info    0x000109a4       0x31 /opt/devkitpro/devkitARM/lib/gcc/arm-none-eabi/16.1.0/thumb/libgcc.a(_clzdi2.o)
 .debug_info    0x000109d5       0x31 /opt/devkitpro/devkitARM/lib/gcc/arm-none-eabi/16.1.0/thumb/libgcc.a(_clzsi2.o)
 .debug_info    0x00010a06       0x31 /opt/devkitpro/devkitARM/lib/gcc/arm-none-eabi/16.1.0/thumb/libgcc.a(_thumb1_case_uqi.o)
 .debug_info    0x00010a37       0x31 /opt/devkitpro/devkitARM/lib/gcc/arm-none-eabi/16.1.0/thumb/libgcc.a(_thumb1_case_uhi.o)
 .debug_info    0x00010a68       0x3e /opt/devkitpro/devkitARM/lib/gcc/arm-none-eabi/16.1.0/thumb/libgcc.a(_udivsi3.o)
 .debug_info    0x00010aa6      0x427 /opt/devkitpro/devkitARM/lib/gcc/arm-none-eabi/16.1.0/thumb/libgcc.a(_muldi3.o)

.debug_abbrev   0x00000000     0x41aa
 *(.debug_abbrev)
 .debug_abbrev  0x00000000      0x285 main.o
 .debug_abbrev  0x00000285      0x637 /opt/devkitpro/libnds/lib/libnds9.a(console.o)
 .debug_abbrev  0x000008bc      0x273 /opt/devkitpro/libnds/lib/libnds9.a(keys.o)
 .debug_abbrev  0x00000b2f      0x364 /opt/devkitpro/libnds/lib/libnds9.a(background.o)
 .debug_abbrev  0x00000e93      0x26c /opt/devkitpro/libnds/lib/libnds9.a(trig.o)
 .debug_abbrev  0x000010ff      0x1c1 /opt/devkitpro/calico/lib/libcalico_ds9.a(irq.o)
 .debug_abbrev  0x000012c0      0x634 /opt/devkitpro/calico/lib/libcalico_ds9.a(thread_cold.o)
 .debug_abbrev  0x000018f4      0x373 /opt/devkitpro/calico/lib/libcalico_ds9.a(thread_hot.32.o)
 .debug_abbrev  0x00001c67      0x392 /opt/devkitpro/calico/lib/libcalico_ds9.a(mutex.o)
 .debug_abbrev  0x00001ff9       0x26 /opt/devkitpro/calico/lib/libcalico_ds9.a(arm-context.32.o)
 .debug_abbrev  0x0000201f      0x1c3 /opt/devkitpro/calico/lib/libcalico_ds9.a(arm-shims.32.o)
 .debug_abbrev  0x000021e2       0xd0 /opt/devkitpro/calico/lib/libcalico_ds9.a(keypad.o)
 .debug_abbrev  0x000022b2      0x693 /opt/devkitpro/calico/lib/libcalico_ds9.a(pm.o)
 .debug_abbrev  0x00002945       0x26 /opt/devkitpro/calico/lib/libcalico_ds9.a(bootstub_arm9.o)
 .debug_abbrev  0x0000296b       0x26 /opt/devkitpro/calico/lib/libcalico_ds9.a(excpt_handler.32.o)
 .debug_abbrev  0x00002991      0x11a /opt/devkitpro/calico/lib/libcalico_ds9.a(touch.o)
 .debug_abbrev  0x00002aab      0x329 /opt/devkitpro/calico/lib/libcalico_ds9.a(tick.o)
 .debug_abbrev  0x00002dd4      0x2c4 /opt/devkitpro/calico/lib/libcalico_ds9.a(mailbox.o)
 .debug_abbrev  0x00003098      0x4bf /opt/devkitpro/calico/lib/libcalico_ds9.a(newlib_syscalls.o)
 .debug_abbrev  0x00003557       0x26 /opt/devkitpro/calico/lib/libcalico_ds9.a(arm-cache.32.o)
 .debug_abbrev  0x0000357d      0x1d6 /opt/devkitpro/calico/lib/libcalico_ds9.a(startup.crt0.o)
 .debug_abbrev  0x00003753       0x26 /opt/devkitpro/calico/lib/libcalico_ds9.a(utils.crt0.o)
 .debug_abbrev  0x00003779       0x28 /opt/devkitpro/calico/lib/libcalico_ds9.a(irq_handler.32.o)
 .debug_abbrev  0x000037a1      0x445 /opt/devkitpro/calico/lib/libcalico_ds9.a(pxi.o)
 .debug_abbrev  0x00003be6       0x28 /opt/devkitpro/calico/lib/libcalico_ds9.a(mpu_setup.crt0.o)
 .debug_abbrev  0x00003c0e      0x1f4 /opt/devkitpro/calico/lib/libcalico_ds9.a(sys_startup.o)
 .debug_abbrev  0x00003e02       0x28 /opt/devkitpro/devkitARM/lib/gcc/arm-none-eabi/16.1.0/thumb/libgcc.a(_divsi3.o)
 .debug_abbrev  0x00003e2a       0x26 /opt/devkitpro/devkitARM/lib/gcc/arm-none-eabi/16.1.0/thumb/libgcc.a(_dvmd_tls.o)
 .debug_abbrev  0x00003e50       0x14 /opt/devkitpro/devkitARM/lib/gcc/arm-none-eabi/16.1.0/thumb/libgcc.a(_aeabi_uldivmod.o)
 .debug_abbrev  0x00003e64      0x126 /opt/devkitpro/devkitARM/lib/gcc/arm-none-eabi/16.1.0/thumb/libgcc.a(_udivmoddi4.o)
 .debug_abbrev  0x00003f8a       0x28 /opt/devkitpro/devkitARM/lib/gcc/arm-none-eabi/16.1.0/thumb/libgcc.a(_clzdi2.o)
 .debug_abbrev  0x00003fb2       0x28 /opt/devkitpro/devkitARM/lib/gcc/arm-none-eabi/16.1.0/thumb/libgcc.a(_clzsi2.o)
 .debug_abbrev  0x00003fda       0x28 /opt/devkitpro/devkitARM/lib/gcc/arm-none-eabi/16.1.0/thumb/libgcc.a(_thumb1_case_uqi.o)
 .debug_abbrev  0x00004002       0x28 /opt/devkitpro/devkitARM/lib/gcc/arm-none-eabi/16.1.0/thumb/libgcc.a(_thumb1_case_uhi.o)
 .debug_abbrev  0x0000402a       0x28 /opt/devkitpro/devkitARM/lib/gcc/arm-none-eabi/16.1.0/thumb/libgcc.a(_udivsi3.o)
 .debug_abbrev  0x00004052      0x158 /opt/devkitpro/devkitARM/lib/gcc/arm-none-eabi/16.1.0/thumb/libgcc.a(_muldi3.o)

.debug_line     0x00000000     0xb264
 *(.debug_line .debug_line.* .debug_line_end)
 .debug_line    0x00000000      0x4ec main.o
 .debug_line    0x000004ec     0x169d /opt/devkitpro/libnds/lib/libnds9.a(console.o)
 .debug_line    0x00001b89      0x457 /opt/devkitpro/libnds/lib/libnds9.a(keys.o)
 .debug_line    0x00001fe0      0x61c /opt/devkitpro/libnds/lib/libnds9.a(background.o)
 .debug_line    0x000025fc      0x77f /opt/devkitpro/libnds/lib/libnds9.a(trig.o)
 .debug_line    0x00002d7b      0x3b3 /opt/devkitpro/calico/lib/libcalico_ds9.a(irq.o)
 .debug_line    0x0000312e     0x11fe /opt/devkitpro/calico/lib/libcalico_ds9.a(thread_cold.o)
 .debug_line    0x0000432c      0xed6 /opt/devkitpro/calico/lib/libcalico_ds9.a(thread_hot.32.o)
 .debug_line    0x00005202      0xd5e /opt/devkitpro/calico/lib/libcalico_ds9.a(mutex.o)
 .debug_line    0x00005f60       0x69 /opt/devkitpro/calico/lib/libcalico_ds9.a(arm-context.32.o)
 .debug_line    0x00005fc9      0x36d /opt/devkitpro/calico/lib/libcalico_ds9.a(arm-shims.32.o)
 .debug_line    0x00006336      0x232 /opt/devkitpro/calico/lib/libcalico_ds9.a(keypad.o)
 .debug_line    0x00006568      0xfa7 /opt/devkitpro/calico/lib/libcalico_ds9.a(pm.o)
 .debug_line    0x0000750f      0x108 /opt/devkitpro/calico/lib/libcalico_ds9.a(bootstub_arm9.o)
 .debug_line    0x00007617       0x66 /opt/devkitpro/calico/lib/libcalico_ds9.a(excpt_handler.32.o)
 .debug_line    0x0000767d      0x2a1 /opt/devkitpro/calico/lib/libcalico_ds9.a(touch.o)
 .debug_line    0x0000791e      0xbae /opt/devkitpro/calico/lib/libcalico_ds9.a(tick.o)
 .debug_line    0x000084cc      0x5e7 /opt/devkitpro/calico/lib/libcalico_ds9.a(mailbox.o)
 .debug_line    0x00008ab3      0x9aa /opt/devkitpro/calico/lib/libcalico_ds9.a(newlib_syscalls.o)
 .debug_line    0x0000945d       0xb2 /opt/devkitpro/calico/lib/libcalico_ds9.a(arm-cache.32.o)
 .debug_line    0x0000950f      0x480 /opt/devkitpro/calico/lib/libcalico_ds9.a(startup.crt0.o)
 .debug_line    0x0000998f       0x7d /opt/devkitpro/calico/lib/libcalico_ds9.a(utils.crt0.o)
 .debug_line    0x00009a0c       0x92 /opt/devkitpro/calico/lib/libcalico_ds9.a(irq_handler.32.o)
 .debug_line    0x00009a9e      0xb09 /opt/devkitpro/calico/lib/libcalico_ds9.a(pxi.o)
 .debug_line    0x0000a5a7       0x6e /opt/devkitpro/calico/lib/libcalico_ds9.a(mpu_setup.crt0.o)
 .debug_line    0x0000a615      0x65d /opt/devkitpro/calico/lib/libcalico_ds9.a(sys_startup.o)
 .debug_line    0x0000ac72       0x73 /opt/devkitpro/devkitARM/lib/gcc/arm-none-eabi/16.1.0/thumb/libgcc.a(_divsi3.o)
 .debug_line    0x0000ace5       0x4a /opt/devkitpro/devkitARM/lib/gcc/arm-none-eabi/16.1.0/thumb/libgcc.a(_dvmd_tls.o)
 .debug_line    0x0000ad2f       0x4e /opt/devkitpro/devkitARM/lib/gcc/arm-none-eabi/16.1.0/thumb/libgcc.a(_aeabi_uldivmod.o)
 .debug_line    0x0000ad7d      0x1e7 /opt/devkitpro/devkitARM/lib/gcc/arm-none-eabi/16.1.0/thumb/libgcc.a(_udivmoddi4.o)
 .debug_line    0x0000af64       0x54 /opt/devkitpro/devkitARM/lib/gcc/arm-none-eabi/16.1.0/thumb/libgcc.a(_clzdi2.o)
 .debug_line    0x0000afb8       0x57 /opt/devkitpro/devkitARM/lib/gcc/arm-none-eabi/16.1.0/thumb/libgcc.a(_clzsi2.o)
 .debug_line    0x0000b00f       0x52 /opt/devkitpro/devkitARM/lib/gcc/arm-none-eabi/16.1.0/thumb/libgcc.a(_thumb1_case_uqi.o)
 .debug_line    0x0000b061       0x53 /opt/devkitpro/devkitARM/lib/gcc/arm-none-eabi/16.1.0/thumb/libgcc.a(_thumb1_case_uhi.o)
 .debug_line    0x0000b0b4       0x67 /opt/devkitpro/devkitARM/lib/gcc/arm-none-eabi/16.1.0/thumb/libgcc.a(_udivsi3.o)
 .debug_line    0x0000b11b      0x149 /opt/devkitpro/devkitARM/lib/gcc/arm-none-eabi/16.1.0/thumb/libgcc.a(_muldi3.o)

.debug_frame    0x00000000     0x1180
 *(.debug_frame)
 .debug_frame   0x00000000       0x38 main.o
 .debug_frame   0x00000038      0x17c /opt/devkitpro/libnds/lib/libnds9.a(console.o)
 .debug_frame   0x000001b4       0x98 /opt/devkitpro/libnds/lib/libnds9.a(keys.o)
 .debug_frame   0x0000024c       0xb4 /opt/devkitpro/libnds/lib/libnds9.a(background.o)
 .debug_frame   0x00000300       0xd8 /opt/devkitpro/libnds/lib/libnds9.a(trig.o)
 .debug_frame   0x000003d8       0x28 /opt/devkitpro/calico/lib/libcalico_ds9.a(irq.o)
 .debug_frame   0x00000400      0x1bc /opt/devkitpro/calico/lib/libcalico_ds9.a(thread_cold.o)
 .debug_frame   0x000005bc       0xe0 /opt/devkitpro/calico/lib/libcalico_ds9.a(thread_hot.32.o)
 .debug_frame   0x0000069c      0x118 /opt/devkitpro/calico/lib/libcalico_ds9.a(mutex.o)
 .debug_frame   0x000007b4       0x30 /opt/devkitpro/calico/lib/libcalico_ds9.a(arm-context.32.o)
 .debug_frame   0x000007e4       0xc0 /opt/devkitpro/calico/lib/libcalico_ds9.a(arm-shims.32.o)
 .debug_frame   0x000008a4       0x20 /opt/devkitpro/calico/lib/libcalico_ds9.a(keypad.o)
 .debug_frame   0x000008c4      0x190 /opt/devkitpro/calico/lib/libcalico_ds9.a(pm.o)
 .debug_frame   0x00000a54       0x30 /opt/devkitpro/calico/lib/libcalico_ds9.a(bootstub_arm9.o)
 .debug_frame   0x00000a84       0x28 /opt/devkitpro/calico/lib/libcalico_ds9.a(touch.o)
 .debug_frame   0x00000aac       0xf0 /opt/devkitpro/calico/lib/libcalico_ds9.a(tick.o)
 .debug_frame   0x00000b9c       0x64 /opt/devkitpro/calico/lib/libcalico_ds9.a(mailbox.o)
 .debug_frame   0x00000c00      0x1d8 /opt/devkitpro/calico/lib/libcalico_ds9.a(newlib_syscalls.o)
 .debug_frame   0x00000dd8       0x70 /opt/devkitpro/calico/lib/libcalico_ds9.a(arm-cache.32.o)
 .debug_frame   0x00000e48       0x58 /opt/devkitpro/calico/lib/libcalico_ds9.a(startup.crt0.o)
 .debug_frame   0x00000ea0       0x30 /opt/devkitpro/calico/lib/libcalico_ds9.a(utils.crt0.o)
 .debug_frame   0x00000ed0       0x20 /opt/devkitpro/calico/lib/libcalico_ds9.a(irq_handler.32.o)
 .debug_frame   0x00000ef0      0x15c /opt/devkitpro/calico/lib/libcalico_ds9.a(pxi.o)
 .debug_frame   0x0000104c       0x20 /opt/devkitpro/calico/lib/libcalico_ds9.a(mpu_setup.crt0.o)
 .debug_frame   0x0000106c       0x38 /opt/devkitpro/calico/lib/libcalico_ds9.a(sys_startup.o)
 .debug_frame   0x000010a4       0x20 /opt/devkitpro/devkitARM/lib/gcc/arm-none-eabi/16.1.0/thumb/libgcc.a(_divsi3.o)
 .debug_frame   0x000010c4       0x2c /opt/devkitpro/devkitARM/lib/gcc/arm-none-eabi/16.1.0/thumb/libgcc.a(_aeabi_uldivmod.o)
 .debug_frame   0x000010f0       0x3c /opt/devkitpro/devkitARM/lib/gcc/arm-none-eabi/16.1.0/thumb/libgcc.a(_udivmoddi4.o)
 .debug_frame   0x0000112c       0x20 /opt/devkitpro/devkitARM/lib/gcc/arm-none-eabi/16.1.0/thumb/libgcc.a(_udivsi3.o)
 .debug_frame   0x0000114c       0x34 /opt/devkitpro/devkitARM/lib/gcc/arm-none-eabi/16.1.0/thumb/libgcc.a(_muldi3.o)

.debug_str      0x00000000     0x4815
 *(.debug_str)
 .debug_str     0x00000000     0x4815 main.o
                                0xc02 (size before relaxing)
 .debug_str     0x00004815        0x0 /opt/devkitpro/libnds/lib/libnds9.a(console.o)
                               0x1329 (size before relaxing)
 .debug_str     0x00004815        0x0 /opt/devkitpro/libnds/lib/libnds9.a(keys.o)
                                0x2eb (size before relaxing)
 .debug_str     0x00004815        0x0 /opt/devkitpro/libnds/lib/libnds9.a(background.o)
                                0x76c (size before relaxing)
 .debug_str     0x00004815        0x0 /opt/devkitpro/libnds/lib/libnds9.a(trig.o)
                                0x2d5 (size before relaxing)
 .debug_str     0x00004815        0x0 /opt/devkitpro/calico/lib/libcalico_ds9.a(irq.o)
                                0x24b (size before relaxing)
 .debug_str     0x00004815        0x0 /opt/devkitpro/calico/lib/libcalico_ds9.a(thread_cold.o)
                                0xa3c (size before relaxing)
 .debug_str     0x00004815        0x0 /opt/devkitpro/calico/lib/libcalico_ds9.a(thread_hot.32.o)
                                0x508 (size before relaxing)
 .debug_str     0x00004815        0x0 /opt/devkitpro/calico/lib/libcalico_ds9.a(mutex.o)
                                0x518 (size before relaxing)
 .debug_str     0x00004815        0x0 /opt/devkitpro/calico/lib/libcalico_ds9.a(arm-context.32.o)
                                 0xef (size before relaxing)
 .debug_str     0x00004815        0x0 /opt/devkitpro/calico/lib/libcalico_ds9.a(arm-shims.32.o)
                                0x286 (size before relaxing)
 .debug_str     0x00004815        0x0 /opt/devkitpro/calico/lib/libcalico_ds9.a(keypad.o)
                                0x2a0 (size before relaxing)
 .debug_str     0x00004815        0x0 /opt/devkitpro/calico/lib/libcalico_ds9.a(pm.o)
                                0xd83 (size before relaxing)
 .debug_str     0x00004815        0x0 /opt/devkitpro/calico/lib/libcalico_ds9.a(bootstub_arm9.o)
                                 0xfe (size before relaxing)
 .debug_str     0x00004815        0x0 /opt/devkitpro/calico/lib/libcalico_ds9.a(excpt_handler.32.o)
                                0x128 (size before relaxing)
 .debug_str     0x00004815        0x0 /opt/devkitpro/calico/lib/libcalico_ds9.a(touch.o)
                                0x2c3 (size before relaxing)
 .debug_str     0x00004815        0x0 /opt/devkitpro/calico/lib/libcalico_ds9.a(tick.o)
                                0x3b6 (size before relaxing)
 .debug_str     0x00004815        0x0 /opt/devkitpro/calico/lib/libcalico_ds9.a(mailbox.o)
                                0x3c2 (size before relaxing)
 .debug_str     0x00004815        0x0 /opt/devkitpro/calico/lib/libcalico_ds9.a(newlib_syscalls.o)
                                0xc06 (size before relaxing)
 .debug_str     0x00004815        0x0 /opt/devkitpro/calico/lib/libcalico_ds9.a(arm-cache.32.o)
                                0x143 (size before relaxing)
 .debug_str     0x00004815        0x0 /opt/devkitpro/calico/lib/libcalico_ds9.a(startup.crt0.o)
                                0x39e (size before relaxing)
 .debug_str     0x00004815        0x0 /opt/devkitpro/calico/lib/libcalico_ds9.a(utils.crt0.o)
                                 0xf6 (size before relaxing)
 .debug_str     0x00004815        0x0 /opt/devkitpro/calico/lib/libcalico_ds9.a(irq_handler.32.o)
                                 0xe1 (size before relaxing)
 .debug_str     0x00004815        0x0 /opt/devkitpro/calico/lib/libcalico_ds9.a(pxi.o)
                                0x9a7 (size before relaxing)
 .debug_str     0x00004815        0x0 /opt/devkitpro/calico/lib/libcalico_ds9.a(mpu_setup.crt0.o)
                                 0xe3 (size before relaxing)
 .debug_str     0x00004815        0x0 /opt/devkitpro/calico/lib/libcalico_ds9.a(sys_startup.o)
                                0x3d9 (size before relaxing)
 .debug_str     0x00004815        0x0 /opt/devkitpro/devkitARM/lib/gcc/arm-none-eabi/16.1.0/thumb/libgcc.a(_divsi3.o)
                                 0xf4 (size before relaxing)
 .debug_str     0x00004815        0x0 /opt/devkitpro/devkitARM/lib/gcc/arm-none-eabi/16.1.0/thumb/libgcc.a(_dvmd_tls.o)
                                 0xf7 (size before relaxing)
 .debug_str     0x00004815        0x0 /opt/devkitpro/devkitARM/lib/gcc/arm-none-eabi/16.1.0/thumb/libgcc.a(_aeabi_uldivmod.o)
                                 0xd7 (size before relaxing)
 .debug_str     0x00004815        0x0 /opt/devkitpro/devkitARM/lib/gcc/arm-none-eabi/16.1.0/thumb/libgcc.a(_udivmoddi4.o)
                                0x686 (size before relaxing)
 .debug_str     0x00004815        0x0 /opt/devkitpro/devkitARM/lib/gcc/arm-none-eabi/16.1.0/thumb/libgcc.a(_clzdi2.o)
                                 0xe4 (size before relaxing)
 .debug_str     0x00004815        0x0 /opt/devkitpro/devkitARM/lib/gcc/arm-none-eabi/16.1.0/thumb/libgcc.a(_clzsi2.o)
                                 0xe4 (size before relaxing)
 .debug_str     0x00004815        0x0 /opt/devkitpro/devkitARM/lib/gcc/arm-none-eabi/16.1.0/thumb/libgcc.a(_thumb1_case_uqi.o)
                                 0xf1 (size before relaxing)
 .debug_str     0x00004815        0x0 /opt/devkitpro/devkitARM/lib/gcc/arm-none-eabi/16.1.0/thumb/libgcc.a(_thumb1_case_uhi.o)
                                 0xf1 (size before relaxing)
 .debug_str     0x00004815        0x0 /opt/devkitpro/devkitARM/lib/gcc/arm-none-eabi/16.1.0/thumb/libgcc.a(_udivsi3.o)
                                 0xf6 (size before relaxing)
 .debug_str     0x00004815        0x0 /opt/devkitpro/devkitARM/lib/gcc/arm-none-eabi/16.1.0/thumb/libgcc.a(_muldi3.o)
                                0x6ad (size before relaxing)

.debug_loc
 *(.debug_loc)

.debug_macinfo
 *(.debug_macinfo)

.debug_weaknames
 *(.debug_weaknames)

.debug_funcnames
 *(.debug_funcnames)

.debug_typenames
 *(.debug_typenames)

.debug_varnames
 *(.debug_varnames)

.debug_pubtypes
 *(.debug_pubtypes)

.debug_ranges
 *(.debug_ranges)

.debug_macro
 *(.debug_macro)

.debug_addr
 *(.debug_addr)

.ARM.attributes
                0x00000000       0x27
 *(.ARM.attributes)
 .ARM.attributes
                0x00000000       0x1c /opt/devkitpro/devkitARM/lib/gcc/arm-none-eabi/16.1.0/thumb/crti.o
 .ARM.attributes
                0x0000001c       0x2a /opt/devkitpro/devkitARM/lib/gcc/arm-none-eabi/16.1.0/thumb/crtbegin.o
 .ARM.attributes
                0x00000046       0x2b main.o
 .ARM.attributes
                0x00000071       0x2b /opt/devkitpro/libnds/lib/libnds9.a(console.o)
 .ARM.attributes
                0x0000009c       0x2b /opt/devkitpro/libnds/lib/libnds9.a(keys.o)
 .ARM.attributes
                0x000000c7       0x1b /opt/devkitpro/libnds/lib/libnds9.a(default_font.bin.o)
 .ARM.attributes
                0x000000e2       0x2b /opt/devkitpro/libnds/lib/libnds9.a(background.o)
 .ARM.attributes
                0x0000010d       0x2b /opt/devkitpro/libnds/lib/libnds9.a(trig.o)
 .ARM.attributes
                0x00000138       0x2b /opt/devkitpro/calico/lib/libcalico_ds9.a(irq.o)
 .ARM.attributes
                0x00000163       0x2b /opt/devkitpro/calico/lib/libcalico_ds9.a(thread_cold.o)
 .ARM.attributes
                0x0000018e       0x2b /opt/devkitpro/calico/lib/libcalico_ds9.a(thread_hot.32.o)
 .ARM.attributes