Archive member included to satisfy reference by file (symbol)

/opt/wonderful/thirdparty/blocksds/core/libs/libnds/lib/libnds9.a(cp15.s.o)
                              /opt/wonderful/thirdparty/blocksds/core/sys/crts/ds_arm9_crt0.o (CP15_FlushICache)
/opt/wonderful/thirdparty/blocksds/core/libs/libnds/lib/libnds9.a(mpu_setup.s.o)
                              /opt/wonderful/thirdparty/blocksds/core/sys/crts/ds_arm9_crt0.o (__libnds_mpu_setup)
/opt/wonderful/thirdparty/blocksds/core/libs/libnds/lib/libnds9.a(crt0_argv.c.o)
                              /opt/wonderful/thirdparty/blocksds/core/sys/crts/ds_arm9_crt0.o (build_argv)
/opt/wonderful/thirdparty/blocksds/core/libs/libnds/lib/libnds9.a(video.c.o)
                              build/vram_dma_2d/source/main.c.o (vramSetPrimaryBanks)
/opt/wonderful/thirdparty/blocksds/core/libs/libnds/lib/libnds9.a(securearea.c.o)
                              /opt/wonderful/thirdparty/blocksds/core/sys/crts/ds_arm9_crt0.o (__secure_area__)
/opt/wonderful/thirdparty/blocksds/core/libs/libnds/lib/libnds9.a(keys.c.o)
                              build/vram_dma_2d/source/main.c.o (scanKeys)
/opt/wonderful/thirdparty/blocksds/core/libs/libnds/lib/libnds9.a(initSystem.c.o)
                              /opt/wonderful/thirdparty/blocksds/core/sys/crts/ds_arm9_crt0.o (__debugger_unit)
/opt/wonderful/thirdparty/blocksds/core/libs/libnds/lib/libnds9.a(cache.c.o)
                              build/vram_dma_2d/source/main.c.o (CP15_FlushDCacheRange)
/opt/wonderful/thirdparty/blocksds/core/libs/libnds/lib/libnds9.a(exceptions.c.o)
                              /opt/wonderful/thirdparty/blocksds/core/libs/libnds/lib/libnds9.a(initSystem.c.o) (releaseExceptionHandler)
/opt/wonderful/thirdparty/blocksds/core/libs/libnds/lib/libnds9.a(console.c.o)
                              build/vram_dma_2d/source/main.c.o (consoleInit)
/opt/wonderful/thirdparty/blocksds/core/libs/libnds/lib/libnds9.a(dlmalloc.c.o)
                              /opt/wonderful/thirdparty/blocksds/core/libs/libnds/lib/libnds9.a(console.c.o) (malloc)
/opt/wonderful/thirdparty/blocksds/core/libs/libnds/lib/libnds9.a(exit.c.o)
                              /opt/wonderful/thirdparty/blocksds/core/sys/crts/ds_arm9_crt0.o (__libnds_exit)
/opt/wonderful/thirdparty/blocksds/core/libs/libnds/lib/libnds9.a(sbrk.c.o)
                              /opt/wonderful/thirdparty/blocksds/core/libs/libnds/lib/libnds9.a(dlmalloc.c.o) (sbrk)
/opt/wonderful/thirdparty/blocksds/core/libs/libnds/lib/libnds9.a(heapfuncs.c.o)
                              /opt/wonderful/thirdparty/blocksds/core/libs/libnds/lib/libnds9.a(initSystem.c.o) (reduceHeapSize)
/opt/wonderful/thirdparty/blocksds/core/libs/libnds/lib/libnds9.a(swiIntrWait.c.o)
                              build/vram_dma_2d/source/main.c.o (swiWaitForVBlank)
/opt/wonderful/thirdparty/blocksds/core/libs/libnds/lib/libnds9.a(threads.c.o)
                              /opt/wonderful/thirdparty/blocksds/core/libs/libnds/lib/libnds9.a(dlmalloc.c.o) (cothread_yield_signal)
/opt/wonderful/thirdparty/blocksds/core/libs/libnds/lib/libnds9.a(coroutine.c.o)
                              /opt/wonderful/thirdparty/blocksds/core/libs/libnds/lib/libnds9.a(threads.c.o) (__ndsabi_coro_make_noctx)
/opt/wonderful/thirdparty/blocksds/core/libs/libnds/lib/libnds9.a(debugprint.c.o)
                              /opt/wonderful/thirdparty/blocksds/core/libs/libnds/lib/libnds9.a(console.c.o) (nocash_putc_buffered)
/opt/wonderful/thirdparty/blocksds/core/libs/libnds/lib/libnds9.a(interrupts.c.o)
                              /opt/wonderful/thirdparty/blocksds/core/libs/libnds/lib/libnds9.a(initSystem.c.o) (irqInit)
/opt/wonderful/thirdparty/blocksds/core/libs/libnds/lib/libnds9.a(fifosystem.c.o)
                              /opt/wonderful/thirdparty/blocksds/core/libs/libnds/lib/libnds9.a(exit.c.o) (fifoSendValue32)
/opt/wonderful/thirdparty/blocksds/core/libs/libnds/lib/libnds9.a(exceptions.c.o)
                              /opt/wonderful/thirdparty/blocksds/core/libs/libnds/lib/libnds9.a(exceptions.c.o) (setExceptionHandler)
/opt/wonderful/thirdparty/blocksds/core/libs/libnds/lib/libnds9.a(default_font.png.o)
                              /opt/wonderful/thirdparty/blocksds/core/libs/libnds/lib/libnds9.a(console.c.o) (default_fontTiles)
/opt/wonderful/thirdparty/blocksds/core/libs/libnds/lib/libnds9.a(cpu_clock.s.o)
                              /opt/wonderful/thirdparty/blocksds/core/libs/libnds/lib/libnds9.a(initSystem.c.o) (setCpuClock)
/opt/wonderful/thirdparty/blocksds/core/libs/libnds/lib/libnds9.a(dma.s.o)
                              /opt/wonderful/thirdparty/blocksds/core/libs/libnds/lib/libnds9.a(video.c.o) (dmaSetParams)
/opt/wonderful/thirdparty/blocksds/core/libs/libnds/lib/libnds9.a(aeabi_read_tp.s.o)
                              /opt/wonderful/thirdparty/blocksds/core/libs/libnds/lib/libnds9.a(dlmalloc.c.o) (__aeabi_read_tp)
[...]
Memory Configuration

Name             Origin             Length             Attributes
ewram            0x02000000         0x00380000
dtcm             0x02ff4000         0x00004000
itcm             0x01000000         0x00008000
*default*        0x00000000         0xffffffff

Linker script and memory map

                0x00000000                        PROVIDE (__dtcm_data_size = 0x0)
                0x00000001                        ASSERT (((__dtcm_data_size & 0x3) == 0x0), __dtcm_data_size must be a multiple of 4)
                0x00004000                        PROVIDE (__dldi_size = 0x4000)
                0x00000040                        PROVIDE (__dtcm_reserved_size = 0x40)
                0x00000001                        ASSERT (((__dtcm_reserved_size & 0x3) == 0x0), __dtcm_reserved_size must be a multiple of 4)
                0x00000100                        PROVIDE (__svc_stack_size = 0x100)
                0x00000001                        ASSERT (((__svc_stack_size & 0x3) == 0x0), __svc_stack_size must be a multiple of 4)
                0x00000100                        PROVIDE (__irq_stack_size = 0x100)
                0x00000001                        ASSERT (((__irq_stack_size & 0x3) == 0x0), __irq_stack_size must be a multiple of 4)
                0x00000000                        PROVIDE (__usr_stack_size = 0x0)
                0x00000001                        ASSERT (((__usr_stack_size & 0x3) == 0x0), __usr_stack_size must be a multiple of 4)
                0x02380000                        __ewram_end = (ORIGIN (ewram) + LENGTH (ewram))
                0x02380000                        __eheap_end = (ORIGIN (ewram) + LENGTH (ewram))
                0x02ff4000                        __dtcm_start = ORIGIN (dtcm)
                0x02ff8000                        __dtcm_top = (ORIGIN (dtcm) + LENGTH (dtcm))
                0x02ff7ff8                        __irq_flags = (__dtcm_top - 0x8)
                0x02ff7ffc                        __irq_vector = (__dtcm_top - 0x4)
                0x02ff7fc0                        __sp_svc = (__dtcm_top - __dtcm_reserved_size)
                0x02ff7ec0                        __sp_irq = (__sp_svc - __svc_stack_size)
                0x02ff7dc0                        __sp_usr = ((__sp_irq - __irq_stack_size) - __dtcm_data_size)
                0x02ff4000                        __dtcm_data_start = (__dtcm_data_size > 0x0)?__sp_usr:ORIGIN (dtcm)
                0x02ff7dc0                        __dtcm_data_top = (__dtcm_data_size > 0x0)?(__sp_irq - __irq_stack_size):(__sp_usr - __usr_stack_size)
                0x0000000e                        __dldi_log2_size = (LOG2CEIL ((__dldi_size + 0x1)) - 0x1)

.secure         0x02000000      0x800
 *(.secure)
 .secure        0x02000000      0x800 /opt/wonderful/thirdparty/blocksds/core/libs/libnds/lib/libnds9.a(securearea.c.o)
                0x02000000                __secure_area__

.crt0           0x02000800      0x2e4
                0x02000800                        __text_start = .
 *(.crt0)
 .crt0          0x02000800      0x2e4 /opt/wonderful/thirdparty/blocksds/core/sys/crts/ds_arm9_crt0.o
                0x02000800                _start
                0x02000ae4                        . = ALIGN (0x4)

.dldi           0x02000ae4        0x0
                0x02000ae4                        __dldi_start = .
 *(.dldi)
                0x02000ae4                        . = ALIGN (0x4)
                0x02000ae4                        __dldi_data_end = .
                0x02000ae4                        __dldi_end = (__dldi_data_end > __dldi_start)?(__dldi_start + __dldi_size):__dldi_start
                0x02000ae4                        . = __dldi_end
                0x02000ae4                        . = ALIGN (0x4)

.plt
 *(.plt)

.init           0x02000ae4        0x8
 *(SORT_NONE(.init))
 .init          0x02000ae4        0x8 /opt/wonderful/toolchain/gcc-arm-none-eabi/lib/gcc/arm-none-eabi/16.1.1/thumb/arm946e-s/crtn.o

.text           0x02000af0     0x5f48
 *(EXCLUDE_FILE(*.twl* *.itcm*) .text)
 .text          0x02000af0        0xe /opt/wonderful/toolchain/gcc-arm-none-eabi/lib/gcc/arm-none-eabi/16.1.1/../../../../arm-none-eabi/lib/thumb/arm946e-s/libc.a(strlen.S.o)
                0x02000af0                strlen
 *fill*         0x02000afe        0x2 ff
 .text          0x02000b00       0x14 /opt/wonderful/toolchain/gcc-arm-none-eabi/lib/gcc/arm-none-eabi/16.1.1/thumb/arm946e-s/libgcc.a(_thumb1_case_uqi.o)
                0x02000b00                __gnu_thumb1_case_uqi
 .text          0x02000b14       0x14 /opt/wonderful/toolchain/gcc-arm-none-eabi/lib/gcc/arm-none-eabi/16.1.1/thumb/arm946e-s/libgcc.a(_thumb1_case_uhi.o)
                0x02000b14                __gnu_thumb1_case_uhi
 .text          0x02000b28      0x214 /opt/wonderful/toolchain/gcc-arm-none-eabi/lib/gcc/arm-none-eabi/16.1.1/thumb/arm946e-s/libgcc.a(_udivsi3.o)
                0x02000b28                __udivsi3
                0x02000b28                __aeabi_uidiv
                0x02000d1c                __aeabi_uidivmod
 .text          0x02000d3c      0x248 /opt/wonderful/toolchain/gcc-arm-none-eabi/lib/gcc/arm-none-eabi/16.1.1/thumb/arm946e-s/libgcc.a(_divsi3.o)
                0x02000d3c                __aeabi_idiv
                0x02000d3c                __divsi3
                0x02000f64                __aeabi_idivmod
 .text          0x02000f84        0x4 /opt/wonderful/toolchain/gcc-arm-none-eabi/lib/gcc/arm-none-eabi/16.1.1/thumb/arm946e-s/libgcc.a(_dvmd_tls.o)
                0x02000f84                __aeabi_ldiv0
                0x02000f84                __aeabi_idiv0
 .text          0x02000f88       0x18 /opt/wonderful/toolchain/gcc-arm-none-eabi/lib/gcc/arm-none-eabi/16.1.1/thumb/arm946e-s/libgcc.a(_lshrdi3.o)
                0x02000f88                __aeabi_llsr
                0x02000f88                __lshrdi3
 .text          0x02000fa0       0x1c /opt/wonderful/toolchain/gcc-arm-none-eabi/lib/gcc/arm-none-eabi/16.1.1/thumb/arm946e-s/libgcc.a(_ashrdi3.o)
                0x02000fa0                __ashrdi3
                0x02000fa0                __aeabi_lasr
 .text          0x02000fbc       0x18 /opt/wonderful/toolchain/gcc-arm-none-eabi/lib/gcc/arm-none-eabi/16.1.1/thumb/arm946e-s/libgcc.a(_ashldi3.o)
                0x02000fbc                __ashldi3
                0x02000fbc                __aeabi_llsl
 .text          0x02000fd4        0x8 /opt/wonderful/toolchain/gcc-arm-none-eabi/lib/gcc/arm-none-eabi/16.1.1/thumb/arm946e-s/libgcc.a(_clzsi2.o)
                0x02000fd4                __clzsi2
 .text          0x02000fdc       0x14 /opt/wonderful/toolchain/gcc-arm-none-eabi/lib/gcc/arm-none-eabi/16.1.1/thumb/arm946e-s/libgcc.a(_clzdi2.o)
                0x02000fdc                __clzdi2
 .text          0x02000ff0       0x3c /opt/wonderful/toolchain/gcc-arm-none-eabi/lib/gcc/arm-none-eabi/16.1.1/thumb/arm946e-s/libgcc.a(_aeabi_uldivmod.o)
                0x02000ff0                __aeabi_uldivmod
 .text          0x0200102c      0x190 /opt/wonderful/toolchain/gcc-arm-none-eabi/lib/gcc/arm-none-eabi/16.1.1/thumb/arm946e-s/libgcc.a(_udivmoddi4.o)
                0x0200102c                __udivmoddi4
 .text          0x020011bc       0x14 /opt/wonderful/toolchain/gcc-arm-none-eabi/lib/gcc/arm-none-eabi/16.1.1/thumb/arm946e-s/libgcc.a(muldi3.o)
                0x020011bc                __aeabi_lmul
                0x020011bc                __muldi3
 *(EXCLUDE_FILE(*.twl* *.itcm*) .stub)
 *(EXCLUDE_FILE(*.twl* *.itcm*) .text.*)
 .text.run_mode
                0x020011d0      0x68c build/vram_dma_2d/source/main.c.o
 .text.startup.main
                0x0200185c      0x134 build/vram_dma_2d/source/main.c.o
                0x0200185c                main
 .text.CP15_FlushICache
                0x02001990        0xc /opt/wonderful/thirdparty/blocksds/core/libs/libnds/lib/libnds9.a(cp15.s.o)
                0x02001990                CP15_FlushICache
 .text.CP15_FlushDCache
                0x0200199c        0xc /opt/wonderful/thirdparty/blocksds/core/libs/libnds/lib/libnds9.a(cp15.s.o)
                0x0200199c                CP15_FlushDCache
 .text.CP15_CleanAndFlushDCache
                0x020019a8       0x34 /opt/wonderful/thirdparty/blocksds/core/libs/libnds/lib/libnds9.a(cp15.s.o)
                0x020019a8                CP15_CleanAndFlushDCache
 .text.__libnds_mpu_setup
                0x020019dc      0x1c4 /opt/wonderful/thirdparty/blocksds/core/libs/libnds/lib/libnds9.a(mpu_setup.s.o)
                0x020019dc                __libnds_mpu_setup
 .text.CP15_MPUDisable
                0x02001ba0       0x3c /opt/wonderful/thirdparty/blocksds/core/libs/libnds/lib/libnds9.a(mpu_setup.s.o)
                0x02001ba0                CP15_MPUDisable
 .text.__libnds_mpu_jump_past_dtcm
                0x02001bdc       0x4c /opt/wonderful/thirdparty/blocksds/core/libs/libnds/lib/libnds9.a(mpu_setup.s.o)
                0x02001bdc                __libnds_mpu_jump_past_dtcm
 .text.memUncached
                0x02001c28       0x20 /opt/wonderful/thirdparty/blocksds/core/libs/libnds/lib/libnds9.a(mpu_setup.s.o)
                0x02001c28                memUncached
 .text.build_argv
                0x02001c48       0x58 /opt/wonderful/thirdparty/blocksds/core/libs/libnds/lib/libnds9.a(crt0_argv.c.o)
                0x02001c48                build_argv
 .text.vramSetPrimaryBanks
                0x02001ca0       0x38 /opt/wonderful/thirdparty/blocksds/core/libs/libnds/lib/libnds9.a(video.c.o)
                0x02001ca0                vramSetPrimaryBanks
 .text.setBrightness
                0x02001cd8       0x3c /opt/wonderful/thirdparty/blocksds/core/libs/libnds/lib/libnds9.a(video.c.o)
                0x02001cd8                setBrightness
 .text.vramDefault
                0x02001d14       0xe4 /opt/wonderful/thirdparty/blocksds/core/libs/libnds/lib/libnds9.a(video.c.o)
                0x02001d14                vramDefault
 .text.scanKeys
                0x02001df8       0xcc /opt/wonderful/thirdparty/blocksds/core/libs/libnds/lib/libnds9.a(keys.c.o)
                0x02001df8                scanKeys
 .text.keysHeld
                0x02001ec4        0xc /opt/wonderful/thirdparty/blocksds/core/libs/libnds/lib/libnds9.a(keys.c.o)
                0x02001ec4                keysHeld
 .text.setTransferInputData
                0x02001ed0       0x1c /opt/wonderful/thirdparty/blocksds/core/libs/libnds/lib/libnds9.a(keys.c.o)
                0x02001ed0                setTransferInputData
 .text.initSystem
                0x02001eec      0x13c /opt/wonderful/thirdparty/blocksds/core/libs/libnds/lib/libnds9.a(initSystem.c.o)
                0x02001eec                initSystem
 .text.releaseCrashHandler
                0x02002028       0x7c /opt/wonderful/thirdparty/blocksds/core/libs/libnds/lib/libnds9.a(exceptions.c.o)
 .text.exceptionStatePrint
                0x020020a4       0xf4 /opt/wonderful/thirdparty/blocksds/core/libs/libnds/lib/libnds9.a(exceptions.c.o)
                0x020020a4                exceptionStatePrint
 .text.releaseExceptionHandler
                0x02002198       0x10 /opt/wonderful/thirdparty/blocksds/core/libs/libnds/lib/libnds9.a(exceptions.c.o)
                0x02002198                releaseExceptionHandler
 .text.console_handle_sgr
                0x020021a8      0x1bc /opt/wonderful/thirdparty/blocksds/core/libs/libnds/lib/libnds9.a(console.c.o)
 .text.newRow   0x02002364       0x84 /opt/wonderful/thirdparty/blocksds/core/libs/libnds/lib/libnds9.a(console.c.o)
 .text.consolePrintChar.part.0
                0x020023e8      0x118 /opt/wonderful/thirdparty/blocksds/core/libs/libnds/lib/libnds9.a(console.c.o)
 .text.con_write
                0x02002500      0x45c /opt/wonderful/thirdparty/blocksds/core/libs/libnds/lib/libnds9.a(console.c.o)
 .text.consoleLoadFont
                0x0200295c      0x244 /opt/wonderful/thirdparty/blocksds/core/libs/libnds/lib/libnds9.a(console.c.o)
                0x0200295c                consoleLoadFont
 .text.consoleInitEx
                0x02002ba0      0x148 /opt/wonderful/thirdparty/blocksds/core/libs/libnds/lib/libnds9.a(console.c.o)
                0x02002ba0                consoleInitEx
 .text.consoleInit
                0x02002ce8       0x2c /opt/wonderful/thirdparty/blocksds/core/libs/libnds/lib/libnds9.a(console.c.o)
                0x02002ce8                consoleInit
 .text.consoleDemoInit
                0x02002d14       0x48 /opt/wonderful/thirdparty/blocksds/core/libs/libnds/lib/libnds9.a(console.c.o)
                0x02002d14                consoleDemoInit
 .text.consolePrintChar
                0x02002d5c       0x24 /opt/wonderful/thirdparty/blocksds/core/libs/libnds/lib/libnds9.a(console.c.o)
                0x02002d5c                consolePrintChar
 .text.consoleSetCursor
                0x02002d80       0x28 /opt/wonderful/thirdparty/blocksds/core/libs/libnds/lib/libnds9.a(console.c.o)
                0x02002d80                consoleSetCursor
 .text.consoleSetColor
                0x02002da8       0x1c /opt/wonderful/thirdparty/blocksds/core/libs/libnds/lib/libnds9.a(console.c.o)
                0x02002da8                consoleSetColor
 .text.consoleArm7Flush
                0x02002dc4       0x68 /opt/wonderful/thirdparty/blocksds/core/libs/libnds/lib/libnds9.a(console.c.o)
                0x02002dc4                consoleArm7Flush
 .text.comutex_acquire
                0x02002e2c       0x28 /opt/wonderful/thirdparty/blocksds/core/libs/libnds/lib/libnds9.a(dlmalloc.c.o)
 .text.init_top.constprop.0
                0x02002e54       0x3c /opt/wonderful/thirdparty/blocksds/core/libs/libnds/lib/libnds9.a(dlmalloc.c.o)
 .text.segment_holding.constprop.0
                0x02002e90       0x20 /opt/wonderful/thirdparty/blocksds/core/libs/libnds/lib/libnds9.a(dlmalloc.c.o)
 .text.init_mparams.isra.0
                0x02002eb0       0x64 /opt/wonderful/thirdparty/blocksds/core/libs/libnds/lib/libnds9.a(dlmalloc.c.o)
 .text.sys_trim.constprop.0
                0x02002f14      0x104 /opt/wonderful/thirdparty/blocksds/core/libs/libnds/lib/libnds9.a(dlmalloc.c.o)
 .text.free     0x02003018      0x360 /opt/wonderful/thirdparty/blocksds/core/libs/libnds/lib/libnds9.a(dlmalloc.c.o)
                0x02003018                __malloc_free
                0x02003018                cfree
                0x02003018                free
 .text.systemErrorExit
                0x02003378        0x4 /opt/wonderful/thirdparty/blocksds/core/libs/libnds/lib/libnds9.a(exit.c.o)
                0x02003378                systemErrorExit
 .text.__libnds_exit
                0x0200337c        0x8 /opt/wonderful/thirdparty/blocksds/core/libs/libnds/lib/libnds9.a(exit.c.o)
                0x0200337c                __libnds_exit
 .text._exit    0x02003384      0x10c /opt/wonderful/thirdparty/blocksds/core/libs/libnds/lib/libnds9.a(exit.c.o)
                0x02003384                _exit
 .text.sbrk     0x02003490       0x40 /opt/wonderful/thirdparty/blocksds/core/libs/libnds/lib/libnds9.a(sbrk.c.o)
                0x02003490                sbrk
 .text.reduceHeapSize
                0x020034d0       0x2c /opt/wonderful/thirdparty/blocksds/core/libs/libnds/lib/libnds9.a(heapfuncs.c.o)
                0x020034d0                reduceHeapSize
 .text.cothread_delete_internal
                0x020034fc       0xb4 /opt/wonderful/thirdparty/blocksds/core/libs/libnds/lib/libnds9.a(threads.c.o)
 .text.cothread_main
                0x020035b0       0x1c /opt/wonderful/thirdparty/blocksds/core/libs/libnds/lib/libnds9.a(threads.c.o)
                0x020035b0                cothread_main
 .text.cothread_yield
                0x020035cc       0x20 /opt/wonderful/thirdparty/blocksds/core/libs/libnds/lib/libnds9.a(threads.c.o)
                0x020035cc                cothread_yield
 .text.cothread_start
                0x020035ec      0x114 /opt/wonderful/thirdparty/blocksds/core/libs/libnds/lib/libnds9.a(threads.c.o)
                0x020035ec                cothread_start
 .text.__ndsabi_coro_make_noctx
                0x02003700       0x28 /opt/wonderful/thirdparty/blocksds/core/libs/libnds/lib/libnds9.a(coroutine.c.o)
                0x02003700                __ndsabi_coro_make_noctx
 .text.irqSet   0x02003728       0x90 /opt/wonderful/thirdparty/blocksds/core/libs/libnds/lib/libnds9.a(interrupts.c.o)
                0x02003728                irqSet
 .text.irqInit  0x020037b8       0x44 /opt/wonderful/thirdparty/blocksds/core/libs/libnds/lib/libnds9.a(interrupts.c.o)
                0x020037b8                irqInit
 .text.irqEnable
                0x020037fc       0x70 /opt/wonderful/thirdparty/blocksds/core/libs/libnds/lib/libnds9.a(interrupts.c.o)
                0x020037fc                irqEnable
 .text.fifo_buffer_wait_block
                0x0200386c       0x74 /opt/wonderful/thirdparty/blocksds/core/libs/libnds/lib/libnds9.a(fifosystem.c.o)
 .text.fifoFillTxFifoFromBuffer
                0x020038e0       0xac /opt/wonderful/thirdparty/blocksds/core/libs/libnds/lib/libnds9.a(fifosystem.c.o)
 .text.fifoInternalSendInterrupt
                0x0200398c        0x8 /opt/wonderful/thirdparty/blocksds/core/libs/libnds/lib/libnds9.a(fifosystem.c.o)
 .text.fifoInternalSend.part.0
                0x02003994       0xc4 /opt/wonderful/thirdparty/blocksds/core/libs/libnds/lib/libnds9.a(fifosystem.c.o)
 .text.fifoSendValue32
                0x02003a58       0x40 /opt/wonderful/thirdparty/blocksds/core/libs/libnds/lib/libnds9.a(fifosystem.c.o)
                0x02003a58                fifoSendValue32
 .text.fifoGetDatamsg
                0x02003a98       0xdc /opt/wonderful/thirdparty/blocksds/core/libs/libnds/lib/libnds9.a(fifosystem.c.o)
                0x02003a98                fifoGetDatamsg
 .text.fifoReadRxFifoAndProcessBuffer
                0x02003b74      0x348 /opt/wonderful/thirdparty/blocksds/core/libs/libnds/lib/libnds9.a(fifosystem.c.o)
 .text.fifoInternalRecvInterrupt
                0x02003ebc        0x8 /opt/wonderful/thirdparty/blocksds/core/libs/libnds/lib/libnds9.a(fifosystem.c.o)
 .text.fifoSetValue32Handler
                0x02003ec4       0xd0 /opt/wonderful/thirdparty/blocksds/core/libs/libnds/lib/libnds9.a(fifosystem.c.o)
                0x02003ec4                fifoSetValue32Handler
 .text.fifoSetDatamsgHandler
                0x02003f94       0xa8 /opt/wonderful/thirdparty/blocksds/core/libs/libnds/lib/libnds9.a(fifosystem.c.o)
                0x02003f94                fifoSetDatamsgHandler
 .text.fifoInit
                0x0200403c      0x138 /opt/wonderful/thirdparty/blocksds/core/libs/libnds/lib/libnds9.a(fifosystem.c.o)
                0x0200403c                fifoInit
 .text.setExceptionHandler
                0x02004174       0x18 /opt/wonderful/thirdparty/blocksds/core/libs/libnds/lib/libnds9.a(exceptions.c.o)
                0x02004174                setExceptionHandler
 .text.libndsCrash
                0x0200418c        0xc /opt/wonderful/thirdparty/blocksds/core/libs/libnds/lib/libnds9.a(exceptions.c.o)
                0x0200418c                libndsCrash
 .text.dmaSetParams
                0x02004198       0x1c /opt/wonderful/thirdparty/blocksds/core/libs/libnds/lib/libnds9.a(dma.s.o)
                0x02004198                dmaSetParams
 .text.dmaStopSafe
                0x020041b4       0x44 /opt/wonderful/thirdparty/blocksds/core/libs/libnds/lib/libnds9.a(dma.s.o)
                0x020041b4                dmaStopSafe
 .text.__aeabi_read_tp
                0x020041f8        0xc /opt/wonderful/thirdparty/blocksds/core/libs/libnds/lib/libnds9.a(aeabi_read_tp.s.o)
                0x020041f8                __aeabi_read_tp
 .text.__aeabi_memset
                0x02004204       0x9c /opt/wonderful/thirdparty/blocksds/core/libs/libnds/lib/libnds9.a(memset.s.o)
                0x02004204                __aeabi_memset
                0x02004228                __aeabi_memset8
                0x02004228                __aeabi_memset4
                0x02004234                __ndsabi_wordset4
                0x02004238                __ndsabi_lwordset4
 .text.__ndsabi_memset1
                0x020042a0       0x10 /opt/wonderful/thirdparty/blocksds/core/libs/libnds/lib/libnds9.a(memset.s.o)
                0x020042a0                __ndsabi_memset1
 .text.memset   0x020042b0       0x1c /opt/wonderful/thirdparty/blocksds/core/libs/libnds/lib/libnds9.a(memset.s.o)
                0x020042b0                memset
 .text.__ndsabi_coro_resume
                0x020042cc       0x18 /opt/wonderful/thirdparty/blocksds/core/libs/libnds/lib/libnds9.a(coroutine.s.o)
                0x020042cc                __ndsabi_coro_resume
 .text.__ndsabi_coro_yield
                0x020042e4       0x1c /opt/wonderful/thirdparty/blocksds/core/libs/libnds/lib/libnds9.a(coroutine.s.o)
                0x020042e4                __ndsabi_coro_yield
 .text.__ndsabi_coro_pop_noctx
                0x02004300       0x34 /opt/wonderful/thirdparty/blocksds/core/libs/libnds/lib/libnds9.a(coroutine.s.o)
                0x02004300                __ndsabi_coro_pop_noctx
 .text.__aeabi_memcpy
                0x02004334       0xc8 /opt/wonderful/thirdparty/blocksds/core/libs/libnds/lib/libnds9.a(memcpy.s.o)
                0x02004334                __aeabi_memcpy
                0x0200436c                __aeabi_memcpy4
                0x0200436c                __aeabi_memcpy8
                0x020043d8                __ndsabi_memcpy2
 .text.__ndsabi_memcpy1
                0x020043fc       0x14 /opt/wonderful/thirdparty/blocksds/core/libs/libnds/lib/libnds9.a(memcpy.s.o)
                0x020043fc                __ndsabi_memcpy1
 .text.memcpy   0x02004410       0x10 /opt/wonderful/thirdparty/blocksds/core/libs/libnds/lib/libnds9.a(memcpy.s.o)
                0x02004410                memcpy
 .text.getCPSR  0x02004420        0x8 /opt/wonderful/thirdparty/blocksds/core/libs/libnds/lib/libnds9.a(cpu.s.o)
                0x02004420                getCPSR
 .text.enterException
                0x02004428       0xd4 /opt/wonderful/thirdparty/blocksds/core/libs/libnds/lib/libnds9.a(exceptionHandler.s.o)
                0x02004428                enterException
                0x0200449c                exceptionC
                0x020044a0                exceptionStack
                0x020044a4                exceptionRegisters
 .text.picolibc_stdin_fn_read_hook
                0x020044fc       0x28 /opt/wonderful/thirdparty/blocksds/core/libs/libnds/lib/libnds9.a(std_streams.c.o)
 .text.putc_buffered.isra.0
                0x02004524       0x84 /opt/wonderful/thirdparty/blocksds/core/libs/libnds/lib/libnds9.a(std_streams.c.o)
 .text.write_stdout_libnds
                0x020045a8       0x84 /opt/wonderful/thirdparty/blocksds/core/libs/libnds/lib/libnds9.a(std_streams.c.o)
                0x020045a8                write_stdout_libnds
 .text.checkIfText
                0x0200462c       0x6c /opt/wonderful/thirdparty/blocksds/core/libs/libnds/lib/libnds9.a(background.c.o)
                0x0200462c                checkIfText
 .text.bgUpdate
                0x02004698       0xe8 /opt/wonderful/thirdparty/blocksds/core/libs/libnds/lib/libnds9.a(background.c.o)
                0x02004698                bgUpdate
 .text.bgInitHidden
                0x02004780       0xa4 /opt/wonderful/thirdparty/blocksds/core/libs/libnds/lib/libnds9.a(background.c.o)
                0x02004780                bgInitHidden
 .text.bgInit   0x02004824       0x48 /opt/wonderful/thirdparty/blocksds/core/libs/libnds/lib/libnds9.a(background.c.o)
                0x02004824                bgInit
 .text.bgInitHiddenSub
                0x0200486c       0xa4 /opt/wonderful/thirdparty/blocksds/core/libs/libnds/lib/libnds9.a(background.c.o)
                0x0200486c                bgInitHiddenSub
 .text.bgInitSub
                0x02004910       0x48 /opt/wonderful/thirdparty/blocksds/core/libs/libnds/lib/libnds9.a(background.c.o)
                0x02004910                bgInitSub
 .text.bgGetMapPtr
                0x02004958       0x40 /opt/wonderful/thirdparty/blocksds/core/libs/libnds/lib/libnds9.a(background.c.o)
                0x02004958                bgGetMapPtr
 .text.bgGetGfxPtr
                0x02004998       0x74 /opt/wonderful/thirdparty/blocksds/core/libs/libnds/lib/libnds9.a(background.c.o)
                0x02004998                bgGetGfxPtr
 .text.systemValueHandler
                0x02004a0c       0xc4 /opt/wonderful/thirdparty/blocksds/core/libs/libnds/lib/libnds9.a(system.c.o)
                0x02004a0c                systemValueHandler
 .text.systemMsgHandler
                0x02004ad0       0x2c /opt/wonderful/thirdparty/blocksds/core/libs/libnds/lib/libnds9.a(system.c.o)
                0x02004ad0                systemMsgHandler
 .text.sinLutLookup
                0x02004afc       0x50 /opt/wonderful/thirdparty/blocksds/core/libs/libnds/lib/libnds9.a(trig.c.o)
                0x02004afc                sinLutLookup
 .text.sinLerp  0x02004b4c       0x38 /opt/wonderful/thirdparty/blocksds/core/libs/libnds/lib/libnds9.a(trig.c.o)
                0x02004b4c                sinLerp
 .text.cosLerp  0x02004b84       0x40 /opt/wonderful/thirdparty/blocksds/core/libs/libnds/lib/libnds9.a(trig.c.o)
                0x02004b84                cosLerp
 .text.__retarget_lock_init_recursive
                0x02004bc4       0x44 /opt/wonderful/thirdparty/blocksds/core/libs/libnds/lib/libnds9.a(locks.c.o)
                0x02004bc4                __retarget_lock_init_recursive
 .text.__retarget_lock_acquire_recursive
                0x02004c08       0x70 /opt/wonderful/thirdparty/blocksds/core/libs/libnds/lib/libnds9.a(locks.c.o)
                0x02004c08                __retarget_lock_acquire_recursive
 .text.__retarget_lock_release_recursive
                0x02004c78       0x58 /opt/wonderful/thirdparty/blocksds/core/libs/libnds/lib/libnds9.a(locks.c.o)
                0x02004c78                __retarget_lock_release_recursive
 .text.__retarget_lock_init
                0x02004cd0        0x8 /opt/wonderful/thirdparty/blocksds/core/libs/libnds/lib/libnds9.a(locks.c.o)
                0x02004cd0                __retarget_lock_init
 .text.__retarget_lock_close
                0x02004cd8       0x30 /opt/wonderful/thirdparty/blocksds/core/libs/libnds/lib/libnds9.a(locks.c.o)
                0x02004cd8                __retarget_lock_close
 .text.__retarget_lock_acquire
                0x02004d08        0x8 /opt/wonderful/thirdparty/blocksds/core/libs/libnds/lib/libnds9.a(locks.c.o)
                0x02004d08                __retarget_lock_acquire
 .text.__retarget_lock_release
                0x02004d10        0x8 /opt/wonderful/thirdparty/blocksds/core/libs/libnds/lib/libnds9.a(locks.c.o)
                0x02004d10                __retarget_lock_release
 .text.__sassert
                0x02004d18       0x90 /opt/wonderful/thirdparty/blocksds/core/libs/libnds/lib/libnds9.a(sassert.c.o)
                0x02004d18                __sassert
 .text.__libc_init_array
                0x02004da8       0x1c /opt/wonderful/toolchain/gcc-arm-none-eabi/lib/gcc/arm-none-eabi/16.1.1/../../../../arm-none-eabi/lib/thumb/arm946e-s/libc.a(libc_misc_init.c.o)
                0x02004da8                __libc_init_array
 .text.__bufio_lock
                0x02004dc4       0x18 /opt/wonderful/toolchain/gcc-arm-none-eabi/lib/gcc/arm-none-eabi/16.1.1/../../../../arm-none-eabi/lib/thumb/arm946e-s/libc.a(libc_stdio_bufio.c.o)
 .text.__bufio_flush_locked
                0x02004ddc       0x66 /opt/wonderful/toolchain/gcc-arm-none-eabi/lib/gcc/arm-none-eabi/16.1.1/../../../../arm-none-eabi/lib/thumb/arm946e-s/libc.a(libc_stdio_bufio.c.o)
                0x02004ddc                __bufio_flush_locked
 .text.__bufio_fill_locked
                0x02004e42       0x2c /opt/wonderful/toolchain/gcc-arm-none-eabi/lib/gcc/arm-none-eabi/16.1.1/../../../../arm-none-eabi/lib/thumb/arm946e-s/libc.a(libc_stdio_bufio.c.o)
                0x02004e42                __bufio_fill_locked
 .text.__bufio_flush
                0x02004e6e       0x1a /opt/wonderful/toolchain/gcc-arm-none-eabi/lib/gcc/arm-none-eabi/16.1.1/../../../../arm-none-eabi/lib/thumb/arm946e-s/libc.a(libc_stdio_bufio.c.o)
                0x02004e6e                __bufio_flush
 .text.__bufio_setdir_locked
                0x02004e88       0x1a /opt/wonderful/toolchain/gcc-arm-none-eabi/lib/gcc/arm-none-eabi/16.1.1/../../../../arm-none-eabi/lib/thumb/arm946e-s/libc.a(libc_stdio_bufio.c.o)
                0x02004e88                __bufio_setdir_locked
 .text.__bufio_put
                0x02004ea2       0x4c /opt/wonderful/toolchain/gcc-arm-none-eabi/lib/gcc/arm-none-eabi/16.1.1/../../../../arm-none-eabi/lib/thumb/arm946e-s/libc.a(libc_stdio_bufio.c.o)
                0x02004ea2                __bufio_put
 *fill*         0x02004eee        0x2 ff
 .text.__bufio_get
                0x02004ef0       0x70 /opt/wonderful/toolchain/gcc-arm-none-eabi/lib/gcc/arm-none-eabi/16.1.1/../../../../arm-none-eabi/lib/thumb/arm946e-s/libc.a(libc_stdio_bufio.c.o)
                0x02004ef0                __bufio_get
 .text.__bufio_seek
                0x02004f60       0x6a /opt/wonderful/toolchain/gcc-arm-none-eabi/lib/gcc/arm-none-eabi/16.1.1/../../../../arm-none-eabi/lib/thumb/arm946e-s/libc.a(libc_stdio_bufio.c.o)
                0x02004f60                __bufio_seek
 .text.__bufio_close_nf
                0x02004fca       0x32 /opt/wonderful/toolchain/gcc-arm-none-eabi/lib/gcc/arm-none-eabi/16.1.1/../../../../arm-none-eabi/lib/thumb/arm946e-s/libc.a(libc_stdio_bufio_close_nf.c.o)
                0x02004fca                __bufio_close_nf
 .text.fflush   0x02004ffc       0x1a /opt/wonderful/toolchain/gcc-arm-none-eabi/lib/gcc/arm-none-eabi/16.1.1/../../../../arm-none-eabi/lib/thumb/arm946e-s/libc.a(libc_stdio_fflush.c.o)
                0x02004ffc                fflush
 *fill*         0x02005016        0x2 ff
 .text.printf   0x02005018       0x20 /opt/wonderful/toolchain/gcc-arm-none-eabi/lib/gcc/arm-none-eabi/16.1.1/../../../../arm-none-eabi/lib/thumb/arm946e-s/libc.a(libc_stdio_printf.c.o)
                0x02005018                printf
 .text.putchar  0x02005038       0x10 /opt/wonderful/toolchain/gcc-arm-none-eabi/lib/gcc/arm-none-eabi/16.1.1/../../../../arm-none-eabi/lib/thumb/arm946e-s/libc.a(libc_stdio_putchar.c.o)
                0x02005038                putchar
                0x02005038                putchar_unlocked
 .text.puts     0x02005048       0x44 /opt/wonderful/toolchain/gcc-arm-none-eabi/lib/gcc/arm-none-eabi/16.1.1/../../../../arm-none-eabi/lib/thumb/arm946e-s/libc.a(libc_stdio_puts.c.o)
                0x02005048                puts
 .text.__ultoa_invert
                0x0200508c       0x4a /opt/wonderful/toolchain/gcc-arm-none-eabi/lib/gcc/arm-none-eabi/16.1.1/../../../../arm-none-eabi/lib/thumb/arm946e-s/libc.a(libc_stdio_vfprintf.c.o)
 *fill*         0x020050d6        0x2 ff
 .text.skip_to_arg
                0x020050d8      0x140 /opt/wonderful/toolchain/gcc-arm-none-eabi/lib/gcc/arm-none-eabi/16.1.1/../../../../arm-none-eabi/lib/thumb/arm946e-s/libc.a(libc_stdio_vfprintf.c.o)
 .text.vfprintf
                0x02005218      0xb34 /opt/wonderful/toolchain/gcc-arm-none-eabi/lib/gcc/arm-none-eabi/16.1.1/../../../../arm-none-eabi/lib/thumb/arm946e-s/libc.a(libc_stdio_vfprintf.c.o)
                0x02005218                __d_vfprintf
                0x02005218                vfprintf
 .text.vprintf  0x02005d4c       0x14 /opt/wonderful/toolchain/gcc-arm-none-eabi/lib/gcc/arm-none-eabi/16.1.1/../../../../arm-none-eabi/lib/thumb/arm946e-s/libc.a(libc_stdio_vprintf.c.o)
                0x02005d4c                vprintf
 .text.mulShiftAll64
                0x02005d60      0x202 /opt/wonderful/toolchain/gcc-arm-none-eabi/lib/gcc/arm-none-eabi/16.1.1/../../../../arm-none-eabi/lib/thumb/arm946e-s/libc.a(libc_stdio_dtoa_ryu.c.o)
 *fill*         0x02005f62        0x2 ff
 .text.div10    0x02005f64       0x28 /opt/wonderful/toolchain/gcc-arm-none-eabi/lib/gcc/arm-none-eabi/16.1.1/../../../../arm-none-eabi/lib/thumb/arm946e-s/libc.a(libc_stdio_dtoa_ryu.c.o)
 .text.__dtoa_engine
                0x02005f8c      0x4bc /opt/wonderful/toolchain/gcc-arm-none-eabi/lib/gcc/arm-none-eabi/16.1.1/../../../../arm-none-eabi/lib/thumb/arm946e-s/libc.a(libc_stdio_dtoa_ryu.c.o)
                0x02005f8c                __dtoa_engine
 .text.__log10Pow2
                0x02006448        0xc /opt/wonderful/toolchain/gcc-arm-none-eabi/lib/gcc/arm-none-eabi/16.1.1/../../../../arm-none-eabi/lib/thumb/arm946e-s/libc.a(libc_stdio_ryu_log10.c.o)
                0x02006448                __log10Pow2
 .text.__log10Pow5
                0x02006454        0xc /opt/wonderful/toolchain/gcc-arm-none-eabi/lib/gcc/arm-none-eabi/16.1.1/../../../../arm-none-eabi/lib/thumb/arm946e-s/libc.a(libc_stdio_ryu_log10.c.o)
                0x02006454                __log10Pow5
 .text.__pow5bits
                0x02006460       0x10 /opt/wonderful/toolchain/gcc-arm-none-eabi/lib/gcc/arm-none-eabi/16.1.1/../../../../arm-none-eabi/lib/thumb/arm946e-s/libc.a(libc_stdio_ryu_pow5bits.c.o)
                0x02006460                __pow5bits
 .text.__pow5Factor
                0x02006470       0x2c /opt/wonderful/toolchain/gcc-arm-none-eabi/lib/gcc/arm-none-eabi/16.1.1/../../../../arm-none-eabi/lib/thumb/arm946e-s/libc.a(libc_stdio_ryu_table.c.o)
                0x02006470                __pow5Factor
 .text.__double_computePow5
                0x0200649c      0x100 /opt/wonderful/toolchain/gcc-arm-none-eabi/lib/gcc/arm-none-eabi/16.1.1/../../../../arm-none-eabi/lib/thumb/arm946e-s/libc.a(libc_stdio_ryu_table.c.o)
                0x0200649c                __double_computePow5
 .text.__double_computeInvPow5
                0x0200659c       0xfc /opt/wonderful/toolchain/gcc-arm-none-eabi/lib/gcc/arm-none-eabi/16.1.1/../../../../arm-none-eabi/lib/thumb/arm946e-s/libc.a(libc_stdio_ryu_table.c.o)
                0x0200659c                __double_computeInvPow5
 .text.__umul128
                0x02006698       0x6e /opt/wonderful/toolchain/gcc-arm-none-eabi/lib/gcc/arm-none-eabi/16.1.1/../../../../arm-none-eabi/lib/thumb/arm946e-s/libc.a(libc_stdio_ryu_umul128.c.o)
                0x02006698                __umul128
 .text.__shiftright128
                0x02006706       0x28 /opt/wonderful/toolchain/gcc-arm-none-eabi/lib/gcc/arm-none-eabi/16.1.1/../../../../arm-none-eabi/lib/thumb/arm946e-s/libc.a(libc_stdio_ryu_umul128.c.o)
                0x02006706                __shiftright128
 .text.exit     0x0200672e        0xe /opt/wonderful/toolchain/gcc-arm-none-eabi/lib/gcc/arm-none-eabi/16.1.1/../../../../arm-none-eabi/lib/thumb/arm946e-s/libc.a(libc_stdlib_exit.c.o)
                0x0200672e                exit
 .text.__ascii_wctomb
                0x0200673c       0x16 /opt/wonderful/toolchain/gcc-arm-none-eabi/lib/gcc/arm-none-eabi/16.1.1/../../../../arm-none-eabi/lib/thumb/arm946e-s/libc.a(libc_stdlib_wctomb_r.c.o)
                0x0200673c                __ascii_wctomb
 *fill*         0x02006752        0x2 ff
 .text.__utf8_wctomb
                0x02006754       0xc0 /opt/wonderful/toolchain/gcc-arm-none-eabi/lib/gcc/arm-none-eabi/16.1.1/../../../../arm-none-eabi/lib/thumb/arm946e-s/libc.a(libc_stdlib_wctomb_r.c.o)
                0x02006754                __utf8_wctomb
 .text.strnlen  0x02006814       0x16 /opt/wonderful/toolchain/gcc-arm-none-eabi/lib/gcc/arm-none-eabi/16.1.1/../../../../arm-none-eabi/lib/thumb/arm946e-s/libc.a(libc_string_strnlen.c.o)
                0x02006814                strnlen
 .text.time     0x0200682a       0x28 /opt/wonderful/toolchain/gcc-arm-none-eabi/lib/gcc/arm-none-eabi/16.1.1/../../../../arm-none-eabi/lib/thumb/arm946e-s/libc.a(libc_time_time.c.o)
                0x0200682a                time
 *fill*         0x02006852        0x2 ff
 .text.__libc_fini_array
                0x02006854       0x1c /opt/wonderful/toolchain/gcc-arm-none-eabi/lib/gcc/arm-none-eabi/16.1.1/../../../../arm-none-eabi/lib/thumb/arm946e-s/libc.a(libc_misc_fini.c.o)
                0x02006854                __libc_fini_array
 .text.__picolibc_non_atomic_store_ungetc
                0x02006870        0x4 /opt/wonderful/toolchain/gcc-arm-none-eabi/lib/gcc/arm-none-eabi/16.1.1/../../../../arm-none-eabi/lib/thumb/arm946e-s/libc.a(libc_stdio_atomic_store.c.o)
                0x02006870                __picolibc_non_atomic_store_ungetc
                0x02006870                __atomic_store_ungetc
 .text.__dtox_engine
                0x02006874      0x12c /opt/wonderful/toolchain/gcc-arm-none-eabi/lib/gcc/arm-none-eabi/16.1.1/../../../../arm-none-eabi/lib/thumb/arm946e-s/libc.a(libc_stdio_dtox_engine.c.o)
                0x02006874                __dtox_engine
 .text.putc     0x020069a0       0x2e /opt/wonderful/toolchain/gcc-arm-none-eabi/lib/gcc/arm-none-eabi/16.1.1/../../../../arm-none-eabi/lib/thumb/arm946e-s/libc.a(libc_stdio_fputc.c.o)
                0x020069a0                putc_unlocked
                0x020069a0                putc
                0x020069a0                fputc
 *fill*         0x020069ce        0x2 ff
 .text.gettimeofday
                0x020069d0       0x1c /opt/wonderful/thirdparty/blocksds/core/libs/libnds/lib/libnds9.a(syscalls.c.o)
                0x020069d0                gettimeofday
 *fill*         0x020069ec        0x4 ff
 .text.gettimeofday.__stub
                0x020069f0       0x48 linker stubs
 *(EXCLUDE_FILE(*.twl*) .gnu.warning)
 *(EXCLUDE_FILE(*.twl*) .gnu.linkonce.t*)
 *(.glue_7)
 .glue_7        0x02006a38        0x0 linker stubs
 *(.glue_7t)
 .glue_7t       0x02006a38        0x0 linker stubs
                0x02006a38                        . = ALIGN (0x4)

.vfp11_veneer   0x02006a38        0x0
 .vfp11_veneer  0x02006a38        0x0 linker stubs

.v4_bx          0x02006a38        0x0
 .v4_bx         0x02006a38        0x0 linker stubs

.iplt           0x02006a38        0x0
 .iplt          0x02006a38        0x0 /opt/wonderful/thirdparty/blocksds/core/sys/crts/ds_arm9_crt0.o

.fini           0x02006a38        0x8
 *(.fini)
 .fini          0x02006a38        0x8 /opt/wonderful/toolchain/gcc-arm-none-eabi/lib/gcc/arm-none-eabi/16.1.1/thumb/arm946e-s/crtn.o
                0x02006a40                        __text_end = .

.rodata         0x02006a40      0xd08
 *(EXCLUDE_FILE(*.twl*) .rodata)
 .rodata        0x02006a40       0x40 /opt/wonderful/thirdparty/blocksds/core/libs/libnds/lib/libnds9.a(exceptions.c.o)
 .rodata        0x02006a80      0x340 /opt/wonderful/toolchain/gcc-arm-none-eabi/lib/gcc/arm-none-eabi/16.1.1/../../../../arm-none-eabi/lib/thumb/arm946e-s/libc.a(libc_stdio_ryu_table.c.o)
 .rodata        0x02006dc0        0x8 /opt/wonderful/toolchain/gcc-arm-none-eabi/lib/gcc/arm-none-eabi/16.1.1/../../../../arm-none-eabi/lib/thumb/arm946e-s/libc.a(libc_stdlib_wctomb_r.c.o)
                0x02006dc0                __wctomb
 *all.rodata*(*)
 *(EXCLUDE_FILE(*.twl*) .roda)
 *(EXCLUDE_FILE(*.twl*) .rodata.*)
 .rodata.run_mode.str1.4
                0x02006dc8      0x3f3 build/vram_dma_2d/source/main.c.o
                                0x196 (size before relaxing)
 .rodata.main.str1.4
                0x020071bb        0x0 build/vram_dma_2d/source/main.c.o
                                 0x4c (size before relaxing)
 .rodata.str1.4
                0x020071bb        0x0 build/vram_dma_2d/source/main.c.o
                                 0x61 (size before relaxing)
 *fill*         0x020071bb        0x1 ff
 .rodata.CSWTCH.43
                0x020071bc       0x10 build/vram_dma_2d/source/main.c.o
 .rodata.releaseCrashHandler.str1.4
                0x020071cc        0x0 /opt/wonderful/thirdparty/blocksds/core/libs/libnds/lib/libnds9.a(exceptions.c.o)
                                 0x33 (size before relaxing)
 .rodata.exceptionStatePrint.str1.4
                0x020071cc        0x0 /opt/wonderful/thirdparty/blocksds/core/libs/libnds/lib/libnds9.a(exceptions.c.o)
                                 0x58 (size before relaxing)
 .rodata.str1.4
                0x020071cc        0x0 /opt/wonderful/thirdparty/blocksds/core/libs/libnds/lib/libnds9.a(exceptions.c.o)
                                 0x40 (size before relaxing)
 .rodata.con_write
                0x020071cc       0xd4 /opt/wonderful/thirdparty/blocksds/core/libs/libnds/lib/libnds9.a(console.c.o)
 .rodata.__func__.0
                0x020072a0       0x19 /opt/wonderful/thirdparty/blocksds/core/libs/libnds/lib/libnds9.a(threads.c.o)
 .rodata.fifoReadRxFifoAndProcessBuffer.str1.4
                0x020072b9        0x0 /opt/wonderful/thirdparty/blocksds/core/libs/libnds/lib/libnds9.a(fifosystem.c.o)
                                 0x15 (size before relaxing)
 *fill*         0x020072b9        0x3 ff
 .rodata.default_fontTiles
                0x020072bc      0x300 /opt/wonderful/thirdparty/blocksds/core/libs/libnds/lib/libnds9.a(default_font.png.o)
                0x020072bc                default_fontTiles
 .rodata.stdin  0x020075bc        0x4 /opt/wonderful/thirdparty/blocksds/core/libs/libnds/lib/libnds9.a(std_streams.c.o)
                0x020075bc                stdin
 .rodata.stdout
                0x020075c0        0x4 /opt/wonderful/thirdparty/blocksds/core/libs/libnds/lib/libnds9.a(std_streams.c.o)
                0x020075c0                stdout
 .rodata.bgTransform
                0x020075c4       0x20 /opt/wonderful/thirdparty/blocksds/core/libs/libnds/lib/libnds9.a(background.c.o)
                0x020075c4                bgTransform
 .rodata.bgScrollTable
                0x020075e4       0x20 /opt/wonderful/thirdparty/blocksds/core/libs/libnds/lib/libnds9.a(background.c.o)
                0x020075e4                bgScrollTable
 .rodata.bgControl
                0x02007604       0x20 /opt/wonderful/thirdparty/blocksds/core/libs/libnds/lib/libnds9.a(background.c.o)
                0x02007604                bgControl
 .rodata.systemValueHandler.str1.4
                0x02007624        0x0 /opt/wonderful/thirdparty/blocksds/core/libs/libnds/lib/libnds9.a(system.c.o)
                                 0x2b (size before relaxing)
 .rodata.systemValueHandler
                0x02007624       0x10 /opt/wonderful/thirdparty/blocksds/core/libs/libnds/lib/libnds9.a(system.c.o)
 .rodata.SIN_LUT
                0x02007634      0x102 /opt/wonderful/thirdparty/blocksds/core/libs/libnds/lib/libnds9.a(trig.c.o)
                0x02007634                SIN_LUT
 .rodata.__retarget_lock_init_recursive.str1.4
                0x02007736        0x0 /opt/wonderful/thirdparty/blocksds/core/libs/libnds/lib/libnds9.a(locks.c.o)
                                  0xa (size before relaxing)
 .rodata.__retarget_lock_close_recursive.str1.4
                0x02007736        0x0 /opt/wonderful/thirdparty/blocksds/core/libs/libnds/lib/libnds9.a(locks.c.o)
                                  0xb (size before relaxing)
 .rodata.__retarget_lock_release_recursive.str1.4
                0x02007736        0x0 /opt/wonderful/thirdparty/blocksds/core/libs/libnds/lib/libnds9.a(locks.c.o)
                                  0xd (size before relaxing)
 .rodata.__sassert.str1.4
                0x02007736        0x0 /opt/wonderful/thirdparty/blocksds/core/libs/libnds/lib/libnds9.a(sassert.c.o)
                                 0x73 (size before relaxing)
 .rodata.str1.1
                0x02007736        0xf /opt/wonderful/toolchain/gcc-arm-none-eabi/lib/gcc/arm-none-eabi/16.1.1/../../../../arm-none-eabi/lib/thumb/arm946e-s/libc.a(libc_stdio_vfprintf.c.o)
 *(EXCLUDE_FILE(*.twl*) .gnu.linkonce.r*)
                0x02007748                        . = ALIGN (0x4)
 *fill*         0x02007745        0x3 ff

.ARM.extab
 *(.ARM.extab* .gnu.linkonce.armextab.*)
                0x02007748                        __exidx_start = .

ARM.exidx       0x02007748        0x8
 *(.ARM.exidx* .gnu.linkonce.armexidx.*)
 .ARM.exidx     0x02007748        0x8 /opt/wonderful/toolchain/gcc-arm-none-eabi/lib/gcc/arm-none-eabi/16.1.1/thumb/arm946e-s/libgcc.a(_udivmoddi4.o)
                0x02007750                        __exidx_end = .
                0x02007750                        . = ALIGN (0x4)

.init_array     0x02007750        0x0
                [!provide]                        PROVIDE (__preinit_array_start = .)
                0x02007750                        PROVIDE (__bothinit_array_start = .)
 *(.preinit_array)
                [!provide]                        PROVIDE (__preinit_array_end = .)
                [!provide]                        PROVIDE (__init_array_start = .)
 *(SORT_BY_INIT_PRIORITY(.init_array.*) SORT_BY_INIT_PRIORITY(.ctors.*))
 *(.init_array EXCLUDE_FILE(*crtend?.o *crtend.o *crtbegin?.o *crtbegin.o) .ctors)
                [!provide]                        PROVIDE (__init_array_end = .)
                0x02007750                        PROVIDE (__bothinit_array_end = .)

.fini_array     0x02007750        0x0
                0x02007750                        PROVIDE (__fini_array_start = .)
 *(SORT_BY_INIT_PRIORITY(.fini_array.*) SORT_BY_INIT_PRIORITY(.dtors.*))
 *(.fini_array EXCLUDE_FILE(*crtend?.o *crtend.o *crtbegin?.o *crtbegin.o) .dtors)
 *(.fini_array*)
                0x02007750                        PROVIDE (__fini_array_end = .)

.ctors          0x02007750        0x0
 *crtbegin.o(.ctors)
 *crtbegin?.o(.ctors)
 *(EXCLUDE_FILE(*crtend?.o *crtend.o) .ctors)
 *(SORT_BY_NAME(.ctors.*))
 *(.ctors)
                0x02007750                        . = ALIGN (0x4)

.dtors          0x02007750        0x0
 *crtbegin.o(.dtors)
 *crtbegin?.o(.dtors)
 *(EXCLUDE_FILE(*crtend?.o *crtend.o) .dtors)
 *(SORT_BY_NAME(.dtors.*))
 *(.dtors)
                0x02007750                        . = ALIGN (0x4)

.eh_frame       0x02007750        0x4
 *(.eh_frame)
 .eh_frame      0x02007750        0x4 /opt/wonderful/toolchain/gcc-arm-none-eabi/lib/gcc/arm-none-eabi/16.1.1/thumb/arm946e-s/crtend.o
                0x02007754                        . = ALIGN (0x4)

.rel.dyn        0x02007754        0x0
 .rel.iplt      0x02007754        0x0 /opt/wonderful/thirdparty/blocksds/core/sys/crts/ds_arm9_crt0.o

.gcc_except_table
                0x02007754        0x0
 *(.gcc_except_table .gcc_except_table.*)
                0x02007754                        . = ALIGN (0x4)

.got
 *(.got.plt)
 *(.got)
 *(.rel.got)

.ewram          0x02007754        0x0
                0x02007754                        __ewram_start = ABSOLUTE (.)
 *(.ewram)
 *ewram.*(.text)
                0x02007754                        . = ALIGN (0x4)

.data           0x02007754       0xd4
                0x02007754                        __data_start = ABSOLUTE (.)
 *(EXCLUDE_FILE(*.twl*) .data)
 .data          0x02007754       0x28 /opt/wonderful/thirdparty/blocksds/core/libs/libnds/lib/libnds9.a(mpu_setup.s.o)
 .data          0x0200777c        0x4 /opt/wonderful/toolchain/gcc-arm-none-eabi/lib/gcc/arm-none-eabi/16.1.1/../../../../arm-none-eabi/lib/thumb/arm946e-s/libc.a(libc_locale_localedata.c.o)
                0x0200777c                __global_locale
 *(EXCLUDE_FILE(*.twl*) .data.*)
 .data.count    0x02007780        0x1 /opt/wonderful/thirdparty/blocksds/core/libs/libnds/lib/libnds9.a(keys.c.o)
 .data.repeat   0x02007781        0x1 /opt/wonderful/thirdparty/blocksds/core/libs/libnds/lib/libnds9.a(keys.c.o)
 .data.delay    0x02007782        0x1 /opt/wonderful/thirdparty/blocksds/core/libs/libnds/lib/libnds9.a(keys.c.o)
 *fill*         0x02007783        0x1 ff
 .data.latchedArm7Buttons
                0x02007784        0x2 /opt/wonderful/thirdparty/blocksds/core/libs/libnds/lib/libnds9.a(keys.c.o)
 .data.receivedArm7Buttons
                0x02007786        0x2 /opt/wonderful/thirdparty/blocksds/core/libs/libnds/lib/libnds9.a(keys.c.o)
 .data.firstConsoleInit.0
                0x02007788        0x1 /opt/wonderful/thirdparty/blocksds/core/libs/libnds/lib/libnds9.a(console.c.o)
 *fill*         0x02007789        0x3 ff
 .data.currentConsole
                0x0200778c        0x4 /opt/wonderful/thirdparty/blocksds/core/libs/libnds/lib/libnds9.a(console.c.o)
 .data.__stdin  0x02007790       0x4c /opt/wonderful/thirdparty/blocksds/core/libs/libnds/lib/libnds9.a(std_streams.c.o)
 .data.__stdout
                0x020077dc       0x4c /opt/wonderful/thirdparty/blocksds/core/libs/libnds/lib/libnds9.a(std_streams.c.o)
 *(EXCLUDE_FILE(*.twl*) .gnu.linkonce.d*)
                0x02007828                        . = ALIGN (0x4)

.igot.plt       0x02007828        0x0
 .igot.plt      0x02007828        0x0 /opt/wonderful/thirdparty/blocksds/core/sys/crts/ds_arm9_crt0.o

.tdata          0x02007828        0x0
                0x02007828                        __tdata_start = ABSOLUTE (.)
 *(.tdata .tdata.* .gnu.linkonce.td.*)
                0x02007828                        . = ALIGN (0x4)
                0x02007828                        __tdata_end = ABSOLUTE (.)
                0x02007828                        __data_end = .
                0x00000000                        __tdata_size = (__tdata_end - __tdata_start)

.tbss           0x02007828        0x8
                0x02007828                        __tbss_start = ABSOLUTE (.)
 *(.tbss .tbss.* .gnu.linkonce.tb.*)
 .tbss          0x02007828        0x4 /opt/wonderful/toolchain/gcc-arm-none-eabi/lib/gcc/arm-none-eabi/16.1.1/../../../../arm-none-eabi/lib/thumb/arm946e-s/libc.a(libc_errno_errno.c.o)
                0x02007828                errno
 .tbss          0x0200782c        0x4 /opt/wonderful/toolchain/gcc-arm-none-eabi/lib/gcc/arm-none-eabi/16.1.1/../../../../arm-none-eabi/lib/thumb/arm946e-s/libc.a(libc_locale_localedata.c.o)
                0x0200782c                _locale
 *(.tcommon)
                0x02007830                        . = ALIGN (0x4)
                0x02007830                        __tbss_end = ABSOLUTE (.)
                0x00000008                        __tbss_size = (__tbss_end - __tbss_start)
                0x02007828                        __bss_vma = .

.dtcm           0x02ff4000        0x0 load address 0x02007828
                0x02007828                        __dtcm_lma = LOADADDR (.dtcm)
 *(.dtcm)
 *(.dtcm.*)
                0x02ff4000                        . = ALIGN (0x4)
                0x02ff4000                        __dtcm_end = ABSOLUTE (.)

.itcm           0x01000000      0x440 load address 0x02007828
                0x02007828                        __itcm_lma = LOADADDR (.itcm)
                0x01000000                        __itcm_start = ABSOLUTE (.)
 *(.vectors .vectors.*)
 *(.itcm)
 *(.itcm.*)
 .itcm.text.CP15_CleanAndFlushDCacheRange
                0x01000000       0x34 /opt/wonderful/thirdparty/blocksds/core/libs/libnds/lib/libnds9.a(cache.c.o)
                0x01000000                CP15_CleanAndFlushDCacheRange
 .itcm.text.CP15_FlushDCacheRange
                0x01000034       0x2c /opt/wonderful/thirdparty/blocksds/core/libs/libnds/lib/libnds9.a(cache.c.o)
                0x01000034                CP15_FlushDCacheRange
 .itcm.text.swiIntrWait
                0x01000060       0x84 /opt/wonderful/thirdparty/blocksds/core/libs/libnds/lib/libnds9.a(swiIntrWait.c.o)
                0x01000060                swiIntrWait
 .itcm.text.swiWaitForVBlank
                0x010000e4        0xc /opt/wonderful/thirdparty/blocksds/core/libs/libnds/lib/libnds9.a(swiIntrWait.c.o)
                0x010000e4                swiWaitForVBlank
 .itcm.text.cothread_yield_signal
                0x010000f0       0x54 /opt/wonderful/thirdparty/blocksds/core/libs/libnds/lib/libnds9.a(threads.c.o)
                0x010000f0                cothread_yield_signal
 .itcm.text.cothread_send_signal
                0x01000144       0x80 /opt/wonderful/thirdparty/blocksds/core/libs/libnds/lib/libnds9.a(threads.c.o)
                0x01000144                cothread_send_signal
 .itcm.data.__tls
                0x010001c4        0x4 /opt/wonderful/thirdparty/blocksds/core/libs/libnds/lib/libnds9.a(threads.c.o)
                0x010001c4                __tls
 .itcm.bss.cothread_threads_waiting_count
                0x010001c8        0x4 /opt/wonderful/thirdparty/blocksds/core/libs/libnds/lib/libnds9.a(threads.c.o)
                0x010001c8                cothread_threads_waiting_count
 .itcm.bss.cothread_threads_count
                0x010001cc        0x4 /opt/wonderful/thirdparty/blocksds/core/libs/libnds/lib/libnds9.a(threads.c.o)
                0x010001cc                cothread_threads_count
 .itcm.bss.cothread_list_signal
                0x010001d0        0x4 /opt/wonderful/thirdparty/blocksds/core/libs/libnds/lib/libnds9.a(threads.c.o)
                0x010001d0                cothread_list_signal
 .itcm.bss.cothread_list_irq
                0x010001d4       0x80 /opt/wonderful/thirdparty/blocksds/core/libs/libnds/lib/libnds9.a(threads.c.o)
                0x010001d4                cothread_list_irq
 .itcm.data     0x01000254       0x80 /opt/wonderful/thirdparty/blocksds/core/libs/libnds/lib/libnds9.a(interrupts.c.o)
                0x01000254                irqTable
 .itcm.setCpuClock
                0x010002d4       0x50 /opt/wonderful/thirdparty/blocksds/core/libs/libnds/lib/libnds9.a(cpu_clock.s.o)
                0x010002d4                setCpuClock
 .itcm.IntrMain
                0x01000324      0x110 /opt/wonderful/thirdparty/blocksds/core/libs/libnds/lib/libnds9.a(interruptDispatcher.s.o)
                0x01000324                IntrMain
                0x01000430                irq_nesting_level
 *fill*         0x01000434        0x4 ff
 .itcm.IntrMain.__stub
                0x01000438        0x8 linker stubs
 *.itcm*(.text .stub .text.*)
                0x01000440                        . = ALIGN (0x4)
                0x01000440                        __itcm_end = ABSOLUTE (.)

.sbss           0x02ff4000        0x0
                0x02ff4000                        __sbss_start = ABSOLUTE (.)
                0x02ff4000                        __sbss_start__ = ABSOLUTE (.)
 *(.sbss)
 *(.sbss.*)
                0x02ff4000                        . = ALIGN (0x4)
                0x02ff4000                        __sbss_end = ABSOLUTE (.)

.bss            0x02007828     0x1168
                0x02007828                        __bss_start = ABSOLUTE (.)
                0x02007828                        __bss_start__ = ABSOLUTE (.)
 *(EXCLUDE_FILE(*.twl*) .dynbss)
 *(EXCLUDE_FILE(*.twl*) .gnu.linkonce.b*)
 *(EXCLUDE_FILE(*.twl*) .bss*)
 .bss.checks    0x02007828        0x4 build/vram_dma_2d/source/main.c.o
 .bss.failures  0x0200782c        0x4 build/vram_dma_2d/source/main.c.o
 .bss.keysrepeat
                0x02007830        0x2 /opt/wonderful/thirdparty/blocksds/core/libs/libnds/lib/libnds9.a(keys.c.o)
 .bss.keysup    0x02007832        0x2 /opt/wonderful/thirdparty/blocksds/core/libs/libnds/lib/libnds9.a(keys.c.o)
 .bss.keysdown  0x02007834        0x2 /opt/wonderful/thirdparty/blocksds/core/libs/libnds/lib/libnds9.a(keys.c.o)
 .bss.keys      0x02007836        0x2 /opt/wonderful/thirdparty/blocksds/core/libs/libnds/lib/libnds9.a(keys.c.o)
 .bss.latchedTouchPosition
                0x02007838        0xc /opt/wonderful/thirdparty/blocksds/core/libs/libnds/lib/libnds9.a(keys.c.o)
 .bss.receivedTouchPosition
                0x02007844        0xc /opt/wonderful/thirdparty/blocksds/core/libs/libnds/lib/libnds9.a(keys.c.o)
 .bss.punixTime
                0x02007850        0x4 /opt/wonderful/thirdparty/blocksds/core/libs/libnds/lib/libnds9.a(initSystem.c.o)
                0x02007850                punixTime
 .bss.__debugger_unit
                0x02007854        0x1 /opt/wonderful/thirdparty/blocksds/core/libs/libnds/lib/libnds9.a(initSystem.c.o)
                0x02007854                __debugger_unit
 .bss.__dsimode
                0x02007855        0x1 /opt/wonderful/thirdparty/blocksds/core/libs/libnds/lib/libnds9.a(initSystem.c.o)
                0x02007855                __dsimode
 *fill*         0x02007856        0x2 
 .bss.arm7console
                0x02007858        0x4 /opt/wonderful/thirdparty/blocksds/core/libs/libnds/lib/libnds9.a(console.c.o)
 .bss.arm7con   0x0200785c        0x4 /opt/wonderful/thirdparty/blocksds/core/libs/libnds/lib/libnds9.a(console.c.o)
 .bss.libnds_stderr_write
                0x02007860        0x4 /opt/wonderful/thirdparty/blocksds/core/libs/libnds/lib/libnds9.a(console.c.o)
                0x02007860                libnds_stderr_write
 .bss.libnds_stdout_write
                0x02007864        0x4 /opt/wonderful/thirdparty/blocksds/core/libs/libnds/lib/libnds9.a(console.c.o)
                0x02007864                libnds_stdout_write
 .bss.currentCopy
                0x02007868       0x4c /opt/wonderful/thirdparty/blocksds/core/libs/libnds/lib/libnds9.a(console.c.o)
 .bss._gm_      0x020078b4      0x1dc /opt/wonderful/thirdparty/blocksds/core/libs/libnds/lib/libnds9.a(dlmalloc.c.o)
 .bss.mparams   0x02007a90       0x14 /opt/wonderful/thirdparty/blocksds/core/libs/libnds/lib/libnds9.a(dlmalloc.c.o)
 .bss.malloc_global_mutex
                0x02007aa4        0x1 /opt/wonderful/thirdparty/blocksds/core/libs/libnds/lib/libnds9.a(dlmalloc.c.o)
 *fill*         0x02007aa5        0x3 
 .bss.heap_start
                0x02007aa8        0x4 /opt/wonderful/thirdparty/blocksds/core/libs/libnds/lib/libnds9.a(sbrk.c.o)
 .bss.fake_heap_start
                0x02007aac        0x4 /opt/wonderful/thirdparty/blocksds/core/libs/libnds/lib/libnds9.a(sbrk.c.o)
                0x02007aac                fake_heap_start
 .bss.fake_heap_end
                0x02007ab0        0x4 /opt/wonderful/thirdparty/blocksds/core/libs/libnds/lib/libnds9.a(sbrk.c.o)
                0x02007ab0                fake_heap_end
 .bss.main_args
                0x02007ab4        0x8 /opt/wonderful/thirdparty/blocksds/core/libs/libnds/lib/libnds9.a(threads.c.o)
 .bss.cothread_list
                0x02007abc       0x20 /opt/wonderful/thirdparty/blocksds/core/libs/libnds/lib/libnds9.a(threads.c.o)
 .bss.cothread_active_thread
                0x02007adc        0x4 /opt/wonderful/thirdparty/blocksds/core/libs/libnds/lib/libnds9.a(threads.c.o)
 .bss.free_fn   0x02007ae0        0x4 /opt/wonderful/thirdparty/blocksds/core/libs/libnds/lib/libnds9.a(threads.c.o)
 .bss.fifo_rx_processing
                0x02007ae4        0x1 /opt/wonderful/thirdparty/blocksds/core/libs/libnds/lib/libnds9.a(fifosystem.c.o)
 *fill*         0x02007ae5        0x3 
 .bss.fifo_datamsg_data
                0x02007ae8       0x40 /opt/wonderful/thirdparty/blocksds/core/libs/libnds/lib/libnds9.a(fifosystem.c.o)
 .bss.fifo_value32_data
                0x02007b28       0x40 /opt/wonderful/thirdparty/blocksds/core/libs/libnds/lib/libnds9.a(fifosystem.c.o)
 .bss.fifo_address_data
                0x02007b68       0x40 /opt/wonderful/thirdparty/blocksds/core/libs/libnds/lib/libnds9.a(fifosystem.c.o)
 .bss.fifo_datamsg_func
                0x02007ba8       0x40 /opt/wonderful/thirdparty/blocksds/core/libs/libnds/lib/libnds9.a(fifosystem.c.o)
 .bss.fifo_value32_func
                0x02007be8       0x40 /opt/wonderful/thirdparty/blocksds/core/libs/libnds/lib/libnds9.a(fifosystem.c.o)
 .bss.fifo_address_func
                0x02007c28       0x40 /opt/wonderful/thirdparty/blocksds/core/libs/libnds/lib/libnds9.a(fifosystem.c.o)
 .bss.fifo_rx_queue
                0x02007c68        0x4 /opt/wonderful/thirdparty/blocksds/core/libs/libnds/lib/libnds9.a(fifosystem.c.o)
 .bss.fifo_tx_queue
                0x02007c6c        0x4 /opt/wonderful/thirdparty/blocksds/core/libs/libnds/lib/libnds9.a(fifosystem.c.o)
 .bss.fifo_free_queue
                0x02007c70        0x4 /opt/wonderful/thirdparty/blocksds/core/libs/libnds/lib/libnds9.a(fifosystem.c.o)
 .bss.fifo_value32_queue
                0x02007c74       0x40 /opt/wonderful/thirdparty/blocksds/core/libs/libnds/lib/libnds9.a(fifosystem.c.o)
 .bss.fifo_data_queue
                0x02007cb4       0x40 /opt/wonderful/thirdparty/blocksds/core/libs/libnds/lib/libnds9.a(fifosystem.c.o)
 .bss.fifo_address_queue
                0x02007cf4       0x40 /opt/wonderful/thirdparty/blocksds/core/libs/libnds/lib/libnds9.a(fifosystem.c.o)
 .bss.global_pool_free_words
                0x02007d34        0x4 /opt/wonderful/thirdparty/blocksds/core/libs/libnds/lib/libnds9.a(fifosystem.c.o)
 .bss.global_fifo_pool
                0x02007d38      0x800 /opt/wonderful/thirdparty/blocksds/core/libs/libnds/lib/libnds9.a(fifosystem.c.o)
 .bss.exceptionMsg
                0x02008538        0x4 /opt/wonderful/thirdparty/blocksds/core/libs/libnds/lib/libnds9.a(exceptions.c.o)
                0x02008538                exceptionMsg
 .bss.stdin_read_buf
                0x0200853c       0x80 /opt/wonderful/thirdparty/blocksds/core/libs/libnds/lib/libnds9.a(std_streams.c.o)
 .bss.write_buf_out
                0x020085bc        0x1 /opt/wonderful/thirdparty/blocksds/core/libs/libnds/lib/libnds9.a(std_streams.c.o)
 *fill*         0x020085bd        0x1 
 .bss.stderr_buf_len
                0x020085be        0x2 /opt/wonderful/thirdparty/blocksds/core/libs/libnds/lib/libnds9.a(std_streams.c.o)
 .bss.stdout_buf_len
                0x020085c0        0x2 /opt/wonderful/thirdparty/blocksds/core/libs/libnds/lib/libnds9.a(std_streams.c.o)
 *fill*         0x020085c2        0x2 
 .bss.stderr_buf
                0x020085c4       0x31 /opt/wonderful/thirdparty/blocksds/core/libs/libnds/lib/libnds9.a(std_streams.c.o)
 *fill*         0x020085f5        0x3 
 .bss.stdout_buf
                0x020085f8       0x31 /opt/wonderful/thirdparty/blocksds/core/libs/libnds/lib/libnds9.a(std_streams.c.o)
 *fill*         0x02008629        0x3 
 .bss.bgIsTextLut
                0x0200862c        0x8 /opt/wonderful/thirdparty/blocksds/core/libs/libnds/lib/libnds9.a(background.c.o)
                0x0200862c                bgIsTextLut
 *fill*         0x02008634        0x4 
 .bss.bgState   0x02008638      0x140 /opt/wonderful/thirdparty/blocksds/core/libs/libnds/lib/libnds9.a(background.c.o)
                0x02008638                bgState
 .bss.SDcallback
                0x02008778        0x4 /opt/wonderful/thirdparty/blocksds/core/libs/libnds/lib/libnds9.a(system.c.o)
 .bss.locks     0x0200877c      0x210 /opt/wonderful/thirdparty/blocksds/core/libs/libnds/lib/libnds9.a(locks.c.o)
 .bss.stdin_fn_read
                0x0200898c        0x4 /opt/wonderful/thirdparty/blocksds/core/libs/libnds/lib/libnds9.a(syscalls_filesystem.c.o)
                0x0200898c                stdin_fn_read
 *(EXCLUDE_FILE(*.twl*) COMMON)
                0x02008990                        . = ALIGN (0x4)
                0x02008990                        __bss_end__ = ABSOLUTE (.)

.noinit         0x02008990        0x0
                0x02008990                        __noinit_start = ABSOLUTE (.)
 *(EXCLUDE_FILE(*.twl*) .noinit)
 *(EXCLUDE_FILE(*.twl*) .noinit.*)
 *(EXCLUDE_FILE(*.twl*) .gnu.linkonce.n.*)
                0x02008990                        . = ALIGN (0x4)
                0x02008990                        __noinit_end = ABSOLUTE (.)

.tls            0x02008990        0x8
                0x02008990                        __tls_start = ABSOLUTE (.)
                0x02008998                        . = ((. + __tdata_size) + __tbss_size)
 *fill*         0x02008990        0x8 
                0x02008998                        . = ALIGN (0x4)
                0x02008998                        __tls_end = ABSOLUTE (.)
                0x02008998                        __end__ = ABSOLUTE (.)
                0x00000008                        __tls_size = (__tls_end - __tls_start)

.twl            0x02008998        0x0 load address 0x02400000
                0x02400000                        __arm9i_lma__ = LOADADDR (.twl)
                0x02008998                        __arm9i_start__ = ABSOLUTE (.)
 *(.twl)
 *(.twl.text .twl.text.*)
 *(.twl.rodata .twl.rodata.*)
 *(.twl.data .twl.data.*)
 *.twl*(.text .stub .text.* .gnu.linkonce.t.*)
 *.twl*(.rodata)
 *.twl*(.roda)
 *.twl*(.rodata.*)
 *.twl*(.data)
 *.twl*(.data.*)
 *.twl*(.gnu.linkonce.d*)
                0x02008998                        . = ALIGN (0x4)
                0x02008998                        __arm9i_end__ = ABSOLUTE (.)

.twl_bss        0x02008998        0x0
                0x02008998                        __twl_bss_start__ = ABSOLUTE (.)
 *(.twl_bss .twl_bss.*)
 *(.twl.bss .twl.bss.*)
 *.twl*(.dynbss)
 *.twl*(.gnu.linkonce.b*)
 *.twl*(.bss*)
 *.twl*(COMMON)
                0x02008998                        . = ALIGN (0x4)
                0x02008998                        __twl_bss_end__ = ABSOLUTE (.)

.twl_noinit     0x02008998        0x0
                0x02008998                        __twl_noinit_start__ = ABSOLUTE (.)
 *(.twl_noinit .twl_noinit.*)
 *(.twl.noinit .twl.noinit.*)
 *.twl*(.noinit)
 *.twl*(.noinit.*)
 *.twl*(.gnu.linkonce.n.*)
                0x02008998                        . = ALIGN (0x4)
                0x02008998                        __twl_noinit_end__ = ABSOLUTE (.)
                0x02008998                        __twl_end__ = ABSOLUTE (.)
                0x00000440                        __itcm_size = (__itcm_end - __itcm_start)
                0x00000000                        __dtcm_size = (__dtcm_end - __dtcm_data_start)
                0x00000000                        __arm9i_size__ = (__arm9i_end__ - __arm9i_start__)
                0x00001168                        __bss_size__ = (__bss_end__ - __bss_start__)
                0x00000000                        __sbss_size = (__sbss_end - __sbss_start)
                0x00000000                        __twl_bss_size__ = (__twl_bss_end__ - __twl_bss_start__)

.stab
 *(.stab)

.stabstr
 *(.stabstr)

.stab.excl
 *(.stab.excl)

.stab.exclstr
 *(.stab.exclstr)

.stab.index
 *(.stab.index)

.stab.indexstr
 *(.stab.indexstr)

.comment        0x00000000       0x63
 *(.comment)
 .comment       0x00000000       0x63 build/vram_dma_2d/source/main.c.o
                                 0x2c (size before relaxing)
 .comment       0x00000063        0x0 /opt/wonderful/thirdparty/blocksds/core/libs/libnds/lib/libnds9.a(crt0_argv.c.o)
                                 0x2c (size before relaxing)
 .comment       0x00000063        0x0 /opt/wonderful/thirdparty/blocksds/core/libs/libnds/lib/libnds9.a(video.c.o)
                                 0x2c (size before relaxing)
 .comment       0x00000063        0x0 /opt/wonderful/thirdparty/blocksds/core/libs/libnds/lib/libnds9.a(securearea.c.o)
                                 0x2c (size before relaxing)
 .comment       0x00000063        0x0 /opt/wonderful/thirdparty/blocksds/core/libs/libnds/lib/libnds9.a(keys.c.o)
                                 0x2c (size before relaxing)
 .comment       0x00000063        0x0 /opt/wonderful/thirdparty/blocksds/core/libs/libnds/lib/libnds9.a(initSystem.c.o)
                                 0x2c (size before relaxing)
 .comment       0x00000063        0x0 /opt/wonderful/thirdparty/blocksds/core/libs/libnds/lib/libnds9.a(cache.c.o)
                                 0x2c (size before relaxing)
 .comment       0x00000063        0x0 /opt/wonderful/thirdparty/blocksds/core/libs/libnds/lib/libnds9.a(exceptions.c.o)
                                 0x2c (size before relaxing)
 .comment       0x00000063        0x0 /opt/wonderful/thirdparty/blocksds/core/libs/libnds/lib/libnds9.a(console.c.o)
                                 0x2c (size before relaxing)
 .comment       0x00000063        0x0 /opt/wonderful/thirdparty/blocksds/core/libs/libnds/lib/libnds9.a(dlmalloc.c.o)
                                 0x2c (size before relaxing)
 .comment       0x00000063        0x0 /opt/wonderful/thirdparty/blocksds/core/libs/libnds/lib/libnds9.a(exit.c.o)
                                 0x2c (size before relaxing)
 .comment       0x00000063        0x0 /opt/wonderful/thirdparty/blocksds/core/libs/libnds/lib/libnds9.a(sbrk.c.o)
                                 0x2c (size before relaxing)
 .comment       0x00000063        0x0 /opt/wonderful/thirdparty/blocksds/core/libs/libnds/lib/libnds9.a(heapfuncs.c.o)
                                 0x2c (size before relaxing)
 .comment       0x00000063        0x0 /opt/wonderful/thirdparty/blocksds/core/libs/libnds/lib/libnds9.a(swiIntrWait.c.o)
                                 0x2c (size before relaxing)
 .comment       0x00000063        0x0 /opt/wonderful/thirdparty/blocksds/core/libs/libnds/lib/libnds9.a(threads.c.o)
                                 0x2c (size before relaxing)
 .comment       0x00000063        0x0 /opt/wonderful/thirdparty/blocksds/core/libs/libnds/lib/libnds9.a(coroutine.c.o)
                                 0x2c (size before relaxing)
 .comment       0x00000063        0x0 /opt/wonderful/thirdparty/blocksds/core/libs/libnds/lib/libnds9.a(interrupts.c.o)
                                 0x2c (size before relaxing)
 .comment       0x00000063        0x0 /opt/wonderful/thirdparty/blocksds/core/libs/libnds/lib/libnds9.a(fifosystem.c.o)
                                 0x2c (size before relaxing)
 .comment       0x00000063        0x0 /opt/wonderful/thirdparty/blocksds/core/libs/libnds/lib/libnds9.a(exceptions.c.o)
                                 0x2c (size before relaxing)
 .comment       0x00000063        0x0 /opt/wonderful/thirdparty/blocksds/core/libs/libnds/lib/libnds9.a(default_font.png.o)
                                 0x2c (size before relaxing)
 .comment       0x00000063        0x0 /opt/wonderful/thirdparty/blocksds/core/libs/libnds/lib/libnds9.a(std_streams.c.o)
                                 0x2c (size before relaxing)
 .comment       0x00000063        0x0 /opt/wonderful/thirdparty/blocksds/core/libs/libnds/lib/libnds9.a(background.c.o)
                                 0x2c (size before relaxing)
 .comment       0x00000063        0x0 /opt/wonderful/thirdparty/blocksds/core/libs/libnds/lib/libnds9.a(system.c.o)
                                 0x2c (size before relaxing)
 .comment       0x00000063        0x0 /opt/wonderful/thirdparty/blocksds/core/libs/libnds/lib/libnds9.a(trig.c.o)
                                 0x2c (size before relaxing)
 .comment       0x00000063        0x0 /opt/wonderful/thirdparty/blocksds/core/libs/libnds/lib/libnds9.a(locks.c.o)
                                 0x2c (size before relaxing)
 .comment       0x00000063        0x0 /opt/wonderful/thirdparty/blocksds/core/libs/libnds/lib/libnds9.a(sassert.c.o)
                                 0x2c (size before relaxing)
 .comment       0x00000063        0x0 /opt/wonderful/thirdparty/blocksds/core/libs/libnds/lib/libnds9.a(syscalls_filesystem.c.o)
                                 0x2c (size before relaxing)
 .comment       0x00000063        0x0 /opt/wonderful/toolchain/gcc-arm-none-eabi/lib/gcc/arm-none-eabi/16.1.1/../../../../arm-none-eabi/lib/thumb/arm946e-s/libc.a(libc_errno_errno.c.o)
                                 0x39 (size before relaxing)
 .comment       0x00000063        0x0 /opt/wonderful/toolchain/gcc-arm-none-eabi/lib/gcc/arm-none-eabi/16.1.1/../../../../arm-none-eabi/lib/thumb/arm946e-s/libc.a(libc_misc_init.c.o)
                                 0x39 (size before relaxing)
 .comment       0x00000063        0x0 /opt/wonderful/toolchain/gcc-arm-none-eabi/lib/gcc/arm-none-eabi/16.1.1/../../../../arm-none-eabi/lib/thumb/arm946e-s/libc.a(libc_stdio_bufio.c.o)
                                 0x39 (size before relaxing)
 .comment       0x00000063        0x0 /opt/wonderful/toolchain/gcc-arm-none-eabi/lib/gcc/arm-none-eabi/16.1.1/../../../../arm-none-eabi/lib/thumb/arm946e-s/libc.a(libc_stdio_bufio_close_nf.c.o)
                                 0x39 (size before relaxing)
 .comment       0x00000063        0x0 /opt/wonderful/toolchain/gcc-arm-none-eabi/lib/gcc/arm-none-eabi/16.1.1/../../../../arm-none-eabi/lib/thumb/arm946e-s/libc.a(libc_stdio_fflush.c.o)
                                 0x39 (size before relaxing)
 .comment       0x00000063        0x0 /opt/wonderful/toolchain/gcc-arm-none-eabi/lib/gcc/arm-none-eabi/16.1.1/../../../../arm-none-eabi/lib/thumb/arm946e-s/libc.a(libc_stdio_printf.c.o)
                                 0x39 (size before relaxing)
 .comment       0x00000063        0x0 /opt/wonderful/toolchain/gcc-arm-none-eabi/lib/gcc/arm-none-eabi/16.1.1/../../../../arm-none-eabi/lib/thumb/arm946e-s/libc.a(libc_stdio_putchar.c.o)
                                 0x39 (size before relaxing)
 .comment       0x00000063        0x0 /opt/wonderful/toolchain/gcc-arm-none-eabi/lib/gcc/arm-none-eabi/16.1.1/../../../../arm-none-eabi/lib/thumb/arm946e-s/libc.a(libc_stdio_puts.c.o)
                                 0x39 (size before relaxing)
 .comment       0x00000063        0x0 /opt/wonderful/toolchain/gcc-arm-none-eabi/lib/gcc/arm-none-eabi/16.1.1/../../../../arm-none-eabi/lib/thumb/arm946e-s/libc.a(libc_stdio_vfprintf.c.o)
                                 0x39 (size before relaxing)
 .comment       0x00000063        0x0 /opt/wonderful/toolchain/gcc-arm-none-eabi/lib/gcc/arm-none-eabi/16.1.1/../../../../arm-none-eabi/lib/thumb/arm946e-s/libc.a(libc_stdio_vprintf.c.o)
                                 0x39 (size before relaxing)
 .comment       0x00000063        0x0 /opt/wonderful/toolchain/gcc-arm-none-eabi/lib/gcc/arm-none-eabi/16.1.1/../../../../arm-none-eabi/lib/thumb/arm946e-s/libc.a(libc_stdio_dtoa_ryu.c.o)
                                 0x39 (size before relaxing)
 .comment       0x00000063        0x0 /opt/wonderful/toolchain/gcc-arm-none-eabi/lib/gcc/arm-none-eabi/16.1.1/../../../../arm-none-eabi/lib/thumb/arm946e-s/libc.a(libc_stdio_ryu_log10.c.o)
                                 0x39 (size before relaxing)
 .comment       0x00000063        0x0 /opt/wonderful/toolchain/gcc-arm-none-eabi/lib/gcc/arm-none-eabi/16.1.1/../../../../arm-none-eabi/lib/thumb/arm946e-s/libc.a(libc_stdio_ryu_pow5bits.c.o)
                                 0x39 (size before relaxing)
 .comment       0x00000063        0x0 /opt/wonderful/toolchain/gcc-arm-none-eabi/lib/gcc/arm-none-eabi/16.1.1/../../../../arm-none-eabi/lib/thumb/arm946e-s/libc.a(libc_stdio_ryu_table.c.o)
                                 0x39 (size before relaxing)
 .comment       0x00000063        0x0 /opt/wonderful/toolchain/gcc-arm-none-eabi/lib/gcc/arm-none-eabi/16.1.1/../../../../arm-none-eabi/lib/thumb/arm946e-s/libc.a(libc_stdio_ryu_umul128.c.o)
                                 0x39 (size before relaxing)
 .comment       0x00000063        0x0 /opt/wonderful/toolchain/gcc-arm-none-eabi/lib/gcc/arm-none-eabi/16.1.1/../../../../arm-none-eabi/lib/thumb/arm946e-s/libc.a(libc_stdlib_exit.c.o)
                                 0x39 (size before relaxing)
 .comment       0x00000063        0x0 /opt/wonderful/toolchain/gcc-arm-none-eabi/lib/gcc/arm-none-eabi/16.1.1/../../../../arm-none-eabi/lib/thumb/arm946e-s/libc.a(libc_stdlib_wctomb_r.c.o)
                                 0x39 (size before relaxing)
 .comment       0x00000063        0x0 /opt/wonderful/toolchain/gcc-arm-none-eabi/lib/gcc/arm-none-eabi/16.1.1/../../../../arm-none-eabi/lib/thumb/arm946e-s/libc.a(libc_string_strnlen.c.o)
                                 0x39 (size before relaxing)
 .comment       0x00000063        0x0 /opt/wonderful/toolchain/gcc-arm-none-eabi/lib/gcc/arm-none-eabi/16.1.1/../../../../arm-none-eabi/lib/thumb/arm946e-s/libc.a(libc_time_time.c.o)
                                 0x39 (size before relaxing)
 .comment       0x00000063        0x0 /opt/wonderful/toolchain/gcc-arm-none-eabi/lib/gcc/arm-none-eabi/16.1.1/../../../../arm-none-eabi/lib/thumb/arm946e-s/libc.a(libc_locale_localedata.c.o)
                                 0x39 (size before relaxing)
 .comment       0x00000063        0x0 /opt/wonderful/toolchain/gcc-arm-none-eabi/lib/gcc/arm-none-eabi/16.1.1/../../../../arm-none-eabi/lib/thumb/arm946e-s/libc.a(libc_misc_fini.c.o)
                                 0x39 (size before relaxing)
 .comment       0x00000063        0x0 /opt/wonderful/toolchain/gcc-arm-none-eabi/lib/gcc/arm-none-eabi/16.1.1/../../../../arm-none-eabi/lib/thumb/arm946e-s/libc.a(libc_stdio_atomic_store.c.o)
                                 0x39 (size before relaxing)
 .comment       0x00000063        0x0 /opt/wonderful/toolchain/gcc-arm-none-eabi/lib/gcc/arm-none-eabi/16.1.1/../../../../arm-none-eabi/lib/thumb/arm946e-s/libc.a(libc_stdio_dtox_engine.c.o)
                                 0x39 (size before relaxing)
 .comment       0x00000063        0x0 /opt/wonderful/toolchain/gcc-arm-none-eabi/lib/gcc/arm-none-eabi/16.1.1/../../../../arm-none-eabi/lib/thumb/arm946e-s/libc.a(libc_stdio_fputc.c.o)
                                 0x39 (size before relaxing)
 .comment       0x00000063        0x0 /opt/wonderful/thirdparty/blocksds/core/libs/libnds/lib/libnds9.a(syscalls.c.o)
                                 0x2c (size before relaxing)
 .comment       0x00000063        0x0 /opt/wonderful/toolchain/gcc-arm-none-eabi/lib/gcc/arm-none-eabi/16.1.1/thumb/arm946e-s/libgcc.a(_udivmoddi4.o)
                                 0x2c (size before relaxing)
 .comment       0x00000063        0x0 /opt/wonderful/toolchain/gcc-arm-none-eabi/lib/gcc/arm-none-eabi/16.1.1/thumb/arm946e-s/crtend.o
                                 0x2c (size before relaxing)

.gnu.build.attributes
 *(.gnu.build.attributes .gnu.build.attributes.*)

.debug
 *(.debug)

.line
 *(.line)

.debug_srcinfo
 *(.debug_srcinfo)

.debug_sfnames
 *(.debug_sfnames)

.debug_aranges  0x00000000     0x1368
 *(.debug_aranges)
 .debug_aranges
                0x00000000       0x20 /opt/wonderful/thirdparty/blocksds/core/sys/crts/ds_arm9_crt0.o
 .debug_aranges
                0x00000020      0x140 /opt/wonderful/thirdparty/blocksds/core/libs/libnds/lib/libnds9.a(cp15.s.o)
 .debug_aranges
                0x00000160       0x50 /opt/wonderful/thirdparty/blocksds/core/libs/libnds/lib/libnds9.a(mpu_setup.s.o)
 .debug_aranges
                0x000001b0       0x20 /opt/wonderful/thirdparty/blocksds/core/libs/libnds/lib/libnds9.a(crt0_argv.c.o)
 .debug_aranges
                0x000001d0       0x38 /opt/wonderful/thirdparty/blocksds/core/libs/libnds/lib/libnds9.a(video.c.o)
 .debug_aranges
                0x00000208       0x18 /opt/wonderful/thirdparty/blocksds/core/libs/libnds/lib/libnds9.a(securearea.c.o)
 .debug_aranges
                0x00000220       0x60 /opt/wonderful/thirdparty/blocksds/core/libs/libnds/lib/libnds9.a(keys.c.o)
 .debug_aranges
                0x00000280       0x20 /opt/wonderful/thirdparty/blocksds/core/libs/libnds/lib/libnds9.a(initSystem.c.o)
 .debug_aranges
                0x000002a0       0x30 /opt/wonderful/thirdparty/blocksds/core/libs/libnds/lib/libnds9.a(cache.c.o)
 .debug_aranges
                0x000002d0       0x58 /opt/wonderful/thirdparty/blocksds/core/libs/libnds/lib/libnds9.a(exceptions.c.o)
 .debug_aranges
                0x00000328       0xf0 /opt/wonderful/thirdparty/blocksds/core/libs/libnds/lib/libnds9.a(console.c.o)
 .debug_aranges
                0x00000418      0x110 /opt/wonderful/thirdparty/blocksds/core/libs/libnds/lib/libnds9.a(dlmalloc.c.o)
 .debug_aranges
                0x00000528       0x38 /opt/wonderful/thirdparty/blocksds/core/libs/libnds/lib/libnds9.a(exit.c.o)
 .debug_aranges
                0x00000560       0x20 /opt/wonderful/thirdparty/blocksds/core/libs/libnds/lib/libnds9.a(sbrk.c.o)
 .debug_aranges
                0x00000580       0x38 /opt/wonderful/thirdparty/blocksds/core/libs/libnds/lib/libnds9.a(heapfuncs.c.o)
 .debug_aranges
                0x000005b8       0x28 /opt/wonderful/thirdparty/blocksds/core/libs/libnds/lib/libnds9.a(swiIntrWait.c.o)
 .debug_aranges
                0x000005e0       0x90 /opt/wonderful/thirdparty/blocksds/core/libs/libnds/lib/libnds9.a(threads.c.o)
 .debug_aranges
                0x00000670       0x28 /opt/wonderful/thirdparty/blocksds/core/libs/libnds/lib/libnds9.a(coroutine.c.o)
 .debug_aranges
                0x00000698       0x48 /opt/wonderful/thirdparty/blocksds/core/libs/libnds/lib/libnds9.a(interrupts.c.o)
 .debug_aranges
                0x000006e0       0xd8 /opt/wonderful/thirdparty/blocksds/core/libs/libnds/lib/libnds9.a(fifosystem.c.o)
 .debug_aranges
                0x000007b8       0x38 /opt/wonderful/thirdparty/blocksds/core/libs/libnds/lib/libnds9.a(exceptions.c.o)
 .debug_aranges
                0x000007f0       0x18 /opt/wonderful/thirdparty/blocksds/core/libs/libnds/lib/libnds9.a(default_font.png.o)
 .debug_aranges
                0x00000808       0x20 /opt/wonderful/thirdparty/blocksds/core/libs/libnds/lib/libnds9.a(cpu_clock.s.o)
 .debug_aranges
                0x00000828       0x28 /opt/wonderful/thirdparty/blocksds/core/libs/libnds/lib/libnds9.a(dma.s.o)
 .debug_aranges
                0x00000850       0x20 /opt/wonderful/thirdparty/blocksds/core/libs/libnds/lib/libnds9.a(aeabi_read_tp.s.o)
 .debug_aranges
                0x00000870       0x40 /opt/wonderful/thirdparty/blocksds/core/libs/libnds/lib/libnds9.a(memset.s.o)
 .debug_aranges
                0x000008b0       0x38 /opt/wonderful/thirdparty/blocksds/core/libs/libnds/lib/libnds9.a(coroutine.s.o)
 .debug_aranges
                0x000008e8       0x30 /opt/wonderful/thirdparty/blocksds/core/libs/libnds/lib/libnds9.a(memcpy.s.o)
 .debug_aranges
                0x00000918       0x20 /opt/wonderful/thirdparty/blocksds/core/libs/libnds/lib/libnds9.a(interruptDispatcher.s.o)
 .debug_aranges
                0x00000938       0x28 /opt/wonderful/thirdparty/blocksds/core/libs/libnds/lib/libnds9.a(cpu.s.o)
 .debug_aranges
                0x00000960       0x20 /opt/wonderful/thirdparty/blocksds/core/libs/libnds/lib/libnds9.a(exceptionHandler.s.o)
 .debug_aranges
                0x00000980       0x58 /opt/wonderful/thirdparty/blocksds/core/libs/libnds/lib/libnds9.a(std_streams.c.o)
 .debug_aranges
                0x000009d8       0xd8 /opt/wonderful/thirdparty/blocksds/core/libs/libnds/lib/libnds9.a(background.c.o)
 .debug_aranges
                0x00000ab0       0x88 /opt/wonderful/thirdparty/blocksds/core/libs/libnds/lib/libnds9.a(system.c.o)
 .debug_aranges
                0x00000b38       0x60 /opt/wonderful/thirdparty/blocksds/core/libs/libnds/lib/libnds9.a(trig.c.o)
 .debug_aranges
                0x00000b98       0x68 /opt/wonderful/thirdparty/blocksds/core/libs/libnds/lib/libnds9.a(locks.c.o)
 .debug_aranges
                0x00000c00       0x20 /opt/wonderful/thirdparty/blocksds/core/libs/libnds/lib/libnds9.a(sassert.c.o)
 .debug_aranges
                0x00000c20      0x158 /opt/wonderful/thirdparty/blocksds/core/libs/libnds/lib/libnds9.a(syscalls_filesystem.c.o)
 .debug_aranges
                0x00000d78       0x20 /opt/wonderful/toolchain/gcc-arm-none-eabi/lib/gcc/arm-none-eabi/16.1.1/../../../../arm-none-eabi/lib/thumb/arm946e-s/libc.a(strlen.S.o)
 .debug_aranges
                0x00000d98       0x18 /opt/wonderful/toolchain/gcc-arm-none-eabi/lib/gcc/arm-none-eabi/16.1.1/../../../../arm-none-eabi/lib/thumb/arm946e-s/libc.a(libc_errno_errno.c.o)
 .debug_aranges
                0x00000db0       0x20 /opt/wonderful/toolchain/gcc-arm-none-eabi/lib/gcc/arm-none-eabi/16.1.1/../../../../arm-none-eabi/lib/thumb/arm946e-s/libc.a(libc_misc_init.c.o)
 .debug_aranges
                0x00000dd0       0x60 /opt/wonderful/toolchain/gcc-arm-none-eabi/lib/gcc/arm-none-eabi/16.1.1/../../../../arm-none-eabi/lib/thumb/arm946e-s/libc.a(libc_stdio_bufio.c.o)
 .debug_aranges
                0x00000e30       0x20 /opt/wonderful/toolchain/gcc-arm-none-eabi/lib/gcc/arm-none-eabi/16.1.1/../../../../arm-none-eabi/lib/thumb/arm946e-s/libc.a(libc_stdio_bufio_close_nf.c.o)
 .debug_aranges
                0x00000e50       0x20 /opt/wonderful/toolchain/gcc-arm-none-eabi/lib/gcc/arm-none-eabi/16.1.1/../../../../arm-none-eabi/lib/thumb/arm946e-s/libc.a(libc_stdio_fflush.c.o)
 .debug_aranges
                0x00000e70       0x20 /opt/wonderful/toolchain/gcc-arm-none-eabi/lib/gcc/arm-none-eabi/16.1.1/../../../../arm-none-eabi/lib/thumb/arm946e-s/libc.a(libc_stdio_printf.c.o)
 .debug_aranges
                0x00000e90       0x20 /opt/wonderful/toolchain/gcc-arm-none-eabi/lib/gcc/arm-none-eabi/16.1.1/../../../../arm-none-eabi/lib/thumb/arm946e-s/libc.a(libc_stdio_putchar.c.o)
 .debug_aranges
                0x00000eb0       0x20 /opt/wonderful/toolchain/gcc-arm-none-eabi/lib/gcc/arm-none-eabi/16.1.1/../../../../arm-none-eabi/lib/thumb/arm946e-s/libc.a(libc_stdio_puts.c.o)
 .debug_aranges
                0x00000ed0       0x30 /opt/wonderful/toolchain/gcc-arm-none-eabi/lib/gcc/arm-none-eabi/16.1.1/../../../../arm-none-eabi/lib/thumb/arm946e-s/libc.a(libc_stdio_vfprintf.c.o)
 .debug_aranges
                0x00000f00       0x20 /opt/wonderful/toolchain/gcc-arm-none-eabi/lib/gcc/arm-none-eabi/16.1.1/../../../../arm-none-eabi/lib/thumb/arm946e-s/libc.a(libc_stdio_vprintf.c.o)
 .debug_aranges
                0x00000f20       0x30 /opt/wonderful/toolchain/gcc-arm-none-eabi/lib/gcc/arm-none-eabi/16.1.1/../../../../arm-none-eabi/lib/thumb/arm946e-s/libc.a(libc_stdio_dtoa_ryu.c.o)
 .debug_aranges
                0x00000f50       0x28 /opt/wonderful/toolchain/gcc-arm-none-eabi/lib/gcc/arm-none-eabi/16.1.1/../../../../arm-none-eabi/lib/thumb/arm946e-s/libc.a(libc_stdio_ryu_log10.c.o)
 .debug_aranges
                0x00000f78       0x20 /opt/wonderful/toolchain/gcc-arm-none-eabi/lib/gcc/arm-none-eabi/16.1.1/../../../../arm-none-eabi/lib/thumb/arm946e-s/libc.a(libc_stdio_ryu_pow5bits.c.o)
 .debug_aranges
                0x00000f98       0x30 /opt/wonderful/toolchain/gcc-arm-none-eabi/lib/gcc/arm-none-eabi/16.1.1/../../../../arm-none-eabi/lib/thumb/arm946e-s/libc.a(libc_stdio_ryu_table.c.o)
 .debug_aranges
                0x00000fc8       0x28 /opt/wonderful/toolchain/gcc-arm-none-eabi/lib/gcc/arm-none-eabi/16.1.1/../../../../arm-none-eabi/lib/thumb/arm946e-s/libc.a(libc_stdio_ryu_umul128.c.o)
 .debug_aranges
                0x00000ff0       0x20 /opt/wonderful/toolchain/gcc-arm-none-eabi/lib/gcc/arm-none-eabi/16.1.1/../../../../arm-none-eabi/lib/thumb/arm946e-s/libc.a(libc_stdlib_exit.c.o)
 .debug_aranges
                0x00001010       0x28 /opt/wonderful/toolchain/gcc-arm-none-eabi/lib/gcc/arm-none-eabi/16.1.1/../../../../arm-none-eabi/lib/thumb/arm946e-s/libc.a(libc_stdlib_wctomb_r.c.o)
 .debug_aranges
                0x00001038       0x20 /opt/wonderful/toolchain/gcc-arm-none-eabi/lib/gcc/arm-none-eabi/16.1.1/../../../../arm-none-eabi/lib/thumb/arm946e-s/libc.a(libc_string_strnlen.c.o)
 .debug_aranges
                0x00001058       0x20 /opt/wonderful/toolchain/gcc-arm-none-eabi/lib/gcc/arm-none-eabi/16.1.1/../../../../arm-none-eabi/lib/thumb/arm946e-s/libc.a(libc_time_time.c.o)
 .debug_aranges
                0x00001078       0x18 /opt/wonderful/toolchain/gcc-arm-none-eabi/lib/gcc/arm-none-eabi/16.1.1/../../../../arm-none-eabi/lib/thumb/arm946e-s/libc.a(libc_locale_localedata.c.o)
 .debug_aranges
                0x00001090       0x20 /opt/wonderful/toolchain/gcc-arm-none-eabi/lib/gcc/arm-none-eabi/16.1.1/../../../../arm-none-eabi/lib/thumb/arm946e-s/libc.a(libc_misc_fini.c.o)
 .debug_aranges
                0x000010b0       0x20 /opt/wonderful/toolchain/gcc-arm-none-eabi/lib/gcc/arm-none-eabi/16.1.1/../../../../arm-none-eabi/lib/thumb/arm946e-s/libc.a(libc_stdio_atomic_store.c.o)
 .debug_aranges
                0x000010d0       0x20 /opt/wonderful/toolchain/gcc-arm-none-eabi/lib/gcc/arm-none-eabi/16.1.1/../../../../arm-none-eabi/lib/thumb/arm946e-s/libc.a(libc_stdio_dtox_engine.c.o)
 .debug_aranges
                0x000010f0       0x20 /opt/wonderful/toolchain/gcc-arm-none-eabi/lib/gcc/arm-none-eabi/16.1.1/../../../../arm-none-eabi/lib/thumb/arm946e-s/libc.a(libc_stdio_fputc.c.o)
 .debug_aranges
                0x00001110       0xb8 /opt/wonderful/thirdparty/blocksds/core/libs/libnds/lib/libnds9.a(syscalls.c.o)
 .debug_aranges
                0x000011c8       0x20 /opt/wonderful/toolchain/gcc-arm-none-eabi/lib/gcc/arm-none-eabi/16.1.1/thumb/arm946e-s/libgcc.a(_thumb1_case_uqi.o)
 .debug_aranges
                0x000011e8       0x20 /opt/wonderful/toolchain/gcc-arm-none-eabi/lib/gcc/arm-none-eabi/16.1.1/thumb/arm946e-s/libgcc.a(_thumb1_case_uhi.o)
 .debug_aranges
                0x00001208       0x20 /opt/wonderful/toolchain/gcc-arm-none-eabi/lib/gcc/arm-none-eabi/16.1.1/thumb/arm946e-s/libgcc.a(_udivsi3.o)
 .debug_aranges
                0x00001228       0x20 /opt/wonderful/toolchain/gcc-arm-none-eabi/lib/gcc/arm-none-eabi/16.1.1/thumb/arm946e-s/libgcc.a(_divsi3.o)
 .debug_aranges
                0x00001248       0x20 /opt/wonderful/toolchain/gcc-arm-none-eabi/lib/gcc/arm-none-eabi/16.1.1/thumb/arm946e-s/libgcc.a(_dvmd_tls.o)
 .debug_aranges
                0x00001268       0x20 /opt/wonderful/toolchain/gcc-arm-none-eabi/lib/gcc/arm-none-eabi/16.1.1/thumb/arm946e-s/libgcc.a(_lshrdi3.o)
 .debug_aranges
                0x00001288       0x20 /opt/wonderful/toolchain/gcc-arm-none-eabi/lib/gcc/arm-none-eabi/16.1.1/thumb/arm946e-s/libgcc.a(_ashrdi3.o)
 .debug_aranges
                0x000012a8       0x20 /opt/wonderful/toolchain/gcc-arm-none-eabi/lib/gcc/arm-none-eabi/16.1.1/thumb/arm946e-s/libgcc.a(_ashldi3.o)
 .debug_aranges
                0x000012c8       0x20 /opt/wonderful/toolchain/gcc-arm-none-eabi/lib/gcc/arm-none-eabi/16.1.1/thumb/arm946e-s/libgcc.a(_clzsi2.o)
 .debug_aranges
                0x000012e8       0x20 /opt/wonderful/toolchain/gcc-arm-none-eabi/lib/gcc/arm-none-eabi/16.1.1/thumb/arm946e-s/libgcc.a(_clzdi2.o)
 .debug_aranges
                0x00001308       0x20 /opt/wonderful/toolchain/gcc-arm-none-eabi/lib/gcc/arm-none-eabi/16.1.1/thumb/arm946e-s/libgcc.a(_aeabi_uldivmod.o)
 .debug_aranges
                0x00001328       0x20 /opt/wonderful/toolchain/gcc-arm-none-eabi/lib/gcc/arm-none-eabi/16.1.1/thumb/arm946e-s/libgcc.a(_udivmoddi4.o)
 .debug_aranges
                0x00001348       0x20 /opt/wonderful/toolchain/gcc-arm-none-eabi/lib/gcc/arm-none-eabi/16.1.1/thumb/arm946e-s/libgcc.a(muldi3.o)

.debug_pubnames
 *(.debug_pubnames)

.debug_info     0x00000000    0x1cf41
 *(.debug_info .gnu.linkonce.wi.*)
 .debug_info    0x00000000       0x25 /opt/wonderful/thirdparty/blocksds/core/sys/crts/ds_arm9_crt0.o
 .debug_info    0x00000025       0x23 /opt/wonderful/thirdparty/blocksds/core/libs/libnds/lib/libnds9.a(cp15.s.o)
 .debug_info    0x00000048       0x23 /opt/wonderful/thirdparty/blocksds/core/libs/libnds/lib/libnds9.a(mpu_setup.s.o)
 .debug_info    0x0000006b      0x1f8 /opt/wonderful/thirdparty/blocksds/core/libs/libnds/lib/libnds9.a(crt0_argv.c.o)
 .debug_info    0x00000263      0x96f /opt/wonderful/thirdparty/blocksds/core/libs/libnds/lib/libnds9.a(video.c.o)
 .debug_info    0x00000bd2       0x5f /opt/wonderful/thirdparty/blocksds/core/libs/libnds/lib/libnds9.a(securearea.c.o)
 .debug_info    0x00000c31      0x74b /opt/wonderful/thirdparty/blocksds/core/libs/libnds/lib/libnds9.a(keys.c.o)
 .debug_info    0x0000137c      0x849 /opt/wonderful/thirdparty/blocksds/core/libs/libnds/lib/libnds9.a(initSystem.c.o)
 .debug_info    0x00001bc5      0x367 /opt/wonderful/thirdparty/blocksds/core/libs/libnds/lib/libnds9.a(cache.c.o)
 .debug_info    0x00001f2c      0xc93 /opt/wonderful/thirdparty/blocksds/core/libs/libnds/lib/libnds9.a(exceptions.c.o)
 .debug_info    0x00002bbf     0x2a13 /opt/wonderful/thirdparty/blocksds/core/libs/libnds/lib/libnds9.a(console.c.o)
 .debug_info    0x000055d2     0x5267 /opt/wonderful/thirdparty/blocksds/core/libs/libnds/lib/libnds9.a(dlmalloc.c.o)
 .debug_info    0x0000a839      0x65e /opt/wonderful/thirdparty/blocksds/core/libs/libnds/lib/libnds9.a(exit.c.o)
 .debug_info    0x0000ae97      0x121 /opt/wonderful/thirdparty/blocksds/core/libs/libnds/lib/libnds9.a(sbrk.c.o)
 .debug_info    0x0000afb8      0x1d4 /opt/wonderful/thirdparty/blocksds/core/libs/libnds/lib/libnds9.a(heapfuncs.c.o)
 .debug_info    0x0000b18c      0x16f /opt/wonderful/thirdparty/blocksds/core/libs/libnds/lib/libnds9.a(swiIntrWait.c.o)
 .debug_info    0x0000b2fb     0x1404 /opt/wonderful/thirdparty/blocksds/core/libs/libnds/lib/libnds9.a(threads.c.o)
 .debug_info    0x0000c6ff      0x332 /opt/wonderful/thirdparty/blocksds/core/libs/libnds/lib/libnds9.a(coroutine.c.o)
 .debug_info    0x0000ca31      0x5ce /opt/wonderful/thirdparty/blocksds/core/libs/libnds/lib/libnds9.a(interrupts.c.o)
 .debug_info    0x0000cfff     0x25ec /opt/wonderful/thirdparty/blocksds/core/libs/libnds/lib/libnds9.a(fifosystem.c.o)
 .debug_info    0x0000f5eb      0x3e6 /opt/wonderful/thirdparty/blocksds/core/libs/libnds/lib/libnds9.a(exceptions.c.o)
 .debug_info    0x0000f9d1       0x58 /opt/wonderful/thirdparty/blocksds/core/libs/libnds/lib/libnds9.a(default_font.png.o)
 .debug_info    0x0000fa29       0x24 /opt/wonderful/thirdparty/blocksds/core/libs/libnds/lib/libnds9.a(cpu_clock.s.o)
 .debug_info    0x0000fa4d       0x23 /opt/wonderful/thirdparty/blocksds/core/libs/libnds/lib/libnds9.a(dma.s.o)
 .debug_info    0x0000fa70       0x24 /opt/wonderful/thirdparty/blocksds/core/libs/libnds/lib/libnds9.a(aeabi_read_tp.s.o)
 .debug_info    0x0000fa94       0x23 /opt/wonderful/thirdparty/blocksds/core/libs/libnds/lib/libnds9.a(memset.s.o)
 .debug_info    0x0000fab7       0x23 /opt/wonderful/thirdparty/blocksds/core/libs/libnds/lib/libnds9.a(coroutine.s.o)
 .debug_info    0x0000fada       0x23 /opt/wonderful/thirdparty/blocksds/core/libs/libnds/lib/libnds9.a(memcpy.s.o)
 .debug_info    0x0000fafd       0x25 /opt/wonderful/thirdparty/blocksds/core/libs/libnds/lib/libnds9.a(interruptDispatcher.s.o)
 .debug_info    0x0000fb22       0x23 /opt/wonderful/thirdparty/blocksds/core/libs/libnds/lib/libnds9.a(cpu.s.o)
 .debug_info    0x0000fb45       0x25 /opt/wonderful/thirdparty/blocksds/core/libs/libnds/lib/libnds9.a(exceptionHandler.s.o)
 .debug_info    0x0000fb6a      0xdc8 /opt/wonderful/thirdparty/blocksds/core/libs/libnds/lib/libnds9.a(std_streams.c.o)
 .debug_info    0x00010932     0x13bb /opt/wonderful/thirdparty/blocksds/core/libs/libnds/lib/libnds9.a(background.c.o)
 .debug_info    0x00011ced     0x1103 /opt/wonderful/thirdparty/blocksds/core/libs/libnds/lib/libnds9.a(system.c.o)
 .debug_info    0x00012df0      0x778 /opt/wonderful/thirdparty/blocksds/core/libs/libnds/lib/libnds9.a(trig.c.o)
 .debug_info    0x00013568      0x8f5 /opt/wonderful/thirdparty/blocksds/core/libs/libnds/lib/libnds9.a(locks.c.o)
 .debug_info    0x00013e5d      0x77b /opt/wonderful/thirdparty/blocksds/core/libs/libnds/lib/libnds9.a(sassert.c.o)
 .debug_info    0x000145d8     0x25c1 /opt/wonderful/thirdparty/blocksds/core/libs/libnds/lib/libnds9.a(syscalls_filesystem.c.o)
 .debug_info    0x00016b99       0x31 /opt/wonderful/toolchain/gcc-arm-none-eabi/lib/gcc/arm-none-eabi/16.1.1/../../../../arm-none-eabi/lib/thumb/arm946e-s/libc.a(strlen.S.o)
 .debug_info    0x00016bca       0x85 /opt/wonderful/toolchain/gcc-arm-none-eabi/lib/gcc/arm-none-eabi/16.1.1/../../../../arm-none-eabi/lib/thumb/arm946e-s/libc.a(libc_errno_errno.c.o)